***************************************************************************
*                       SPARC (version January 19, 2026)                 *
*   Copyright (c) 2020 Material Physics & Mechanics Group, Georgia Tech   *
*           Distributed under GNU General Public License 3 (GPL)          *
*                   Start time: Mon Sep 28 16:40:36 2026                  *
***************************************************************************
                           Input parameters                                
***************************************************************************
CELL: 7.653391 7.653391 7.653391 
LATVEC:
1.000000000000000 0.000000000000000 0.000000000000000 
0.000000000000000 1.000000000000000 0.000000000000000 
0.000000000000000 0.000000000000000 1.000000000000000 
FD_GRID: 11 11 11
FD_ORDER: 12
BC: P P P
KPOINT_GRID: 1 1 1
KPOINT_SHIFT: 0.5 0.5 0.5
SPIN_TYP: 0
ELEC_TEMP_TYPE: Fermi-Dirac
SMEARING: 0.001
EXCHANGE_CORRELATION: GGA_PBE
HUBBARD_FLAG: 0
NSTATES: 12
CHEB_DEGREE: 14
CHEFSI_BOUND_FLAG: 0
CALC_STRESS: 1
PLUMED_FLAG: 0
PLUMED_FILE: 
MAXIT_SCF: 100
MINIT_SCF: 2
MAXIT_POISSON: 3000
TOL_SCF: 1.00E-05
POISSON_SOLVER: AAR
TOL_POISSON: 1.00E-07
TOL_LANCZOS: 1.00E-02
TOL_PSEUDOCHARGE: 1.00E-08
MIXING_VARIABLE: density
MIXING_PRECOND: kerker
TOL_PRECOND: 4.84E-04
PRECOND_KERKER_KTF: 1
PRECOND_KERKER_THRESH: 0.1
MIXING_PARAMETER: 0.3
MIXING_HISTORY: 7
PULAY_FREQUENCY: 1
PULAY_RESTART: 0
REFERENCE_CUTOFF: 0.5
RHO_TRIGGER: 4
NUM_CHEFSI: 1
FIX_RAND: 1
VERBOSITY: 1
PRINT_FORCES: 1
PRINT_ATOMS: 1
PRINT_EIGEN: 0
PRINT_DENSITY: 0
PRINT_ENERGY_DENSITY: 0
OUTPUT_FILE: Al
***************************************************************************
                              Socket Mode                                  
***************************************************************************
SOCKET_HOST: localhost
SOCKET_PORT: 32421
SOCKET_INET: 1
SOCKET_MAX_NITER: 10000
***************************************************************************
                                Cell                                       
***************************************************************************
Lattice vectors (Bohr):
7.653391000000000 0.000000000000000 0.000000000000000 
0.000000000000000 7.653391000000000 0.000000000000000 
0.000000000000000 0.000000000000000 7.653391000000000 
Volume: 4.4829273833E+02 (Bohr^3)
Density: 2.4074928004E-01 (amu/Bohr^3), 2.6978058721E+00 (g/cc)
***************************************************************************
                           Parallelization                                 
***************************************************************************
NP_SPIN_PARAL: 1
NP_KPOINT_PARAL: 1
NP_BAND_PARAL: 4
NP_DOMAIN_PARAL: 1 1 1
NP_DOMAIN_PHI_PARAL: 1 1 1
EIG_SERIAL_MAXNS: 1500
***************************************************************************
                             Initialization                                
***************************************************************************
Number of processors               :  4
Mesh spacing                       :  0.695763 (Bohr)
Number of symmetry adapted k-points:  1
Output printed to                  :  Al.out
Total number of atom types         :  1
Total number of atoms              :  4
Total number of electrons          :  12
Atom type 1  (valence electrons)   :  Al 3
Pseudopotential                    :  13_Al_3_1.9_1.9_pbe_n_v1.0.psp8
Atomic mass                        :  26.9815385
Pseudocharge radii of atom type 1  :  9.04 9.04 9.04 (x, y, z dir)
Number of atoms of type 1          :  4
Estimated total memory usage       :  2.20 MB
Estimated memory per processor     :  564.19 kB
***************************************************************************
                         Reinitialized parameters                          
***************************************************************************
CELL: 7.6533908081042 7.6533908081042 7.6533908081042 
CHEB_DEGREE: 14
***************************************************************************
                             Reinitialization                              
***************************************************************************
Mesh spacing                       :  0.695763 (Bohr)
===================================================================
                    Self Consistent Field (SCF#1)                     
===================================================================
Iteration     Free Energy (Ha/atom)   SCF Error        Timing (sec)
1            -2.3351882817E+00        2.256E-01        0.050
2            -2.3348734397E+00        2.098E-01        0.033
3            -2.3333502155E+00        1.358E-01        0.086
4            -2.3335878030E+00        1.829E-01        0.030
5            -2.3325730738E+00        9.700E-02        0.028
6            -2.3324948247E+00        6.012E-02        0.073
7            -2.3326534868E+00        1.071E-01        0.045
8            -2.3324336439E+00        1.433E-02        0.029
9            -2.3324304356E+00        1.502E-02        0.044
10           -2.3324265518E+00        8.102E-03        0.019
11           -2.3324269119E+00        1.057E-02        0.010
12           -2.3324258891E+00        6.397E-03        0.041
13           -2.3324251341E+00        2.076E-03        0.019
14           -2.3324250651E+00        6.816E-04        0.027
15           -2.3324250869E+00        1.135E-03        0.012
16           -2.3324250551E+00        3.645E-04        0.020
17           -2.3324250889E+00        2.519E-04        0.015
18           -2.3324250814E+00        2.953E-04        0.011
19           -2.3324250956E+00        4.206E-04        0.032
20           -2.3324250770E+00        2.697E-04        0.011
21           -2.3324250849E+00        6.930E-05        0.014
22           -2.3324250761E+00        1.309E-04        0.012
23           -2.3324250627E+00        4.646E-05        0.011
24           -2.3324250827E+00        3.570E-05        0.020
25           -2.3324250712E+00        1.633E-05        0.012
26           -2.3324250707E+00        1.411E-05        0.008
27           -2.3324250671E+00        1.015E-05        0.013
28           -2.3324250615E+00        6.670E-06        0.013
Total number of SCF: 28    
====================================================================
                    Energy and force calculation                    
====================================================================
Free energy per atom               : -2.3324250615E+00 (Ha/atom)
Total free energy                  : -9.3297002461E+00 (Ha)
Band structure energy              :  2.7735477633E-01 (Ha)
Exchange correlation energy        : -4.3431918999E+00 (Ha)
Self and correction energy         : -1.2497908030E+01 (Ha)
-Entropy*kb*T                      : -6.4573351628E-03 (Ha)
Fermi level                        :  2.5594873768E-02 (Ha)
RMS force                          :  2.0129119998E-06 (Ha/Bohr)
Maximum force                      :  2.0618345241E-06 (Ha/Bohr)
Time for force calculation         :  0.092 (sec)
Pressure                           : -9.8648706838E+00 (GPa)
Maximum stress                     :  9.8648748822E+00 (GPa)
Time for stress calculation        :  0.108 (sec)
***************************************************************************
                         Reinitialized parameters                          
***************************************************************************
CELL: 7.6533908081042 7.6533908081042 7.6533908081042 
CHEB_DEGREE: 14
***************************************************************************
                             Reinitialization                              
***************************************************************************
Mesh spacing                       :  0.695763 (Bohr)
===================================================================
                    Self Consistent Field (SCF#2)                     
===================================================================
Iteration     Free Energy (Ha/atom)   SCF Error        Timing (sec)
1            -2.3326385580E+00        1.099E-01        0.032
2            -2.3349267515E+00        2.584E-01        0.020
3            -2.3325922363E+00        9.997E-02        0.017
4            -2.3324729344E+00        4.805E-02        0.036
5            -2.3324416821E+00        2.514E-02        0.039
6            -2.3324350329E+00        1.474E-02        0.238
7            -2.3324323424E+00        6.614E-03        0.173
8            -2.3324321942E+00        6.303E-03        0.089
9            -2.3324320217E+00        5.525E-03        0.076
10           -2.3324315960E+00        2.793E-03        0.099
11           -2.3324314945E+00        1.206E-03        0.065
12           -2.3324314526E+00        6.880E-04        0.085
13           -2.3324314619E+00        2.378E-04        0.079
14           -2.3324314489E+00        3.739E-04        0.081
15           -2.3324314805E+00        1.772E-04        0.069
16           -2.3324314278E+00        1.094E-04        0.075
17           -2.3324314675E+00        3.621E-05        0.039
18           -2.3324314756E+00        3.796E-05        0.043
19           -2.3324314557E+00        2.459E-05        0.087
20           -2.3324314658E+00        3.047E-05        0.139
21           -2.3324314162E+00        2.936E-05        0.101
22           -2.3324314362E+00        1.040E-05        0.074
23           -2.3324314653E+00        1.020E-05        0.050
24           -2.3324314618E+00        6.648E-06        0.053
Total number of SCF: 24    
====================================================================
                    Energy and force calculation                    
====================================================================
Free energy per atom               : -2.3324314618E+00 (Ha/atom)
Total free energy                  : -9.3297258471E+00 (Ha)
Band structure energy              :  2.7733651645E-01 (Ha)
Exchange correlation energy        : -4.3432022439E+00 (Ha)
Self and correction energy         : -1.2497908133E+01 (Ha)
-Entropy*kb*T                      : -6.4548051104E-03 (Ha)
Fermi level                        :  2.5596268066E-02 (Ha)
RMS force                          :  7.3071867965E-04 (Ha/Bohr)
Maximum force                      :  8.2747204600E-04 (Ha/Bohr)
Time for force calculation         :  0.074 (sec)
Pressure                           : -9.8774638991E+00 (GPa)
Maximum stress                     :  9.8827020314E+00 (GPa)
Time for stress calculation        :  0.124 (sec)
***************************************************************************
                         Reinitialized parameters                          
***************************************************************************
CELL: 7.6533908081042 7.6533908081042 7.6533908081042 
CHEB_DEGREE: 14
***************************************************************************
                             Reinitialization                              
***************************************************************************
Mesh spacing                       :  0.695763 (Bohr)
===================================================================
                    Self Consistent Field (SCF#3)                     
===================================================================
Iteration     Free Energy (Ha/atom)   SCF Error        Timing (sec)
1            -2.3326605557E+00        1.101E-01        0.146
2            -2.3349628046E+00        2.608E-01        0.206
3            -2.3326051257E+00        9.786E-02        0.168
4            -2.3324897694E+00        4.705E-02        0.108
5            -2.3324601071E+00        2.463E-02        0.031
6            -2.3324539153E+00        1.490E-02        0.066
7            -2.3324511247E+00        6.524E-03        0.055
8            -2.3324509894E+00        6.282E-03        0.038
9            -2.3324508251E+00        5.549E-03        0.017
10           -2.3324503861E+00        2.780E-03        0.026
11           -2.3324502913E+00        1.323E-03        0.017
12           -2.3324502488E+00        6.716E-04        0.029
13           -2.3324502938E+00        2.583E-04        0.018
14           -2.3324502454E+00        3.131E-04        0.014
15           -2.3324502726E+00        2.061E-04        0.016
16           -2.3324502231E+00        1.092E-04        0.019
17           -2.3324502534E+00        5.170E-05        0.025
18           -2.3324502657E+00        4.298E-05        0.078
19           -2.3324502430E+00        2.453E-05        0.105
20           -2.3324502606E+00        2.588E-05        0.024
21           -2.3324502382E+00        2.759E-05        0.088
22           -2.3324502533E+00        1.524E-05        0.103
23           -2.3324502694E+00        8.212E-06        0.060
Total number of SCF: 23    
====================================================================
                    Energy and force calculation                    
====================================================================
Free energy per atom               : -2.3324502694E+00 (Ha/atom)
Total free energy                  : -9.3298010778E+00 (Ha)
Band structure energy              :  2.7728472908E-01 (Ha)
Exchange correlation energy        : -4.3432362567E+00 (Ha)
Self and correction energy         : -1.2497908348E+01 (Ha)
-Entropy*kb*T                      : -6.4471897164E-03 (Ha)
Fermi level                        :  2.5600770150E-02 (Ha)
RMS force                          :  1.4805647261E-03 (Ha/Bohr)
Maximum force                      :  1.7060614580E-03 (Ha/Bohr)
Time for force calculation         :  0.084 (sec)
Pressure                           : -9.9143529337E+00 (GPa)
Maximum stress                     :  9.9361005713E+00 (GPa)
Time for stress calculation        :  0.119 (sec)
***************************************************************************
                         Reinitialized parameters                          
***************************************************************************
CELL: 7.6533908081042 7.6533908081042 7.6533908081042 
CHEB_DEGREE: 14
***************************************************************************
                             Reinitialization                              
***************************************************************************
Mesh spacing                       :  0.695763 (Bohr)
===================================================================
                    Self Consistent Field (SCF#4)                     
===================================================================
Iteration     Free Energy (Ha/atom)   SCF Error        Timing (sec)
1            -2.3326957704E+00        1.102E-01        0.039
2            -2.3350039315E+00        2.629E-01        0.094
3            -2.3326303842E+00        9.528E-02        0.070
4            -2.3325195006E+00        4.582E-02        0.062
5            -2.3324917259E+00        2.412E-02        0.077
6            -2.3324859816E+00        1.507E-02        0.091
7            -2.3324830900E+00        6.502E-03        0.094
8            -2.3324829501E+00        6.253E-03        0.136
9            -2.3324827943E+00        5.556E-03        0.069
10           -2.3324823382E+00        2.709E-03        0.024
11           -2.3324822551E+00        1.427E-03        0.016
12           -2.3324822138E+00        6.555E-04        0.018
13           -2.3324822491E+00        2.691E-04        0.025
14           -2.3324822080E+00        3.288E-04        0.091
15           -2.3324822279E+00        9.972E-05        0.099
16           -2.3324822104E+00        1.284E-04        0.033
17           -2.3324822154E+00        6.862E-05        0.035
18           -2.3324822253E+00        2.523E-05        0.020
19           -2.3324822059E+00        2.572E-05        0.069
20           -2.3324822204E+00        3.176E-05        0.094
21           -2.3324821789E+00        2.443E-05        0.071
22           -2.3324822170E+00        1.468E-05        0.050
23           -2.3324822301E+00        7.977E-06        0.010
Total number of SCF: 23    
====================================================================
                    Energy and force calculation                    
====================================================================
Free energy per atom               : -2.3324822301E+00 (Ha/atom)
Total free energy                  : -9.3299289205E+00 (Ha)
Band structure energy              :  2.7719634566E-01 (Ha)
Exchange correlation energy        : -4.3432925262E+00 (Ha)
Self and correction energy         : -1.2497908724E+01 (Ha)
-Entropy*kb*T                      : -6.4346718567E-03 (Ha)
Fermi level                        :  2.5608163138E-02 (Ha)
RMS force                          :  2.2342140326E-03 (Ha/Bohr)
Maximum force                      :  2.5799885467E-03 (Ha/Bohr)
Time for force calculation         :  0.078 (sec)
Pressure                           : -9.9734541790E+00 (GPa)
Maximum stress                     :  1.0020759409E+01 (GPa)
Time for stress calculation        :  0.108 (sec)
***************************************************************************
                         Reinitialized parameters                          
***************************************************************************
CELL: 7.6533908081042 7.6533908081042 7.6533908081042 
CHEB_DEGREE: 14
***************************************************************************
                             Reinitialization                              
***************************************************************************
Mesh spacing                       :  0.695763 (Bohr)
===================================================================
                    Self Consistent Field (SCF#5)                     
===================================================================
Iteration     Free Energy (Ha/atom)   SCF Error        Timing (sec)
1            -2.3327471012E+00        1.107E-01        0.119
2            -2.3350696484E+00        2.653E-01        0.140
3            -2.3326715062E+00        9.325E-02        0.112
4            -2.3325631815E+00        4.472E-02        0.172
5            -2.3325370468E+00        2.369E-02        0.145
6            -2.3325317014E+00        1.530E-02        0.069
7            -2.3325286790E+00        6.507E-03        0.036
8            -2.3325285349E+00        6.260E-03        0.021
9            -2.3325283813E+00        5.572E-03        0.042
10           -2.3325279048E+00        2.634E-03        0.090
11           -2.3325278336E+00        1.526E-03        0.106
12           -2.3325277944E+00        6.535E-04        0.026
13           -2.3325278204E+00        3.120E-04        0.017
14           -2.3325277825E+00        3.082E-04        0.013
15           -2.3325277958E+00        1.155E-04        0.013
16           -2.3325278011E+00        1.294E-04        0.017
17           -2.3325277895E+00        8.080E-05        0.021
18           -2.3325277967E+00        2.562E-05        0.014
19           -2.3325277795E+00        2.685E-05        0.038
20           -2.3325277922E+00        2.659E-05        0.025
21           -2.3325277537E+00        2.185E-05        0.115
22           -2.3325277911E+00        1.621E-05        0.120
23           -2.3325278045E+00        8.760E-06        0.070
Total number of SCF: 23    
====================================================================
                    Energy and force calculation                    
====================================================================
Free energy per atom               : -2.3325278045E+00 (Ha/atom)
Total free energy                  : -9.3301112179E+00 (Ha)
Band structure energy              :  2.7707046135E-01 (Ha)
Exchange correlation energy        : -4.3433711130E+00 (Ha)
Self and correction energy         : -1.2497909207E+01 (Ha)
-Entropy*kb*T                      : -6.4175789895E-03 (Ha)
Fermi level                        :  2.5618326389E-02 (Ha)
RMS force                          :  2.9960779270E-03 (Ha/Bohr)
Maximum force                      :  3.4589001608E-03 (Ha/Bohr)
Time for force calculation         :  0.087 (sec)
Pressure                           : -1.0050874953E+01 (GPa)
Maximum stress                     :  1.0129912199E+01 (GPa)
Time for stress calculation        :  0.124 (sec)
***************************************************************************
                         Reinitialized parameters                          
***************************************************************************
CELL: 7.6533908081042 7.6533908081042 7.6533908081042 
CHEB_DEGREE: 14
***************************************************************************
                             Reinitialization                              
***************************************************************************
Mesh spacing                       :  0.695763 (Bohr)
===================================================================
                    Self Consistent Field (SCF#6)                     
===================================================================
Iteration     Free Energy (Ha/atom)   SCF Error        Timing (sec)
1            -2.3328151805E+00        1.117E-01        0.155
2            -2.3351592493E+00        2.680E-01        0.112
3            -2.3327288133E+00        9.174E-02        0.086
4            -2.3326212839E+00        4.372E-02        0.077
5            -2.3325965883E+00        2.330E-02        0.183
6            -2.3325916039E+00        1.557E-02        0.105
7            -2.3325884253E+00        6.523E-03        0.145
8            -2.3325882773E+00        6.288E-03        0.081
9            -2.3325881226E+00        5.599E-03        0.088
10           -2.3325876214E+00        2.556E-03        0.084
11           -2.3325875616E+00        1.616E-03        0.013
12           -2.3325875224E+00        6.600E-04        0.013
13           -2.3325875393E+00        3.652E-04        0.008
14           -2.3325875235E+00        3.020E-04        0.019
15           -2.3325875161E+00        1.254E-04        0.043
16           -2.3325875341E+00        1.261E-04        0.008
17           -2.3325875283E+00        8.425E-05        0.011
18           -2.3325875165E+00        2.379E-05        0.014
19           -2.3325875037E+00        2.576E-05        0.013
20           -2.3325875135E+00        2.548E-05        0.011
21           -2.3325874797E+00        2.093E-05        0.031
22           -2.3325875147E+00        1.534E-05        0.019
23           -2.3325875281E+00        8.413E-06        0.006
Total number of SCF: 23    
====================================================================
                    Energy and force calculation                    
====================================================================
Free energy per atom               : -2.3325875281E+00 (Ha/atom)
Total free energy                  : -9.3303501125E+00 (Ha)
Band structure energy              :  2.7690640105E-01 (Ha)
Exchange correlation energy        : -4.3434721580E+00 (Ha)
Self and correction energy         : -1.2497909747E+01 (Ha)
-Entropy*kb*T                      : -6.3964233428E-03 (Ha)
Fermi level                        :  2.5631079947E-02 (Ha)
RMS force                          :  3.7716944238E-03 (Ha/Bohr)
Maximum force                      :  4.3511587572E-03 (Ha/Bohr)
Time for force calculation         :  0.076 (sec)
Pressure                           : -1.0141472467E+01 (GPa)
Maximum stress                     :  1.0255015341E+01 (GPa)
Time for stress calculation        :  0.108 (sec)
***************************************************************************
                         Reinitialized parameters                          
***************************************************************************
CELL: 7.6533908081042 7.6533908081042 7.6533908081042 
CHEB_DEGREE: 14
***************************************************************************
                             Reinitialization                              
***************************************************************************
Mesh spacing                       :  0.695763 (Bohr)
===================================================================
                    Self Consistent Field (SCF#7)                     
===================================================================
Iteration     Free Energy (Ha/atom)   SCF Error        Timing (sec)
1            -2.3329005791E+00        1.130E-01        0.026
2            -2.3352712157E+00        2.709E-01        0.020
3            -2.3328025443E+00        9.065E-02        0.033
4            -2.3326942807E+00        4.278E-02        0.017
5            -2.3326708915E+00        2.293E-02        0.033
6            -2.3326662531E+00        1.587E-02        0.013
7            -2.3326628990E+00        6.539E-03        0.057
8            -2.3326627471E+00        6.327E-03        0.015
9            -2.3326625869E+00        5.622E-03        0.036
10           -2.3326620591E+00        2.475E-03        0.019
11           -2.3326620104E+00        1.694E-03        0.010
12           -2.3326619710E+00        6.742E-04        0.021
13           -2.3326619759E+00        4.283E-04        0.019
14           -2.3326619581E+00        3.099E-04        0.015
15           -2.3326619597E+00        1.400E-04        0.013
16           -2.3326619818E+00        1.275E-04        0.014
17           -2.3326619557E+00        9.288E-05        0.011
18           -2.3326619607E+00        2.329E-05        0.015
19           -2.3326619518E+00        1.894E-05        0.013
20           -2.3326619575E+00        2.152E-05        0.014
21           -2.3326619491E+00        1.708E-05        0.031
22           -2.3326619646E+00        1.456E-05        0.034
23           -2.3326619727E+00        8.230E-06        0.036
Total number of SCF: 23    
====================================================================
                    Energy and force calculation                    
====================================================================
Free energy per atom               : -2.3326619727E+00 (Ha/atom)
Total free energy                  : -9.3306478906E+00 (Ha)
Band structure energy              :  2.7670407787E-01 (Ha)
Exchange correlation energy        : -4.3435962056E+00 (Ha)
Self and correction energy         : -1.2497910430E+01 (Ha)
-Entropy*kb*T                      : -6.3718451398E-03 (Ha)
Fermi level                        :  2.5646223854E-02 (Ha)
RMS force                          :  4.5668522753E-03 (Ha/Bohr)
Maximum force                      :  5.2652732781E-03 (Ha/Bohr)
Time for force calculation         :  0.077 (sec)
Pressure                           : -1.0239118937E+01 (GPa)
Maximum stress                     :  1.0386155280E+01 (GPa)
Time for stress calculation        :  0.105 (sec)
***************************************************************************
                         Reinitialized parameters                          
***************************************************************************
CELL: 7.6533908081042 7.6533908081042 7.6533908081042 
CHEB_DEGREE: 14
***************************************************************************
                             Reinitialization                              
***************************************************************************
Mesh spacing                       :  0.695763 (Bohr)
===================================================================
                    Self Consistent Field (SCF#8)                     
===================================================================
Iteration     Free Energy (Ha/atom)   SCF Error        Timing (sec)
1            -2.3330039337E+00        1.146E-01        0.035
2            -2.3354030132E+00        2.740E-01        0.010
3            -2.3328930260E+00        8.985E-02        0.048
4            -2.3327828554E+00        4.183E-02        0.049
5            -2.3327606744E+00        2.252E-02        0.019
6            -2.3327563849E+00        1.618E-02        0.015
7            -2.3327528469E+00        6.552E-03        0.015
8            -2.3327526897E+00        6.364E-03        0.016
9            -2.3327525185E+00        5.628E-03        0.100
10           -2.3327519645E+00        2.386E-03        0.011
11           -2.3327519269E+00        1.754E-03        0.019
12           -2.3327518891E+00        6.933E-04        0.009
13           -2.3327518828E+00        4.977E-04        0.014
14           -2.3327518740E+00        3.297E-04        0.012
15           -2.3327518731E+00        1.577E-04        0.016
16           -2.3327518945E+00        1.454E-04        0.018
17           -2.3327518692E+00        1.056E-04        0.013
18           -2.3327518746E+00        2.350E-05        0.045
19           -2.3327518434E+00        1.712E-05        0.011
20           -2.3327518710E+00        2.153E-05        0.007
21           -2.3327518763E+00        1.629E-05        0.011
22           -2.3327518643E+00        1.599E-05        0.016
23           -2.3327518841E+00        7.587E-06        0.080
Total number of SCF: 23    
====================================================================
                    Energy and force calculation                    
====================================================================
Free energy per atom               : -2.3327518841E+00 (Ha/atom)
Total free energy                  : -9.3310075362E+00 (Ha)
Band structure energy              :  2.7646303156E-01 (Ha)
Exchange correlation energy        : -4.3437442082E+00 (Ha)
Self and correction energy         : -1.2497911184E+01 (Ha)
-Entropy*kb*T                      : -6.3445545946E-03 (Ha)
Fermi level                        :  2.5663475158E-02 (Ha)
RMS force                          :  5.3839735794E-03 (Ha/Bohr)
Maximum force                      :  6.2027589628E-03 (Ha/Bohr)
Time for force calculation         :  0.075 (sec)
Pressure                           : -1.0337194433E+01 (GPa)
Maximum stress                     :  1.0512531302E+01 (GPa)
Time for stress calculation        :  0.102 (sec)
***************************************************************************
                         Reinitialized parameters                          
***************************************************************************
CELL: 7.6533908081042 7.6533908081042 7.6533908081042 
CHEB_DEGREE: 14
***************************************************************************
                             Reinitialization                              
***************************************************************************
Mesh spacing                       :  0.695763 (Bohr)
===================================================================
                    Self Consistent Field (SCF#9)                     
===================================================================
Iteration     Free Energy (Ha/atom)   SCF Error        Timing (sec)
1            -2.3331264682E+00        1.165E-01        0.020
2            -2.3355532946E+00        2.772E-01        0.016
3            -2.3330012623E+00        8.929E-02        0.013
4            -2.3328881541E+00        4.087E-02        0.027
5            -2.3328670942E+00        2.205E-02        0.023
6            -2.3328631608E+00        1.649E-02        0.009
7            -2.3328594450E+00        6.563E-03        0.016
8            -2.3328592799E+00        6.396E-03        0.018
9            -2.3328590902E+00        5.607E-03        0.024
10           -2.3328585131E+00        2.289E-03        0.020
11           -2.3328584863E+00        1.799E-03        0.021
12           -2.3328584505E+00        7.143E-04        0.013
13           -2.3328584365E+00        5.678E-04        0.049
14           -2.3328584386E+00        3.587E-04        0.012
15           -2.3328584315E+00        1.792E-04        0.014
16           -2.3328584222E+00        1.831E-04        0.015
17           -2.3328584268E+00        1.232E-04        0.009
18           -2.3328584334E+00        2.492E-05        0.019
19           -2.3328583988E+00        1.872E-05        0.015
20           -2.3328584274E+00        2.384E-05        0.009
21           -2.3328584256E+00        1.569E-05        0.023
22           -2.3328584099E+00        1.720E-05        0.023
23           -2.3328584405E+00        7.245E-06        0.008
Total number of SCF: 23    
====================================================================
                    Energy and force calculation                    
====================================================================
Free energy per atom               : -2.3328584405E+00 (Ha/atom)
Total free energy                  : -9.3314337618E+00 (Ha)
Band structure energy              :  2.7618136320E-01 (Ha)
Exchange correlation energy        : -4.3439173921E+00 (Ha)
Self and correction energy         : -1.2497911976E+01 (Ha)
-Entropy*kb*T                      : -6.3151604284E-03 (Ha)
Fermi level                        :  2.5682539899E-02 (Ha)
RMS force                          :  6.2258920882E-03 (Ha/Bohr)
Maximum force                      :  7.1647405995E-03 (Ha/Bohr)
Time for force calculation         :  0.087 (sec)
Pressure                           : -1.0429470231E+01 (GPa)
Maximum stress                     :  1.0623889585E+01 (GPa)
Time for stress calculation        :  0.100 (sec)
***************************************************************************
                               Timing info                                 
***************************************************************************
Total walltime                     :  14.418 sec
___________________________________________________________________________

***************************************************************************
*             Material Physics & Mechanics Group, Georgia Tech            *
*                       PI: Phanish Suryanarayana                         *
*               List of contributors: See the documentation               *
*         Citation: See README.md or the documentation for details        *
*  Acknowledgements: U.S. DOE SC (DE-SC0019410), U.S. DOE NNSA (ASC)      *
*      {Preliminary developments: U.S. NSF (1333500,1663244,1553212)}     *
***************************************************************************
                                                                           
