***************************************************************************
*                           SPARC (Oct 16, 2019)                          *
*   Copyright (c) 2019 Material Physics & Mechanics Group, Georgia Tech   *
*           Distributed under GNU General Public License 3 (GPL)          *
*                 Start time: Wed Nov 13 16:19:13 2019                    *
***************************************************************************
                           Input parameters                                
***************************************************************************
CELL: 7.08647297188848 7.08647297188848 11.4729997414875 
LATVEC:
1 0 0 
-0.5 0.866025403784439 0 
0 0 1 
FD_GRID: 9 9 17
FD_ORDER: 12
BOUNDARY_CONDITION: 2
KPOINT_GRID: 2 2 2
KPOINT_SHIFT: 0 0 0
SPIN_TYP: 1
ELEC_TEMP_TYPE: Gaussian
SMEARING: 0.007349864496
CHEB_DEGREE: 14
NSTATES: 18
EXCHANGE_CORRELATION: LDA_PZ
CALC_STRESS: 1
CHEFSI_BOUND_FLAG: 0
MAXIT_SCF: 100
MINIT_SCF: 3
MAXIT_POISSON: 3000
TOL_SCF: 1.00E-03
TOL_POISSON: 1.00E-05
TOL_LANCZOS: 1.00E-02
TOL_PSEUDOCHARGE: 1.00E-05
MIXING_VARIABLE: density
MIXING_PRECOND: kerker
TOL_PRECOND: 5.53E-04
PRECOND_KERKER_KTF: 1.00
MIXING_PARAMETER: 0.3
MIXING_HISTORY: 7
PULAY_FREQUENCY: 1
PULAY_RESTART: 0
REFERENCE_CUTOFF: 0.5
RHO_TRIGGER: 4
FIX_RAND: 0
VERBOSITY: 1
PRINT_FORCES: 1
PRINT_ATOMS: 1
PRINT_EIGEN: 1
PRINT_DENSITY: 0
OUTPUT_FILE: La
***************************************************************************
                           Parallelization                                 
***************************************************************************
NP_SPIN_PARAL: 1
NP_KPOINT_PARAL: 1
NP_BAND_PARAL: 1
NP_DOMAIN_PARAL: 1 1 1
NP_DOMAIN_PHI_PARAL: 1 1 1
***************************************************************************
                             Initialization                                
***************************************************************************
Number of processors               :  1
Mesh spacing in x-direction        :  0.787386 (Bohr)
Mesh spacing in y-direction        :  0.787386 (Bohr)
Mesh spacing in z direction        :  0.674882 (Bohr)
Number of symmetry adapted k-points:  4
Output printed to                  :  La.out
Final eigenvalues printed to       :  La.eigen
Total number of atom types         :  1
Total number of atoms              :  2
Total number of electrons          :  22
Atom type 1  (valence electrons)   :  La 11
Pseudopotential                    :  ./La.pot
Pseudocharge radii of atom type 1  :  7.87 7.87 7.42 (x, y, z dir)
Number of atoms of type 1          :  2
Fractional coordinates of atoms of type 1     :
      0.0000000000       0.0000000000       0.0000000000
      0.3333333333       0.6666666667       0.5000000000
========================================================================================
                    Self Consistent Field (SCF#1)                     
========================================================================================
Iteration     Free Energy (Ha/atom)   SCF Error        Timing (sec)
1            -7.9581719874E+01        8.542E-01        1.148
2            -7.6211309789E+01        6.268E-01        0.289
3            -7.2556476997E+01        4.629E-01        0.276
4            -7.2256255318E+01        2.456E-01        0.275
5            -7.2244570885E+01        2.142E-01        0.275
6            -7.2201042204E+01        1.529E-01        0.290
7            -7.2241959915E+01        1.573E-01        0.285
8            -7.2230761222E+01        1.984E-01        0.292
9            -7.2300752363E+01        2.609E-01        0.293
10           -7.2231692061E+01        1.825E-01        0.296
11           -7.2207817319E+01        1.209E-01        0.283
12           -7.2177290560E+01        7.030E-02        0.286
13           -7.2196330267E+01        1.167E-01        0.291
14           -7.2171799848E+01        7.407E-02        0.297
15           -7.2165621952E+01        3.458E-02        0.290
16           -7.2183730326E+01        9.157E-02        0.291
17           -7.2164568679E+01        3.217E-02        0.295
18           -7.2179240827E+01        9.612E-02        0.278
19           -7.2352059756E+01        2.828E-01        0.276
20           -7.2226528672E+01        2.392E-01        0.289
21           -7.2492135265E+01        3.125E-01        0.290
22           -7.2173865209E+01        8.155E-02        0.294
23           -7.2172917203E+01        6.277E-02        0.296
24           -7.2169111543E+01        4.891E-02        0.296
25           -7.2167370021E+01        4.015E-02        0.273
26           -7.2164406119E+01        1.649E-02        0.291
27           -7.2163780535E+01        8.185E-03        0.292
28           -7.2163942152E+01        9.622E-03        0.294
29           -7.2163648554E+01        2.938E-03        0.294
30           -7.2163639372E+01        4.831E-03        0.297
31           -7.2163616744E+01        2.139E-03        0.298
32           -7.2163613767E+01        3.295E-04        0.271
Total number of SCF: 32    
====================================================================
                    Energy and force calculation                    
====================================================================
Free energy per atom               : -7.2163609021E+01 (Ha/atom)
Total free energy                  : -1.4432721804E+02 (Ha)
Band structure energy              : -6.5159753353E+01 (Ha)
Exchange correlation energy        : -1.3442370792E+01 (Ha)
Self and correction energy         : -8.8807847088E+01 (Ha)
Entropy*kb*T                       : -3.0014679483E-03 (Ha)
Fermi level                        : -4.0455026111E-02 (Ha)
Atomic forces (Ha/Bohr):
  1.7287718317E-02  -9.9660301297E-03   7.1137116142E-04
 -1.7287718317E-02   9.9660301297E-03  -7.1137116142E-04
RMS force                          :  1.9967298517E-02 (Ha/Bohr)
Maximum force                      :  1.9967298517E-02 (Ha/Bohr)
Time for force calculation         :  0.020 (sec)
Stress (GPa) : 
  1.2615014630E+04  -1.0414510830E+03   2.4782857560E-04 
 -1.0414510830E+03   1.1412457516E+04  -3.6802080459E-04 
  2.4782857560E-04  -3.6802080459E-04   9.1746522044E+03 
Pressure                           : -1.1067374783E+04 (GPa)
Maximum stress                     :  1.2615014630E+04 (GPa)
Time for stress calculation        :  0.068 (sec)
***************************************************************************
                               Timing info                                 
***************************************************************************
Total walltime                     :  10.232 sec
___________________________________________________________________________

***************************************************************************
*             Material Physics & Mechanics Group, Georgia Tech            *
*                       PI: Phanish Suryanarayana                         *
*                Main Developers: Qimen Xu, Abhiraj Sharma                *
*     Collaborators: John E. Pask (LLNL), Andrew J. Medford group (GT)    *
*  Acknowledgements: U.S. DOE (DE-SC0019410); U.S. NSF (1333500,1553212)  *
***************************************************************************
                                                                           
