***************************************************************************
*                           SPARC (Oct 16, 2019)                          *
*   Copyright (c) 2019 Material Physics & Mechanics Group, Georgia Tech   *
*           Distributed under GNU General Public License 3 (GPL)          *
*                 Start time: Wed Nov 13 15:53:17 2019                    *
***************************************************************************
                           Input parameters                                
***************************************************************************
CELL: 9.44863062918464 9.44863062918464 9.44863062918464 
LATVEC:
1 0 0 
0 1 0 
0 0 1 
FD_GRID: 25 25 25
FD_ORDER: 12
BOUNDARY_CONDITION: 4
KPOINT_GRID: 1 1 1
KPOINT_SHIFT: 0 0 0
SPIN_TYP: 1
ELEC_TEMP_TYPE: Gaussian
SMEARING: 0.007349864496
CHEB_DEGREE: 21
NSTATES: 11
EXCHANGE_CORRELATION: LDA_PZ
RELAX_FLAG: 1
RELAX_METHOD: FIRE
RELAX_NITER: 300
FIRE_dt: 1
FIRE_mass: 1
FIRE_maxmov: 0.2
CALC_STRESS: 0
CALC_PRES: 0
TWTIME: 1E+09
CHEFSI_BOUND_FLAG: 0
MAXIT_SCF: 100
MINIT_SCF: 3
MAXIT_POISSON: 3000
TOL_SCF: 8.56E-05
TOL_POISSON: 8.56E-07
TOL_LANCZOS: 1.00E-02
TOL_PSEUDOCHARGE: 8.56E-07
MIXING_VARIABLE: potential
MIXING_PRECOND: none
MIXING_PARAMETER: 0.35
MIXING_HISTORY: 7
PULAY_FREQUENCY: 1
PULAY_RESTART: 0
REFERENCE_CUTOFF: 0.5
RHO_TRIGGER: 4
FIX_RAND: 0
VERBOSITY: 1
PRINT_FORCES: 1
PRINT_ATOMS: 1
PRINT_EIGEN: 0
PRINT_DENSITY: 0
PRINT_VELS: 1
PRINT_RESTART: 1
PRINT_RESTART_FQ: 1
TOL_RELAX: 2.00E-03
PRINT_RELAXOUT: 0
OUTPUT_FILE: P2
***************************************************************************
                           Parallelization                                 
***************************************************************************
NP_SPIN_PARAL: 1
NP_KPOINT_PARAL: 1
NP_BAND_PARAL: 1
NP_DOMAIN_PARAL: 1 1 1
NP_DOMAIN_PHI_PARAL: 1 1 1
***************************************************************************
                             Initialization                                
***************************************************************************
Number of processors               :  1
Mesh spacing                       :  0.377945 (Bohr)
Number of symmetry adapted k-points:  1
Output printed to                  :  P2.out
Total number of atom types         :  1
Total number of atoms              :  2
Total number of electrons          :  10
Atom type 1  (valence electrons)   :  P 5
Pseudopotential                    :  ./P.pot
Pseudocharge radii of atom type 1  :  7.18 7.18 7.18 (x, y, z dir)
Number of atoms of type 1          :  2
========================================================================================
                    Self Consistent Field (SCF#1)                     
========================================================================================
Iteration     Free Energy (Ha/atom)   SCF Error        Timing (sec)
1            -6.4464024664E+00        9.078E-02        0.361
2            -6.4604136050E+00        3.787E-02        0.124
3            -6.4622160380E+00        8.806E-03        0.112
4            -6.4622503577E+00        4.837E-03        0.101
5            -6.4622875479E+00        1.842E-03        0.097
6            -6.4623093131E+00        3.479E-04        0.095
7            -6.4623127333E+00        1.818E-04        0.093
8            -6.4622953750E+00        1.093E-04        0.076
9            -6.4622954945E+00        6.151E-05        0.079
Total number of SCF: 9     
====================================================================
                    Energy and force calculation                    
====================================================================
Free energy per atom               : -6.4622954945E+00 (Ha/atom)
Total free energy                  : -1.2924590989E+01 (Ha)
Band structure energy              : -2.8555997451E+00 (Ha)
Exchange correlation energy        : -3.2205979514E+00 (Ha)
Self and correction energy         : -8.1075579977E+01 (Ha)
Entropy*kb*T                       : -6.2693464183E-07 (Ha)
Fermi level                        : -7.6845300550E-02 (Ha)
RMS force                          :  1.1982465438E-01 (Ha/Bohr)
Maximum force                      :  1.1982465438E-01 (Ha/Bohr)
Time for force calculation         :  0.015 (sec)
========================================================================================
                    Self Consistent Field (SCF#2)                     
========================================================================================
Iteration     Free Energy (Ha/atom)   SCF Error        Timing (sec)
1            -6.4634575898E+00        3.249E-02        0.127
2            -6.4663875606E+00        1.066E-02        0.111
3            -6.4667492172E+00        8.040E-04        0.110
4            -6.4667500000E+00        2.413E-04        0.103
5            -6.4667489513E+00        8.014E-05        0.089
Total number of SCF: 5     
====================================================================
                    Energy and force calculation                    
====================================================================
Free energy per atom               : -6.4667489513E+00 (Ha/atom)
Total free energy                  : -1.2933497903E+01 (Ha)
Band structure energy              : -2.9243408659E+00 (Ha)
Exchange correlation energy        : -3.2403931107E+00 (Ha)
Self and correction energy         : -8.1161605542E+01 (Ha)
Entropy*kb*T                       : -5.4398029891E-07 (Ha)
Fermi level                        : -7.5063617994E-02 (Ha)
RMS force                          :  7.1693674793E-02 (Ha/Bohr)
Maximum force                      :  7.1693674793E-02 (Ha/Bohr)
Time for force calculation         :  0.015 (sec)
Relax step time                    :  0.617 (sec)
========================================================================================
                    Self Consistent Field (SCF#3)                     
========================================================================================
Iteration     Free Energy (Ha/atom)   SCF Error        Timing (sec)
1            -6.4507913921E+00        7.155E-02        0.131
2            -6.4648585654E+00        2.426E-02        0.118
3            -6.4668160115E+00        2.365E-03        0.112
4            -6.4668401142E+00        6.240E-04        0.104
5            -6.4668456250E+00        1.731E-04        0.099
6            -6.4668460433E+00        1.522E-04        0.088
7            -6.4668332596E+00        5.774E-05        0.086
Total number of SCF: 7     
====================================================================
                    Energy and force calculation                    
====================================================================
Free energy per atom               : -6.4668332596E+00 (Ha/atom)
Total free energy                  : -1.2933666519E+01 (Ha)
Band structure energy              : -3.0722669972E+00 (Ha)
Exchange correlation energy        : -3.2906445306E+00 (Ha)
Self and correction energy         : -8.1180318637E+01 (Ha)
Entropy*kb*T                       : -3.8863277816E-07 (Ha)
Fermi level                        : -6.9364657696E-02 (Ha)
RMS force                          :  7.9545459193E-02 (Ha/Bohr)
Maximum force                      :  7.9545459193E-02 (Ha/Bohr)
Time for force calculation         :  0.015 (sec)
Relax step time                    :  0.819 (sec)
========================================================================================
                    Self Consistent Field (SCF#4)                     
========================================================================================
Iteration     Free Energy (Ha/atom)   SCF Error        Timing (sec)
1            -6.4673860181E+00        1.952E-03        0.111
2            -6.4673924268E+00        1.268E-03        0.101
3            -6.4673870022E+00        1.382E-04        0.087
4            -6.4673887682E+00        2.336E-05        0.086
Total number of SCF: 4     
====================================================================
                    Energy and force calculation                    
====================================================================
Free energy per atom               : -6.4673887682E+00 (Ha/atom)
Total free energy                  : -1.2934777536E+01 (Ha)
Band structure energy              : -3.0614803185E+00 (Ha)
Exchange correlation energy        : -3.2865292936E+00 (Ha)
Self and correction energy         : -8.1190976441E+01 (Ha)
Entropy*kb*T                       : -3.9512821695E-07 (Ha)
Fermi level                        : -6.9914361282E-02 (Ha)
RMS force                          :  6.5265341816E-02 (Ha/Bohr)
Maximum force                      :  6.5265341816E-02 (Ha/Bohr)
Time for force calculation         :  0.015 (sec)
Relax step time                    :  0.452 (sec)
========================================================================================
                    Self Consistent Field (SCF#5)                     
========================================================================================
Iteration     Free Energy (Ha/atom)   SCF Error        Timing (sec)
1            -6.4683127950E+00        1.409E-03        0.114
2            -6.4683285200E+00        9.045E-04        0.106
3            -6.4683195406E+00        4.753E-04        0.091
4            -6.4683169224E+00        1.035E-04        0.088
5            -6.4683206629E+00        4.917E-05        0.085
Total number of SCF: 5     
====================================================================
                    Energy and force calculation                    
====================================================================
Free energy per atom               : -6.4683206629E+00 (Ha/atom)
Total free energy                  : -1.2936641326E+01 (Ha)
Band structure energy              : -3.0323511274E+00 (Ha)
Exchange correlation energy        : -3.2758856155E+00 (Ha)
Self and correction energy         : -8.1210564629E+01 (Ha)
Entropy*kb*T                       : -4.1143778422E-07 (Ha)
Fermi level                        : -7.1264746983E-02 (Ha)
RMS force                          :  3.0203478940E-02 (Ha/Bohr)
Maximum force                      :  3.0203478940E-02 (Ha/Bohr)
Time for force calculation         :  0.015 (sec)
Relax step time                    :  0.554 (sec)
========================================================================================
                    Self Consistent Field (SCF#6)                     
========================================================================================
Iteration     Free Energy (Ha/atom)   SCF Error        Timing (sec)
1            -6.4685538474E+00        6.382E-03        0.122
2            -6.4685848844E+00        4.104E-03        0.111
3            -6.4685722117E+00        2.221E-03        0.099
4            -6.4685765668E+00        9.325E-05        0.096
5            -6.4685812915E+00        3.358E-05        0.084
Total number of SCF: 5     
====================================================================
                    Energy and force calculation                    
====================================================================
Free energy per atom               : -6.4685812915E+00 (Ha/atom)
Total free energy                  : -1.2937162583E+01 (Ha)
Band structure energy              : -2.9940646919E+00 (Ha)
Exchange correlation energy        : -3.2627003680E+00 (Ha)
Self and correction energy         : -8.1214421060E+01 (Ha)
Entropy*kb*T                       : -4.5902736788E-07 (Ha)
Fermi level                        : -7.2745071193E-02 (Ha)
RMS force                          :  1.0028782088E-02 (Ha/Bohr)
Maximum force                      :  1.0028782088E-02 (Ha/Bohr)
Time for force calculation         :  0.014 (sec)
Relax step time                    :  0.580 (sec)
========================================================================================
                    Self Consistent Field (SCF#7)                     
========================================================================================
Iteration     Free Energy (Ha/atom)   SCF Error        Timing (sec)
1            -6.4685925225E+00        8.690E-04        0.101
2            -6.4685849610E+00        5.646E-04        0.085
3            -6.4685790884E+00        1.582E-05        0.083
Total number of SCF: 3     
====================================================================
                    Energy and force calculation                    
====================================================================
Free energy per atom               : -6.4685790884E+00 (Ha/atom)
Total free energy                  : -1.2937158177E+01 (Ha)
Band structure energy              : -2.9944436048E+00 (Ha)
Exchange correlation energy        : -3.2628320330E+00 (Ha)
Self and correction energy         : -8.1214501261E+01 (Ha)
Entropy*kb*T                       : -4.5866873437E-07 (Ha)
Fermi level                        : -7.2735110382E-02 (Ha)
RMS force                          :  9.6143311441E-03 (Ha/Bohr)
Maximum force                      :  9.6143311441E-03 (Ha/Bohr)
Time for force calculation         :  0.015 (sec)
Relax step time                    :  0.311 (sec)
========================================================================================
                    Self Consistent Field (SCF#8)                     
========================================================================================
Iteration     Free Energy (Ha/atom)   SCF Error        Timing (sec)
1            -6.4685860658E+00        2.589E-04        0.105
2            -6.4685887373E+00        1.441E-04        0.090
3            -6.4685903866E+00        6.641E-05        0.088
Total number of SCF: 3     
====================================================================
                    Energy and force calculation                    
====================================================================
Free energy per atom               : -6.4685903866E+00 (Ha/atom)
Total free energy                  : -1.2937180773E+01 (Ha)
Band structure energy              : -2.9953477983E+00 (Ha)
Exchange correlation energy        : -3.2631587873E+00 (Ha)
Self and correction energy         : -8.1214722924E+01 (Ha)
Entropy*kb*T                       : -4.5762734872E-07 (Ha)
Fermi level                        : -7.2687608414E-02 (Ha)
RMS force                          :  8.5744457906E-03 (Ha/Bohr)
Maximum force                      :  8.5744457906E-03 (Ha/Bohr)
Time for force calculation         :  0.015 (sec)
Relax step time                    :  0.340 (sec)
========================================================================================
                    Self Consistent Field (SCF#9)                     
========================================================================================
Iteration     Free Energy (Ha/atom)   SCF Error        Timing (sec)
1            -6.4686027982E+00        2.627E-04        0.107
2            -6.4685969343E+00        1.385E-04        0.093
3            -6.4685954843E+00        2.319E-05        0.089
Total number of SCF: 3     
====================================================================
                    Energy and force calculation                    
====================================================================
Free energy per atom               : -6.4685954843E+00 (Ha/atom)
Total free energy                  : -1.2937190969E+01 (Ha)
Band structure energy              : -2.9970229155E+00 (Ha)
Exchange correlation energy        : -3.2637327174E+00 (Ha)
Self and correction energy         : -8.1215036811E+01 (Ha)
Entropy*kb*T                       : -4.5593890713E-07 (Ha)
Fermi level                        : -7.2629595953E-02 (Ha)
RMS force                          :  6.9061699604E-03 (Ha/Bohr)
Maximum force                      :  6.9061699604E-03 (Ha/Bohr)
Time for force calculation         :  0.015 (sec)
Relax step time                    :  0.346 (sec)
========================================================================================
                    Self Consistent Field (SCF#10)                     
========================================================================================
Iteration     Free Energy (Ha/atom)   SCF Error        Timing (sec)
1            -6.4686089899E+00        1.740E-03        0.104
2            -6.4686026699E+00        1.115E-03        0.093
3            -6.4686017180E+00        6.146E-04        0.096
4            -6.4686033246E+00        1.499E-05        0.093
Total number of SCF: 4     
====================================================================
                    Energy and force calculation                    
====================================================================
Free energy per atom               : -6.4686033246E+00 (Ha/atom)
Total free energy                  : -1.2937206649E+01 (Ha)
Band structure energy              : -2.9992747960E+00 (Ha)
Exchange correlation energy        : -3.2644538160E+00 (Ha)
Self and correction energy         : -8.1215374956E+01 (Ha)
Entropy*kb*T                       : -4.5896486287E-07 (Ha)
Fermi level                        : -7.2547378020E-02 (Ha)
RMS force                          :  4.7654300909E-03 (Ha/Bohr)
Maximum force                      :  4.7654300909E-03 (Ha/Bohr)
Time for force calculation         :  0.015 (sec)
Relax step time                    :  0.446 (sec)
========================================================================================
                    Self Consistent Field (SCF#11)                     
========================================================================================
Iteration     Free Energy (Ha/atom)   SCF Error        Timing (sec)
1            -6.4686157393E+00        8.931E-04        0.106
2            -6.4686025914E+00        5.801E-04        0.086
3            -6.4686062189E+00        1.148E-04        0.090
4            -6.4686073455E+00        5.122E-06        0.083
Total number of SCF: 4     
====================================================================
                    Energy and force calculation                    
====================================================================
Free energy per atom               : -6.4686073455E+00 (Ha/atom)
Total free energy                  : -1.2937214691E+01 (Ha)
Band structure energy              : -3.0015611396E+00 (Ha)
Exchange correlation energy        : -3.2652615351E+00 (Ha)
Self and correction energy         : -8.1215668722E+01 (Ha)
Entropy*kb*T                       : -4.5682363154E-07 (Ha)
Fermi level                        : -7.2437943574E-02 (Ha)
RMS force                          :  2.2550886933E-03 (Ha/Bohr)
Maximum force                      :  2.2550886933E-03 (Ha/Bohr)
Time for force calculation         :  0.015 (sec)
Relax step time                    :  0.421 (sec)
========================================================================================
                    Self Consistent Field (SCF#12)                     
========================================================================================
Iteration     Free Energy (Ha/atom)   SCF Error        Timing (sec)
1            -6.4686113614E+00        1.657E-03        0.092
2            -6.4686077136E+00        1.078E-03        0.080
3            -6.4686111913E+00        2.366E-05        0.076
Total number of SCF: 3     
====================================================================
                    Energy and force calculation                    
====================================================================
Free energy per atom               : -6.4686111913E+00 (Ha/atom)
Total free energy                  : -1.2937222383E+01 (Ha)
Band structure energy              : -3.0041171681E+00 (Ha)
Exchange correlation energy        : -3.2661433531E+00 (Ha)
Self and correction energy         : -8.1215865686E+01 (Ha)
Entropy*kb*T                       : -4.5429311513E-07 (Ha)
Fermi level                        : -7.2333119149E-02 (Ha)
RMS force                          :  4.4944277852E-04 (Ha/Bohr)
Maximum force                      :  4.4944277852E-04 (Ha/Bohr)
Time for force calculation         :  0.014 (sec)
Relax step time                    :  0.304 (sec)
***************************************************************************
                               Timing info                                 
***************************************************************************
Total walltime                     :  6.431 sec
___________________________________________________________________________

***************************************************************************
*             Material Physics & Mechanics Group, Georgia Tech            *
*                       PI: Phanish Suryanarayana                         *
*                Main Developers: Qimen Xu, Abhiraj Sharma                *
*     Collaborators: John E. Pask (LLNL), Andrew J. Medford group (GT)    *
*  Acknowledgements: U.S. DOE (DE-SC0019410); U.S. NSF (1333500,1553212)  *
***************************************************************************
                                                                           
