***************************************************************************
*                           SPARC (Oct 16, 2019)                          *
*   Copyright (c) 2019 Material Physics & Mechanics Group, Georgia Tech   *
*           Distributed under GNU General Public License 3 (GPL)          *
*                 Start time: Wed Nov 13 15:53:10 2019                    *
***************************************************************************
                           Input parameters                                
***************************************************************************
CELL: 6.74632226923783 6.74632226923783 6.74632226923783 
LATVEC:
1 0 0 
0 1 0 
0 0 1 
FD_GRID: 10 10 10
FD_ORDER: 10
BOUNDARY_CONDITION: 2
KPOINT_GRID: 1 1 1
KPOINT_SHIFT: 0 0 0
SPIN_TYP: 1
ELEC_TEMP_TYPE: Gaussian
ELEC_TEMP: 100
CHEB_DEGREE: 15
NSTATES: 24
EXCHANGE_CORRELATION: LDA_PZ
CALC_STRESS: 0
CALC_PRES: 0
TWTIME: 1E+09
MD_FLAG: 1
MD_METHOD: NVT_NH
MD_TIMESTEP: 1
MD_NSTEP: 5
ION_ELEC_EQT: 1
ION_VEL_DSTR: 2
ION_TEMP: 100
ION_TEMP_END: 100
QMASS: 1
CHEFSI_BOUND_FLAG: 0
MAXIT_SCF: 100
MINIT_SCF: 3
MAXIT_POISSON: 3000
TOL_SCF: 1.00E-03
TOL_POISSON: 1.00E-05
TOL_LANCZOS: 1.00E-02
TOL_PSEUDOCHARGE: 1.00E-05
MIXING_VARIABLE: potential
MIXING_PRECOND: none
MIXING_PARAMETER: 0.3
MIXING_HISTORY: 7
PULAY_FREQUENCY: 1
PULAY_RESTART: 0
REFERENCE_CUTOFF: 0.5
RHO_TRIGGER: 4
FIX_RAND: 0
VERBOSITY: 1
PRINT_FORCES: 1
PRINT_ATOMS: 1
PRINT_EIGEN: 0
PRINT_DENSITY: 0
PRINT_MDOUT: 1
PRINT_VELS: 1
PRINT_RESTART: 1
PRINT_RESTART_FQ: 1
OUTPUT_FILE: C
***************************************************************************
                           Parallelization                                 
***************************************************************************
NP_SPIN_PARAL: 1
NP_KPOINT_PARAL: 1
NP_BAND_PARAL: 1
NP_DOMAIN_PARAL: 1 1 1
NP_DOMAIN_PHI_PARAL: 1 1 1
***************************************************************************
                             Initialization                                
***************************************************************************
Number of processors               :  1
Mesh spacing                       :  0.674632 (Bohr)
Number of symmetry adapted k-points:  1
Output printed to                  :  C.out
MD output printed to               :  C.aimd
Total number of atom types         :  1
Total number of atoms              :  8
Total number of electrons          :  32
Atom type 1  (valence electrons)   :  C 4
Pseudopotential                    :  ./C.pot
Atomic mass                        :  12.011
Pseudocharge radii of atom type 1  :  5.40 5.40 5.40 (x, y, z dir)
Number of atoms of type 1          :  8
========================================================================================
                    Self Consistent Field (SCF#1)                     
========================================================================================
Iteration     Free Energy (Ha/atom)   SCF Error        Timing (sec)
1            -5.7286551866E+00        7.474E-01        0.041
2            -6.9248105424E+00        1.931E-01        0.009
3            -6.9984176980E+00        6.732E-02        0.009
4            -6.9821583020E+00        1.042E-01        0.009
5            -7.0081529537E+00        7.872E-03        0.009
6            -7.0081621565E+00        7.296E-03        0.009
7            -7.0082552729E+00        3.874E-03        0.009
8            -7.0082825536E+00        1.520E-03        0.009
9            -7.0082832272E+00        7.192E-04        0.009
Total number of SCF: 9     
====================================================================
                    Energy and force calculation                    
====================================================================
Free energy per atom               : -7.0082832272E+00 (Ha/atom)
Total free energy                  : -5.6066265818E+01 (Ha)
Band structure energy              : -2.0917693021E+00 (Ha)
Exchange correlation energy        : -1.5815695050E+01 (Ha)
Self and correction energy         : -1.0967383747E+02 (Ha)
Entropy*kb*T                       : -1.1105767600E-07 (Ha)
Fermi level                        :  3.7330595409E-01 (Ha)
RMS force                          :  7.9039926193E-04 (Ha/Bohr)
Maximum force                      :  1.1781769643E-03 (Ha/Bohr)
Time for force calculation         :  0.026 (sec)
MD step time                       :  0.168 (sec)
========================================================================================
                    Self Consistent Field (SCF#2)                     
========================================================================================
Iteration     Free Energy (Ha/atom)   SCF Error        Timing (sec)
1            -7.0171797496E+00        2.150E-02        0.010
2            -7.0176580858E+00        5.724E-03        0.009
3            -7.0177068235E+00        3.214E-03        0.009
4            -7.0177155793E+00        1.067E-03        0.009
5            -7.0176991403E+00        4.055E-04        0.008
Total number of SCF: 5     
====================================================================
                    Energy and force calculation                    
====================================================================
Free energy per atom               : -7.0176991403E+00 (Ha/atom)
Total free energy                  : -5.6141593123E+01 (Ha)
Band structure energy              : -1.9301184713E+00 (Ha)
Exchange correlation energy        : -1.5817491283E+01 (Ha)
Self and correction energy         : -1.2235005585E+02 (Ha)
Entropy*kb*T                       : -1.1062313217E-07 (Ha)
Fermi level                        :  3.6172029643E-01 (Ha)
RMS force                          :  1.9807693977E-02 (Ha/Bohr)
Maximum force                      :  2.9994863901E-02 (Ha/Bohr)
Time for force calculation         :  0.026 (sec)
MD step time                       :  0.100 (sec)
========================================================================================
                    Self Consistent Field (SCF#3)                     
========================================================================================
Iteration     Free Energy (Ha/atom)   SCF Error        Timing (sec)
1            -7.0233417275E+00        2.195E-02        0.010
2            -7.0238223490E+00        6.006E-03        0.009
3            -7.0238775116E+00        3.168E-03        0.009
4            -7.0238900487E+00        9.792E-04        0.009
Total number of SCF: 4     
====================================================================
                    Energy and force calculation                    
====================================================================
Free energy per atom               : -7.0238900487E+00 (Ha/atom)
Total free energy                  : -5.6191120390E+01 (Ha)
Band structure energy              : -1.8601092347E+00 (Ha)
Exchange correlation energy        : -1.5820552122E+01 (Ha)
Self and correction energy         : -1.3123509045E+02 (Ha)
Entropy*kb*T                       : -1.1391553644E-07 (Ha)
Fermi level                        :  3.5085075045E-01 (Ha)
RMS force                          :  5.2808861585E-02 (Ha/Bohr)
Maximum force                      :  7.4123098767E-02 (Ha/Bohr)
Time for force calculation         :  0.027 (sec)
MD step time                       :  0.094 (sec)
========================================================================================
                    Self Consistent Field (SCF#4)                     
========================================================================================
Iteration     Free Energy (Ha/atom)   SCF Error        Timing (sec)
1            -7.0223373141E+00        3.136E-03        0.009
2            -7.0223390508E+00        1.382E-03        0.009
3            -7.0223643530E+00        7.464E-04        0.009
Total number of SCF: 3     
====================================================================
                    Energy and force calculation                    
====================================================================
Free energy per atom               : -7.0223643530E+00 (Ha/atom)
Total free energy                  : -5.6178914824E+01 (Ha)
Band structure energy              : -1.8503128309E+00 (Ha)
Exchange correlation energy        : -1.5817941467E+01 (Ha)
Self and correction energy         : -1.3088114468E+02 (Ha)
Entropy*kb*T                       : -1.1469076116E-07 (Ha)
Fermi level                        :  3.4561529493E-01 (Ha)
RMS force                          :  7.4648220261E-02 (Ha/Bohr)
Maximum force                      :  1.1290493761E-01 (Ha/Bohr)
Time for force calculation         :  0.026 (sec)
MD step time                       :  0.081 (sec)
========================================================================================
                    Self Consistent Field (SCF#5)                     
========================================================================================
Iteration     Free Energy (Ha/atom)   SCF Error        Timing (sec)
1            -7.0183033047E+00        4.926E-03        0.010
2            -7.0183404011E+00        1.894E-03        0.009
3            -7.0183507455E+00        1.005E-03        0.009
4            -7.0183328000E+00        4.018E-04        0.009
Total number of SCF: 4     
====================================================================
                    Energy and force calculation                    
====================================================================
Free energy per atom               : -7.0183328000E+00 (Ha/atom)
Total free energy                  : -5.6146662400E+01 (Ha)
Band structure energy              : -1.8770805045E+00 (Ha)
Exchange correlation energy        : -1.5819329040E+01 (Ha)
Self and correction energy         : -1.2797330475E+02 (Ha)
Entropy*kb*T                       : -1.1010249676E-07 (Ha)
Fermi level                        :  3.3964485143E-01 (Ha)
RMS force                          :  1.0051017741E-01 (Ha/Bohr)
Maximum force                      :  1.8909245245E-01 (Ha/Bohr)
Time for force calculation         :  0.024 (sec)
MD step time                       :  0.091 (sec)
***************************************************************************
                               Timing info                                 
***************************************************************************
Total walltime                     :  0.542 sec
___________________________________________________________________________

***************************************************************************
*             Material Physics & Mechanics Group, Georgia Tech            *
*                       PI: Phanish Suryanarayana                         *
*                Main Developers: Qimen Xu, Abhiraj Sharma                *
*     Collaborators: John E. Pask (LLNL), Andrew J. Medford group (GT)    *
*  Acknowledgements: U.S. DOE (DE-SC0019410); U.S. NSF (1333500,1553212)  *
***************************************************************************
                                                                           
