***************************************************************************
*                           SPARC (Oct 16, 2019)                          *
*   Copyright (c) 2019 Material Physics & Mechanics Group, Georgia Tech   *
*           Distributed under GNU General Public License 3 (GPL)          *
*                 Start time: Wed Nov 13 16:14:15 2019                    *
***************************************************************************
                           Input parameters                                
***************************************************************************
CELL: 9.44863062918464 9.44863062918464 9.44863062918464 
LATVEC:
1 0 0 
0 1 0 
0 0 1 
FD_GRID: 25 25 25
FD_ORDER: 12
BOUNDARY_CONDITION: 3
KPOINT_GRID: 1 1 1
KPOINT_SHIFT: 0 0 0
SPIN_TYP: 1
ELEC_TEMP_TYPE: Gaussian
SMEARING: 0.003483491551
CHEB_DEGREE: 21
NSTATES: 12
EXCHANGE_CORRELATION: LDA_PW
RELAX_FLAG: 1
RELAX_METHOD: NLCG
RELAX_NITER: 300
NLCG_sigma: 0.5
CALC_STRESS: 0
CALC_PRES: 0
TWTIME: 1E+09
CHEFSI_BOUND_FLAG: 0
MAXIT_SCF: 100
MINIT_SCF: 3
MAXIT_POISSON: 3000
TOL_SCF: 8.12E-03
TOL_POISSON: 8.12E-05
TOL_LANCZOS: 1.00E-02
TOL_PSEUDOCHARGE: 8.12E-05
MIXING_VARIABLE: potential
MIXING_PRECOND: none
MIXING_PARAMETER: 0.3
MIXING_HISTORY: 7
PULAY_FREQUENCY: 1
PULAY_RESTART: 0
REFERENCE_CUTOFF: 0.5
RHO_TRIGGER: 4
FIX_RAND: 0
VERBOSITY: 1
PRINT_FORCES: 1
PRINT_ATOMS: 1
PRINT_EIGEN: 0
PRINT_DENSITY: 0
PRINT_VELS: 1
PRINT_RESTART: 1
PRINT_RESTART_FQ: 1
TOL_RELAX: 5.00E-04
PRINT_RELAXOUT: 0
OUTPUT_FILE: O2
***************************************************************************
                           Parallelization                                 
***************************************************************************
NP_SPIN_PARAL: 1
NP_KPOINT_PARAL: 1
NP_BAND_PARAL: 1
NP_DOMAIN_PARAL: 1 1 1
NP_DOMAIN_PHI_PARAL: 1 1 1
***************************************************************************
                             Initialization                                
***************************************************************************
Number of processors               :  1
Mesh spacing                       :  0.377945 (Bohr)
Number of symmetry adapted k-points:  1
Output printed to                  :  O2.out
Total number of atom types         :  1
Total number of atoms              :  2
Total number of electrons          :  12
Atom type 1  (valence electrons)   :  O 6
Pseudopotential                    :  ./O.pot
Pseudocharge radii of atom type 1  :  3.02 3.02 3.02 (x, y, z dir)
Number of atoms of type 1          :  2
========================================================================================
                    Self Consistent Field (SCF#1)                     
========================================================================================
Iteration     Free Energy (Ha/atom)   SCF Error        Timing (sec)
1            -1.5798565531E+01        1.045E-01        0.354
2            -1.5801077275E+01        7.160E-02        0.093
3            -1.5801412501E+01        1.260E-02        0.102
4            -1.5799452477E+01        1.229E-02        0.094
5            -1.5802056013E+01        2.682E-03        0.094
Total number of SCF: 5     
====================================================================
                    Energy and force calculation                    
====================================================================
Free energy per atom               : -1.5802056013E+01 (Ha/atom)
Total free energy                  : -3.1604112027E+01 (Ha)
Band structure energy              : -7.0300269076E+00 (Ha)
Exchange correlation energy        : -6.5732505926E+00 (Ha)
Self and correction energy         : -6.4638239545E+01 (Ha)
Entropy*kb*T                       : -3.9203889438E-03 (Ha)
Fermi level                        : -2.2330313133E-01 (Ha)
RMS force                          :  2.9216451499E-02 (Ha/Bohr)
Maximum force                      :  2.9216451499E-02 (Ha/Bohr)
Time for force calculation         :  0.010 (sec)
========================================================================================
                    Self Consistent Field (SCF#2)                     
========================================================================================
Iteration     Free Energy (Ha/atom)   SCF Error        Timing (sec)
1            -1.5799069422E+01        2.457E-02        0.118
2            -1.5797282224E+01        1.980E-02        0.096
3            -1.5801377664E+01        1.100E-02        0.093
4            -1.5802804546E+01        2.377E-03        0.092
Total number of SCF: 4     
====================================================================
                    Energy and force calculation                    
====================================================================
Free energy per atom               : -1.5802804546E+01 (Ha/atom)
Total free energy                  : -3.1605609093E+01 (Ha)
Band structure energy              : -7.0053022134E+00 (Ha)
Exchange correlation energy        : -6.5641273515E+00 (Ha)
Self and correction energy         : -6.4680419941E+01 (Ha)
Entropy*kb*T                       : -3.9211560289E-03 (Ha)
Fermi level                        : -2.2817374758E-01 (Ha)
RMS force                          :  8.4959556493E-03 (Ha/Bohr)
Maximum force                      :  8.4959556493E-03 (Ha/Bohr)
Time for force calculation         :  0.010 (sec)
========================================================================================
                    Self Consistent Field (SCF#2)                     
========================================================================================
Iteration     Free Energy (Ha/atom)   SCF Error        Timing (sec)
1            -1.5800418199E+01        1.563E-02        0.106
2            -1.5798012180E+01        1.739E-02        0.095
3            -1.5803118412E+01        3.734E-03        0.092
Total number of SCF: 3     
====================================================================
                    Energy and force calculation                    
====================================================================
Free energy per atom               : -1.5803118412E+01 (Ha/atom)
Total free energy                  : -3.1606236824E+01 (Ha)
Band structure energy              : -6.9697347936E+00 (Ha)
Exchange correlation energy        : -6.5559291474E+00 (Ha)
Self and correction energy         : -6.4700266822E+01 (Ha)
Entropy*kb*T                       : -3.9068945016E-03 (Ha)
Fermi level                        : -2.2813229158E-01 (Ha)
RMS force                          :  2.4003233130E-02 (Ha/Bohr)
Maximum force                      :  2.4003233130E-02 (Ha/Bohr)
Time for force calculation         :  0.010 (sec)
========================================================================================
                    Self Consistent Field (SCF#2)                     
========================================================================================
Iteration     Free Energy (Ha/atom)   SCF Error        Timing (sec)
1            -1.5789207620E+01        4.974E-02        0.119
2            -1.5802231583E+01        3.594E-02        0.099
3            -1.5807797332E+01        1.325E-02        0.097
4            -1.5808914472E+01        5.343E-03        0.091
Total number of SCF: 4     
====================================================================
                    Energy and force calculation                    
====================================================================
Free energy per atom               : -1.5808914472E+01 (Ha/atom)
Total free energy                  : -3.1617828943E+01 (Ha)
Band structure energy              : -6.8067363652E+00 (Ha)
Exchange correlation energy        : -6.4958305355E+00 (Ha)
Self and correction energy         : -6.5033929363E+01 (Ha)
Entropy*kb*T                       : -3.8582774872E-03 (Ha)
Fermi level                        : -2.5031834287E-01 (Ha)
RMS force                          :  1.5158525184E-01 (Ha/Bohr)
Maximum force                      :  1.5158525184E-01 (Ha/Bohr)
Time for force calculation         :  0.009 (sec)
========================================================================================
                    Self Consistent Field (SCF#2)                     
========================================================================================
Iteration     Free Energy (Ha/atom)   SCF Error        Timing (sec)
1            -1.5803809497E+01        6.418E-03        0.100
2            -1.5803358453E+01        7.531E-03        0.092
3            -1.5804206518E+01        2.285E-03        0.090
Total number of SCF: 3     
====================================================================
                    Energy and force calculation                    
====================================================================
Free energy per atom               : -1.5804206518E+01 (Ha/atom)
Total free energy                  : -3.1608413036E+01 (Ha)
Band structure energy              : -6.9327472490E+00 (Ha)
Exchange correlation energy        : -6.5489340137E+00 (Ha)
Self and correction energy         : -6.4747179795E+01 (Ha)
Entropy*kb*T                       : -3.9231624515E-03 (Ha)
Fermi level                        : -2.3029827613E-01 (Ha)
RMS force                          :  3.7577793288E-02 (Ha/Bohr)
Maximum force                      :  3.7577793288E-02 (Ha/Bohr)
Time for force calculation         :  0.010 (sec)
========================================================================================
                    Self Consistent Field (SCF#2)                     
========================================================================================
Iteration     Free Energy (Ha/atom)   SCF Error        Timing (sec)
1            -1.5802426670E+01        4.356E-03        0.096
2            -1.5802449820E+01        2.784E-03        0.086
3            -1.5802487328E+01        1.234E-03        0.083
Total number of SCF: 3     
====================================================================
                    Energy and force calculation                    
====================================================================
Free energy per atom               : -1.5802487328E+01 (Ha/atom)
Total free energy                  : -3.1604974655E+01 (Ha)
Band structure energy              : -6.9975563397E+00 (Ha)
Exchange correlation energy        : -6.5693639544E+00 (Ha)
Self and correction energy         : -6.4656043421E+01 (Ha)
Entropy*kb*T                       : -3.9276138899E-03 (Ha)
Fermi level                        : -2.2372692750E-01 (Ha)
RMS force                          :  1.8412463095E-02 (Ha/Bohr)
Maximum force                      :  1.8412463095E-02 (Ha/Bohr)
Time for force calculation         :  0.009 (sec)
========================================================================================
                    Self Consistent Field (SCF#2)                     
========================================================================================
Iteration     Free Energy (Ha/atom)   SCF Error        Timing (sec)
1            -1.5801581799E+01        8.104E-03        0.096
2            -1.5799733003E+01        1.270E-02        0.090
3            -1.5802944190E+01        6.338E-04        0.091
Total number of SCF: 3     
====================================================================
                    Energy and force calculation                    
====================================================================
Free energy per atom               : -1.5802944190E+01 (Ha/atom)
Total free energy                  : -3.1605888380E+01 (Ha)
Band structure energy              : -6.9851963545E+00 (Ha)
Exchange correlation energy        : -6.5616682077E+00 (Ha)
Self and correction energy         : -6.4683130198E+01 (Ha)
Entropy*kb*T                       : -3.9301685354E-03 (Ha)
Fermi level                        : -2.2674760166E-01 (Ha)
RMS force                          :  3.4638976117E-03 (Ha/Bohr)
Maximum force                      :  3.4638976117E-03 (Ha/Bohr)
Time for force calculation         :  0.009 (sec)
========================================================================================
                    Self Consistent Field (SCF#2)                     
========================================================================================
Iteration     Free Energy (Ha/atom)   SCF Error        Timing (sec)
1            -1.5802901389E+01        2.737E-03        0.097
2            -1.5802640766E+01        4.393E-03        0.089
3            -1.5803065705E+01        4.843E-04        0.085
Total number of SCF: 3     
====================================================================
                    Energy and force calculation                    
====================================================================
Free energy per atom               : -1.5803065705E+01 (Ha/atom)
Total free energy                  : -3.1606131411E+01 (Ha)
Band structure energy              : -6.9858764534E+00 (Ha)
Exchange correlation energy        : -6.5607088116E+00 (Ha)
Self and correction energy         : -6.4689859760E+01 (Ha)
Entropy*kb*T                       : -3.9306908679E-03 (Ha)
Fermi level                        : -2.2772311658E-01 (Ha)
RMS force                          :  3.6045934020E-03 (Ha/Bohr)
Maximum force                      :  3.6045934020E-03 (Ha/Bohr)
Time for force calculation         :  0.009 (sec)
Relax step time                    :  2.423 (sec)
========================================================================================
                    Self Consistent Field (SCF#3)                     
========================================================================================
Iteration     Free Energy (Ha/atom)   SCF Error        Timing (sec)
1            -1.5803114883E+01        3.243E-04        0.090
2            -1.5803093054E+01        2.646E-04        0.080
3            -1.5803085656E+01        2.502E-04        0.079
Total number of SCF: 3     
====================================================================
                    Energy and force calculation                    
====================================================================
Free energy per atom               : -1.5803085656E+01 (Ha/atom)
Total free energy                  : -3.1606171313E+01 (Ha)
Band structure energy              : -6.9838826900E+00 (Ha)
Exchange correlation energy        : -6.5602898650E+00 (Ha)
Self and correction energy         : -6.4690597032E+01 (Ha)
Entropy*kb*T                       : -3.9306556703E-03 (Ha)
Fermi level                        : -2.2766850158E-01 (Ha)
RMS force                          :  2.7795897649E-03 (Ha/Bohr)
Maximum force                      :  2.7795897649E-03 (Ha/Bohr)
Time for force calculation         :  0.009 (sec)
========================================================================================
                    Self Consistent Field (SCF#3)                     
========================================================================================
Iteration     Free Energy (Ha/atom)   SCF Error        Timing (sec)
1            -1.5802545285E+01        5.237E-03        0.099
2            -1.5801630641E+01        8.575E-03        0.095
3            -1.5803124074E+01        6.113E-04        0.086
Total number of SCF: 3     
====================================================================
                    Energy and force calculation                    
====================================================================
Free energy per atom               : -1.5803124074E+01 (Ha/atom)
Total free energy                  : -3.1606248148E+01 (Ha)
Band structure energy              : -6.9838774232E+00 (Ha)
Exchange correlation energy        : -6.5600191936E+00 (Ha)
Self and correction energy         : -6.4693094283E+01 (Ha)
Entropy*kb*T                       : -3.9305134570E-03 (Ha)
Fermi level                        : -2.2798012822E-01 (Ha)
RMS force                          :  5.9376703876E-03 (Ha/Bohr)
Maximum force                      :  5.9376703876E-03 (Ha/Bohr)
Time for force calculation         :  0.009 (sec)
========================================================================================
                    Self Consistent Field (SCF#3)                     
========================================================================================
Iteration     Free Energy (Ha/atom)   SCF Error        Timing (sec)
1            -1.5802996522E+01        1.012E-03        0.089
2            -1.5802946368E+01        1.315E-03        0.082
3            -1.5802981252E+01        4.744E-04        0.083
Total number of SCF: 3     
====================================================================
                    Energy and force calculation                    
====================================================================
Free energy per atom               : -1.5802981252E+01 (Ha/atom)
Total free energy                  : -3.1605962503E+01 (Ha)
Band structure energy              : -6.9871332213E+00 (Ha)
Exchange correlation energy        : -6.5616685907E+00 (Ha)
Self and correction energy         : -6.4684934705E+01 (Ha)
Entropy*kb*T                       : -3.9306307155E-03 (Ha)
Fermi level                        : -2.2716979759E-01 (Ha)
RMS force                          :  1.1534183193E-03 (Ha/Bohr)
Maximum force                      :  1.1534183193E-03 (Ha/Bohr)
Time for force calculation         :  0.010 (sec)
========================================================================================
                    Self Consistent Field (SCF#3)                     
========================================================================================
Iteration     Free Energy (Ha/atom)   SCF Error        Timing (sec)
1            -1.5802962550E+01        7.958E-04        0.091
2            -1.5802967063E+01        1.142E-03        0.083
3            -1.5803000547E+01        3.653E-04        0.081
Total number of SCF: 3     
====================================================================
                    Energy and force calculation                    
====================================================================
Free energy per atom               : -1.5803000547E+01 (Ha/atom)
Total free energy                  : -3.1606001095E+01 (Ha)
Band structure energy              : -6.9870160593E+00 (Ha)
Exchange correlation energy        : -6.5613848349E+00 (Ha)
Self and correction energy         : -6.4686247027E+01 (Ha)
Entropy*kb*T                       : -3.9306901196E-03 (Ha)
Fermi level                        : -2.2733266653E-01 (Ha)
RMS force                          :  6.7849049815E-04 (Ha/Bohr)
Maximum force                      :  6.7849049815E-04 (Ha/Bohr)
Time for force calculation         :  0.009 (sec)
========================================================================================
                    Self Consistent Field (SCF#3)                     
========================================================================================
Iteration     Free Energy (Ha/atom)   SCF Error        Timing (sec)
1            -1.5803037522E+01        2.650E-04        0.089
2            -1.5803000094E+01        2.308E-04        0.079
3            -1.5802993777E+01        1.746E-04        0.078
Total number of SCF: 3     
====================================================================
                    Energy and force calculation                    
====================================================================
Free energy per atom               : -1.5802993777E+01 (Ha/atom)
Total free energy                  : -3.1605987554E+01 (Ha)
Band structure energy              : -6.9871413432E+00 (Ha)
Exchange correlation energy        : -6.5614539657E+00 (Ha)
Self and correction energy         : -6.4685761677E+01 (Ha)
Entropy*kb*T                       : -3.9306705766E-03 (Ha)
Fermi level                        : -2.2729061814E-01 (Ha)
RMS force                          :  8.2280135167E-04 (Ha/Bohr)
Maximum force                      :  8.2280135167E-04 (Ha/Bohr)
Time for force calculation         :  0.010 (sec)
========================================================================================
                    Self Consistent Field (SCF#3)                     
========================================================================================
Iteration     Free Energy (Ha/atom)   SCF Error        Timing (sec)
1            -1.5802956906E+01        3.339E-04        0.089
2            -1.5802983009E+01        5.031E-04        0.080
3            -1.5802994842E+01        1.632E-04        0.078
Total number of SCF: 3     
====================================================================
                    Energy and force calculation                    
====================================================================
Free energy per atom               : -1.5802994842E+01 (Ha/atom)
Total free energy                  : -3.1605989685E+01 (Ha)
Band structure energy              : -6.9873505572E+00 (Ha)
Exchange correlation energy        : -6.5614308831E+00 (Ha)
Self and correction energy         : -6.4686028048E+01 (Ha)
Entropy*kb*T                       : -3.9306992464E-03 (Ha)
Fermi level                        : -2.2732707882E-01 (Ha)
RMS force                          :  6.1383895168E-04 (Ha/Bohr)
Maximum force                      :  6.1383895168E-04 (Ha/Bohr)
Time for force calculation         :  0.009 (sec)
========================================================================================
                    Self Consistent Field (SCF#3)                     
========================================================================================
Iteration     Free Energy (Ha/atom)   SCF Error        Timing (sec)
1            -1.5803010407E+01        3.041E-04        0.088
2            -1.5802991371E+01        4.549E-04        0.081
3            -1.5802994471E+01        6.918E-05        0.076
Total number of SCF: 3     
====================================================================
                    Energy and force calculation                    
====================================================================
Free energy per atom               : -1.5802994471E+01 (Ha/atom)
Total free energy                  : -3.1605988943E+01 (Ha)
Band structure energy              : -6.9872385524E+00 (Ha)
Exchange correlation energy        : -6.5614204683E+00 (Ha)
Self and correction energy         : -6.4685914470E+01 (Ha)
Entropy*kb*T                       : -3.9306989166E-03 (Ha)
Fermi level                        : -2.2731349707E-01 (Ha)
RMS force                          :  2.7371951767E-04 (Ha/Bohr)
Maximum force                      :  2.7371951767E-04 (Ha/Bohr)
Time for force calculation         :  0.009 (sec)
Relax step time                    :  1.916 (sec)
***************************************************************************
                               Timing info                                 
***************************************************************************
Total walltime                     :  5.162 sec
___________________________________________________________________________

***************************************************************************
*             Material Physics & Mechanics Group, Georgia Tech            *
*                       PI: Phanish Suryanarayana                         *
*                Main Developers: Qimen Xu, Abhiraj Sharma                *
*     Collaborators: John E. Pask (LLNL), Andrew J. Medford group (GT)    *
*  Acknowledgements: U.S. DOE (DE-SC0019410); U.S. NSF (1333500,1553212)  *
***************************************************************************
                                                                           
