***************************************************************************
*                           SPARC (Oct 16, 2019)                          *
*   Copyright (c) 2019 Material Physics & Mechanics Group, Georgia Tech   *
*           Distributed under GNU General Public License 3 (GPL)          *
*                 Start time: Wed Nov 13 15:53:24 2019                    *
***************************************************************************
                           Input parameters                                
***************************************************************************
CELL: 6.59514417917088 6.59514417917088 6.59514417917088 
LATVEC:
1 0 0 
0 1 0 
0 0 1 
FD_GRID: 12 12 12
FD_ORDER: 12
BOUNDARY_CONDITION: 2
KPOINT_GRID: 4 4 4
KPOINT_SHIFT: 0 0 0
SPIN_TYP: 1
ELEC_TEMP_TYPE: Gaussian
SMEARING: 0.007349864496
CHEB_DEGREE: 16
NSTATES: 8
EXCHANGE_CORRELATION: LDA_PZ
CALC_STRESS: 1
CHEFSI_BOUND_FLAG: 0
MAXIT_SCF: 100
MINIT_SCF: 3
MAXIT_POISSON: 3000
TOL_SCF: 1.00E-06
TOL_POISSON: 1.00E-08
TOL_LANCZOS: 1.00E-02
TOL_PSEUDOCHARGE: 1.00E-08
MIXING_VARIABLE: density
MIXING_PRECOND: none
MIXING_PARAMETER: 0.3
MIXING_HISTORY: 7
PULAY_FREQUENCY: 1
PULAY_RESTART: 0
REFERENCE_CUTOFF: 0.5
RHO_TRIGGER: 4
FIX_RAND: 0
VERBOSITY: 1
PRINT_FORCES: 1
PRINT_ATOMS: 1
PRINT_EIGEN: 0
PRINT_DENSITY: 0
OUTPUT_FILE: Li
***************************************************************************
                           Parallelization                                 
***************************************************************************
NP_SPIN_PARAL: 1
NP_KPOINT_PARAL: 1
NP_BAND_PARAL: 1
NP_DOMAIN_PARAL: 1 1 1
NP_DOMAIN_PHI_PARAL: 1 1 1
***************************************************************************
                             Initialization                                
***************************************************************************
Number of processors               :  1
Mesh spacing                       :  0.549595 (Bohr)
Number of symmetry adapted k-points:  32
Output printed to                  :  Li.out
Total number of atom types         :  1
Total number of atoms              :  2
Total number of electrons          :  6
Atom type 1  (valence electrons)   :  Li 3
Pseudopotential                    :  ./Li.pot
Pseudocharge radii of atom type 1  :  8.79 8.79 8.79 (x, y, z dir)
Number of atoms of type 1          :  2
Fractional coordinates of atoms of type 1     :
      0.0000000000       0.0000000000       0.0000000000
      0.5000000000       0.5000000000       0.5000000000
========================================================================================
                    Self Consistent Field (SCF#1)                     
========================================================================================
Iteration     Free Energy (Ha/atom)   SCF Error        Timing (sec)
1            -7.2106783926E+00        1.649E-01        2.748
2            -7.2044887409E+00        1.017E-01        0.656
3            -7.2003948284E+00        1.949E-03        0.682
4            -7.2003907483E+00        6.835E-04        0.663
5            -7.2003907057E+00        5.844E-05        0.666
6            -7.2003907149E+00        8.230E-06        0.657
7            -7.2003907153E+00        4.120E-07        0.659
Total number of SCF: 7     
====================================================================
                    Energy and force calculation                    
====================================================================
Free energy per atom               : -7.2003907188E+00 (Ha/atom)
Total free energy                  : -1.4400781438E+01 (Ha)
Band structure energy              : -7.1141855328E+00 (Ha)
Exchange correlation energy        : -3.0192901513E+00 (Ha)
Self and correction energy         : -1.5770990360E+01 (Ha)
Entropy*kb*T                       : -1.6350032914E-03 (Ha)
Fermi level                        :  2.5844923467E-02 (Ha)
Atomic forces (Ha/Bohr):
 -1.6441107819E-08  -2.0029839258E-07   3.1011869670E-07
  1.6441107819E-08   2.0029839258E-07  -3.1011869670E-07
RMS force                          :  3.6954480397E-07 (Ha/Bohr)
Maximum force                      :  3.6954480397E-07 (Ha/Bohr)
Time for force calculation         :  0.060 (sec)
Stress (GPa) : 
 -1.1165353866E+01   2.9715399865E-06  -4.7685624269E-06 
  2.9715399865E-06  -1.1165355500E+01   1.2709188578E-06 
 -4.7685624269E-06   1.2709188578E-06  -1.1165354506E+01 
Pressure                           :  1.1165354624E+01 (GPa)
Maximum stress                     :  1.1165355500E+01 (GPa)
Time for stress calculation        :  0.149 (sec)
***************************************************************************
                               Timing info                                 
***************************************************************************
Total walltime                     :  6.978 sec
___________________________________________________________________________

***************************************************************************
*             Material Physics & Mechanics Group, Georgia Tech            *
*                       PI: Phanish Suryanarayana                         *
*                Main Developers: Qimen Xu, Abhiraj Sharma                *
*     Collaborators: John E. Pask (LLNL), Andrew J. Medford group (GT)    *
*  Acknowledgements: U.S. DOE (DE-SC0019410); U.S. NSF (1333500,1553212)  *
***************************************************************************
                                                                           
