***************************************************************************
*                       SPARC (version May 20, 2020)                      *
*   Copyright (c) 2020 Material Physics & Mechanics Group, Georgia Tech   *
*           Distributed under GNU General Public License 3 (GPL)          *
*                   Start time: Wed May 20 20:11:37 2020                  *
***************************************************************************
                           Input parameters                                
***************************************************************************
CELL: 9.44863062918464 9.44863062918464 9.44863062918464 
LATVEC:
1 0 0 
0 1 0 
0 0 1 
FD_GRID: 25 25 25
FD_ORDER: 12
BC: D D P
KPOINT_GRID: 1 1 1
KPOINT_SHIFT: 0 0 0
SPIN_TYP: 0
ELEC_TEMP_TYPE: Gaussian
SMEARING: 0.007349864435
CHEB_DEGREE: 21
NSTATES: 11
EXCHANGE_CORRELATION: LDA_PZ
RELAX_FLAG: 1
RELAX_METHOD: FIRE
RELAX_NITER: 300
FIRE_dt: 1
FIRE_mass: 1
FIRE_maxmov: 0.2
CALC_STRESS: 0
CALC_PRES: 0
TWTIME: 1E+09
CHEFSI_BOUND_FLAG: 0
MAXIT_SCF: 100
MINIT_SCF: 3
MAXIT_POISSON: 3000
TOL_SCF: 8.56E-05
POISSON_SOLVER: AAR
TOL_POISSON: 8.56E-07
TOL_LANCZOS: 1.00E-02
TOL_PSEUDOCHARGE: 8.56E-07
MIXING_VARIABLE: potential
MIXING_PRECOND: none
MIXING_PARAMETER: 0.35
MIXING_HISTORY: 7
PULAY_FREQUENCY: 1
PULAY_RESTART: 0
REFERENCE_CUTOFF: 0.5
RHO_TRIGGER: 4
FIX_RAND: 0
VERBOSITY: 1
PRINT_FORCES: 1
PRINT_ATOMS: 1
PRINT_EIGEN: 0
PRINT_DENSITY: 0
PRINT_VELS: 1
PRINT_RESTART: 1
PRINT_RESTART_FQ: 1
TOL_RELAX: 2.00E-03
PRINT_RELAXOUT: 1
OUTPUT_FILE: P2
***************************************************************************
                           Parallelization                                 
***************************************************************************
NP_SPIN_PARAL: 1
NP_KPOINT_PARAL: 1
NP_BAND_PARAL: 1
NP_DOMAIN_PARAL: 1 1 1
NP_DOMAIN_PHI_PARAL: 1 1 1
EIG_SERIAL_MAXNS: 2000
***************************************************************************
                             Initialization                                
***************************************************************************
Number of processors               :  1
Mesh spacing                       :  0.377945 (Bohr)
Number of symmetry adapted k-points:  1
Output printed to                  :  P2.out
Relax output printed to            :  P2.geopt
Total number of atom types         :  1
Total number of atoms              :  2
Total number of electrons          :  10
Atom type 1  (valence electrons)   :  P 5
Pseudopotential                    :  P.pot
Pseudocharge radii of atom type 1  :  6.80 6.80 6.80 (x, y, z dir)
Number of atoms of type 1          :  2
Estimated total memory usage       :  12.12 MB
Estimated memory per processor     :  12.12 MB
===================================================================
                    Self Consistent Field (SCF#1)                     
===================================================================
Iteration     Free Energy (Ha/atom)   SCF Error        Timing (sec)
1            -6.5574602195E+00        5.211E-02        0.374
2            -6.5635099411E+00        2.393E-02        0.121
3            -6.5642872930E+00        7.481E-03        0.115
4            -6.5643432933E+00        3.025E-03        0.108
5            -6.5643607034E+00        9.240E-04        0.098
6            -6.5643455937E+00        4.814E-04        0.091
7            -6.5643355084E+00        1.220E-04        0.090
8            -6.5643473867E+00        3.180E-05        0.081
Total number of SCF: 8     

k = [0.000, 0.000, 0.000]
Occupation of state 10 = 0.000000000000000.
Occupation of state 11 = 0.000000000000000.
====================================================================
                    Energy and force calculation                    
====================================================================
Free energy per atom               : -6.5643473867E+00 (Ha/atom)
Total free energy                  : -1.3128694773E+01 (Ha)
Band structure energy              : -3.6050723829E+00 (Ha)
Exchange correlation energy        : -3.1629960335E+00 (Ha)
Self and correction energy         : -8.1075586372E+01 (Ha)
Entropy*kb*T                       : -3.8958418280E-07 (Ha)
Fermi level                        : -1.1148955082E-01 (Ha)
RMS force                          :  4.1388100422E-02 (Ha/Bohr)
Maximum force                      :  4.1388100422E-02 (Ha/Bohr)
Time for force calculation         :  0.008 (sec)
Relax step time                    :  1.173 (sec)
===================================================================
                    Self Consistent Field (SCF#2)                     
===================================================================
Iteration     Free Energy (Ha/atom)   SCF Error        Timing (sec)
1            -6.5645734714E+00        1.206E-02        0.113
2            -6.5653116836E+00        2.314E-03        0.102
3            -6.5653373057E+00        1.936E-04        0.097
4            -6.5653333433E+00        1.240E-04        0.080
5            -6.5653361077E+00        5.413E-05        0.083
Total number of SCF: 5     

k = [0.000, 0.000, 0.000]
Occupation of state 10 = 0.000000000000000.
Occupation of state 11 = 0.000000000000000.
====================================================================
                    Energy and force calculation                    
====================================================================
Free energy per atom               : -6.5653361077E+00 (Ha/atom)
Total free energy                  : -1.3130672215E+01 (Ha)
Band structure energy              : -3.6011299173E+00 (Ha)
Exchange correlation energy        : -3.1563088344E+00 (Ha)
Self and correction energy         : -8.1051177159E+01 (Ha)
Entropy*kb*T                       : -4.0685907325E-07 (Ha)
Fermi level                        : -1.1313652190E-01 (Ha)
RMS force                          :  3.1852682501E-02 (Ha/Bohr)
Maximum force                      :  3.1852682501E-02 (Ha/Bohr)
Time for force calculation         :  0.008 (sec)
Relax step time                    :  0.519 (sec)
===================================================================
                    Self Consistent Field (SCF#3)                     
===================================================================
Iteration     Free Energy (Ha/atom)   SCF Error        Timing (sec)
1            -6.5616695305E+00        3.085E-02        0.118
2            -6.5665605406E+00        5.605E-03        0.109
3            -6.5667249771E+00        4.191E-04        0.103
4            -6.5667276118E+00        1.850E-04        0.088
5            -6.5667296969E+00        3.552E-05        0.089
Total number of SCF: 5     

k = [0.000, 0.000, 0.000]
Occupation of state 10 = 0.000000000000000.
Occupation of state 11 = 0.000000000000000.
====================================================================
                    Energy and force calculation                    
====================================================================
Free energy per atom               : -6.5667296969E+00 (Ha/atom)
Total free energy                  : -1.3133459394E+01 (Ha)
Band structure energy              : -3.5920019100E+00 (Ha)
Exchange correlation energy        : -3.1404683249E+00 (Ha)
Self and correction energy         : -8.1026037604E+01 (Ha)
Entropy*kb*T                       : -3.8093808875E-07 (Ha)
Fermi level                        : -1.1737767982E-01 (Ha)
RMS force                          :  1.2230917003E-02 (Ha/Bohr)
Maximum force                      :  1.2230917003E-02 (Ha/Bohr)
Time for force calculation         :  0.009 (sec)
Relax step time                    :  0.557 (sec)
===================================================================
                    Self Consistent Field (SCF#4)                     
===================================================================
Iteration     Free Energy (Ha/atom)   SCF Error        Timing (sec)
1            -6.5663836732E+00        4.207E-03        0.122
2            -6.5664084777E+00        2.717E-03        0.102
3            -6.5664081703E+00        2.239E-04        0.089
4            -6.5663997687E+00        9.370E-05        0.082
5            -6.5663964016E+00        2.766E-05        0.079
Total number of SCF: 5     

k = [0.000, 0.000, 0.000]
Occupation of state 10 = 0.000000000000000.
Occupation of state 11 = 0.000000000000000.
====================================================================
                    Energy and force calculation                    
====================================================================
Free energy per atom               : -6.5663964016E+00 (Ha/atom)
Total free energy                  : -1.3132792803E+01 (Ha)
Band structure energy              : -3.5811830888E+00 (Ha)
Exchange correlation energy        : -3.1229543781E+00 (Ha)
Self and correction energy         : -8.1077623914E+01 (Ha)
Entropy*kb*T                       : -3.8819679256E-07 (Ha)
Fermi level                        : -1.2204193085E-01 (Ha)
RMS force                          :  3.8655477118E-03 (Ha/Bohr)
Maximum force                      :  3.8655477118E-03 (Ha/Bohr)
Time for force calculation         :  0.008 (sec)
Relax step time                    :  0.534 (sec)
===================================================================
                    Self Consistent Field (SCF#5)                     
===================================================================
Iteration     Free Energy (Ha/atom)   SCF Error        Timing (sec)
1            -6.5664020913E+00        1.356E-04        0.092
2            -6.5664036220E+00        8.848E-05        0.079
3            -6.5664036704E+00        5.547E-05        0.080
Total number of SCF: 3     

k = [0.000, 0.000, 0.000]
Occupation of state 10 = 0.000000000000000.
Occupation of state 11 = 0.000000000000000.
====================================================================
                    Energy and force calculation                    
====================================================================
Free energy per atom               : -6.5664036704E+00 (Ha/atom)
Total free energy                  : -1.3132807341E+01 (Ha)
Band structure energy              : -3.5814944970E+00 (Ha)
Exchange correlation energy        : -3.1230880838E+00 (Ha)
Self and correction energy         : -8.1076980550E+01 (Ha)
Entropy*kb*T                       : -3.8819616717E-07 (Ha)
Fermi level                        : -1.2202956052E-01 (Ha)
RMS force                          :  3.7743184669E-03 (Ha/Bohr)
Maximum force                      :  3.7743184669E-03 (Ha/Bohr)
Time for force calculation         :  0.008 (sec)
Relax step time                    :  0.286 (sec)
===================================================================
                    Self Consistent Field (SCF#6)                     
===================================================================
Iteration     Free Energy (Ha/atom)   SCF Error        Timing (sec)
1            -6.5664252075E+00        7.079E-04        0.095
2            -6.5664273805E+00        4.819E-04        0.084
3            -6.5664280450E+00        2.088E-04        0.082
4            -6.5664293968E+00        1.604E-05        0.075
Total number of SCF: 4     

k = [0.000, 0.000, 0.000]
Occupation of state 10 = 0.000000000000000.
Occupation of state 11 = 0.000000000000000.
====================================================================
                    Energy and force calculation                    
====================================================================
Free energy per atom               : -6.5664293968E+00 (Ha/atom)
Total free energy                  : -1.3132858794E+01 (Ha)
Band structure energy              : -3.5817128154E+00 (Ha)
Exchange correlation energy        : -3.1234525493E+00 (Ha)
Self and correction energy         : -8.1075095633E+01 (Ha)
Entropy*kb*T                       : -3.8958363803E-07 (Ha)
Fermi level                        : -1.2192566171E-01 (Ha)
RMS force                          :  3.5079459644E-03 (Ha/Bohr)
Maximum force                      :  3.5079459644E-03 (Ha/Bohr)
Time for force calculation         :  0.008 (sec)
Relax step time                    :  0.375 (sec)
===================================================================
                    Self Consistent Field (SCF#7)                     
===================================================================
Iteration     Free Energy (Ha/atom)   SCF Error        Timing (sec)
1            -6.5664516532E+00        1.077E-03        0.096
2            -6.5664594448E+00        7.252E-04        0.084
3            -6.5664645345E+00        3.883E-04        0.084
4            -6.5664675632E+00        1.289E-05        0.079
Total number of SCF: 4     

k = [0.000, 0.000, 0.000]
Occupation of state 10 = 0.000000000000000.
Occupation of state 11 = 0.000000000000000.
====================================================================
                    Energy and force calculation                    
====================================================================
Free energy per atom               : -6.5664675632E+00 (Ha/atom)
Total free energy                  : -1.3132935126E+01 (Ha)
Band structure energy              : -3.5820058166E+00 (Ha)
Exchange correlation energy        : -3.1240302562E+00 (Ha)
Self and correction energy         : -8.1072100832E+01 (Ha)
Entropy*kb*T                       : -3.8958019975E-07 (Ha)
Fermi level                        : -1.2176147988E-01 (Ha)
RMS force                          :  3.0593567340E-03 (Ha/Bohr)
Maximum force                      :  3.0593567340E-03 (Ha/Bohr)
Time for force calculation         :  0.008 (sec)
Relax step time                    :  0.381 (sec)
===================================================================
                    Self Consistent Field (SCF#8)                     
===================================================================
Iteration     Free Energy (Ha/atom)   SCF Error        Timing (sec)
1            -6.5665077667E+00        2.325E-04        0.092
2            -6.5665100755E+00        1.533E-04        0.082
3            -6.5665133471E+00        9.991E-05        0.079
4            -6.5665152447E+00        3.179E-06        0.086
Total number of SCF: 4     

k = [0.000, 0.000, 0.000]
Occupation of state 10 = 0.000000000000000.
Occupation of state 11 = 0.000000000000000.
====================================================================
                    Energy and force calculation                    
====================================================================
Free energy per atom               : -6.5665152447E+00 (Ha/atom)
Total free energy                  : -1.3133030489E+01 (Ha)
Band structure energy              : -3.5825510469E+00 (Ha)
Exchange correlation energy        : -3.1248215820E+00 (Ha)
Self and correction energy         : -8.1068211472E+01 (Ha)
Entropy*kb*T                       : -3.8929406349E-07 (Ha)
Fermi level                        : -1.2155557436E-01 (Ha)
RMS force                          :  2.4538482973E-03 (Ha/Bohr)
Maximum force                      :  2.4538482973E-03 (Ha/Bohr)
Time for force calculation         :  0.009 (sec)
Relax step time                    :  0.381 (sec)
===================================================================
                    Self Consistent Field (SCF#9)                     
===================================================================
Iteration     Free Energy (Ha/atom)   SCF Error        Timing (sec)
1            -6.5665643825E+00        9.737E-05        0.097
2            -6.5665648750E+00        6.626E-05        0.082
3            -6.5665677895E+00        2.768E-05        0.079
Total number of SCF: 3     

k = [0.000, 0.000, 0.000]
Occupation of state 10 = 0.000000000000000.
Occupation of state 11 = 0.000000000000000.
====================================================================
                    Energy and force calculation                    
====================================================================
Free energy per atom               : -6.5665677895E+00 (Ha/atom)
Total free energy                  : -1.3133135579E+01 (Ha)
Band structure energy              : -3.5832918234E+00 (Ha)
Exchange correlation energy        : -3.1257819659E+00 (Ha)
Self and correction energy         : -8.1063707020E+01 (Ha)
Entropy*kb*T                       : -3.8923872889E-07 (Ha)
Fermi level                        : -1.2131392478E-01 (Ha)
RMS force                          :  1.6939213050E-03 (Ha/Bohr)
Maximum force                      :  1.6939213050E-03 (Ha/Bohr)
Time for force calculation         :  0.008 (sec)
Relax step time                    :  0.304 (sec)
***************************************************************************
                               Timing info                                 
***************************************************************************
Total walltime                     :  4.515 sec
___________________________________________________________________________

***************************************************************************
*             Material Physics & Mechanics Group, Georgia Tech            *
*                       PI: Phanish Suryanarayana                         *
*                Main Developers: Qimen Xu, Abhiraj Sharma                *
*     Collaborators: J.E. Pask (LLNL), A.J. Medford (GT), E. Chow (GT)    *
*  Acknowledgements: U.S. DOE (DE-SC0019410); U.S. NSF (1333500,1553212)  *
***************************************************************************
                                                                           
