***************************************************************************
*                       SPARC (version January 19, 2026)                 *
*   Copyright (c) 2020 Material Physics & Mechanics Group, Georgia Tech   *
*           Distributed under GNU General Public License 3 (GPL)          *
*                   Start time: Mon Sep 28 16:40:52 2026                  *
***************************************************************************
                           Input parameters                                
***************************************************************************
CELL: 7.653391 7.653391 7.653391 
LATVEC:
1.000000000000000 0.000000000000000 0.000000000000000 
0.000000000000000 1.000000000000000 0.000000000000000 
0.000000000000000 0.000000000000000 1.000000000000000 
FD_GRID: 11 11 11
FD_ORDER: 12
BC: P P P
KPOINT_GRID: 1 1 1
KPOINT_SHIFT: 0.5 0.5 0.5
SPIN_TYP: 0
ELEC_TEMP_TYPE: Fermi-Dirac
SMEARING: 0.001
EXCHANGE_CORRELATION: GGA_PBE
HUBBARD_FLAG: 0
NSTATES: 12
CHEB_DEGREE: 14
CHEFSI_BOUND_FLAG: 0
CALC_STRESS: 1
PLUMED_FLAG: 0
PLUMED_FILE: 
MAXIT_SCF: 100
MINIT_SCF: 2
MAXIT_POISSON: 3000
TOL_SCF: 1.00E-05
POISSON_SOLVER: AAR
TOL_POISSON: 1.00E-07
TOL_LANCZOS: 1.00E-02
TOL_PSEUDOCHARGE: 1.00E-08
MIXING_VARIABLE: density
MIXING_PRECOND: kerker
TOL_PRECOND: 4.84E-04
PRECOND_KERKER_KTF: 1
PRECOND_KERKER_THRESH: 0.1
MIXING_PARAMETER: 0.3
MIXING_HISTORY: 7
PULAY_FREQUENCY: 1
PULAY_RESTART: 0
REFERENCE_CUTOFF: 0.5
RHO_TRIGGER: 4
NUM_CHEFSI: 1
FIX_RAND: 1
VERBOSITY: 1
PRINT_FORCES: 1
PRINT_ATOMS: 1
PRINT_EIGEN: 0
PRINT_DENSITY: 0
PRINT_ENERGY_DENSITY: 0
OUTPUT_FILE: Al
***************************************************************************
                              Socket Mode                                  
***************************************************************************
SOCKET_HOST: localhost
SOCKET_PORT: 32431
SOCKET_INET: 1
SOCKET_MAX_NITER: 10000
***************************************************************************
                                Cell                                       
***************************************************************************
Lattice vectors (Bohr):
7.653391000000000 0.000000000000000 0.000000000000000 
0.000000000000000 7.653391000000000 0.000000000000000 
0.000000000000000 0.000000000000000 7.653391000000000 
Volume: 4.4829273833E+02 (Bohr^3)
Density: 2.4074928004E-01 (amu/Bohr^3), 2.6978058721E+00 (g/cc)
***************************************************************************
                           Parallelization                                 
***************************************************************************
NP_SPIN_PARAL: 1
NP_KPOINT_PARAL: 1
NP_BAND_PARAL: 4
NP_DOMAIN_PARAL: 1 1 1
NP_DOMAIN_PHI_PARAL: 1 1 1
EIG_SERIAL_MAXNS: 1500
***************************************************************************
                             Initialization                                
***************************************************************************
Number of processors               :  4
Mesh spacing                       :  0.695763 (Bohr)
Number of symmetry adapted k-points:  1
Output printed to                  :  Al.out
Total number of atom types         :  1
Total number of atoms              :  4
Total number of electrons          :  12
Atom type 1  (valence electrons)   :  Al 3
Pseudopotential                    :  13_Al_3_1.9_1.9_pbe_n_v1.0.psp8
Atomic mass                        :  26.9815385
Pseudocharge radii of atom type 1  :  9.04 9.04 9.04 (x, y, z dir)
Number of atoms of type 1          :  4
Estimated total memory usage       :  2.20 MB
Estimated memory per processor     :  564.19 kB
***************************************************************************
                         Reinitialized parameters                          
***************************************************************************
CELL: 7.6533908081042 7.6533908081042 7.6533908081042 
CHEB_DEGREE: 14
***************************************************************************
                             Reinitialization                              
***************************************************************************
Mesh spacing                       :  0.695763 (Bohr)
===================================================================
                    Self Consistent Field (SCF#1)                     
===================================================================
Iteration     Free Energy (Ha/atom)   SCF Error        Timing (sec)
1            -2.3351882817E+00        2.256E-01        0.276
2            -2.3348734397E+00        2.098E-01        0.026
3            -2.3333502155E+00        1.358E-01        0.049
4            -2.3335878030E+00        1.829E-01        0.017
5            -2.3325730738E+00        9.700E-02        0.103
6            -2.3324948247E+00        6.012E-02        0.218
7            -2.3326534868E+00        1.071E-01        0.173
8            -2.3324336439E+00        1.433E-02        0.017
9            -2.3324304356E+00        1.502E-02        0.031
10           -2.3324265518E+00        8.102E-03        0.026
11           -2.3324269119E+00        1.057E-02        0.020
12           -2.3324258891E+00        6.397E-03        0.007
13           -2.3324251341E+00        2.076E-03        0.071
14           -2.3324250651E+00        6.816E-04        0.025
15           -2.3324250869E+00        1.135E-03        0.014
16           -2.3324250551E+00        3.645E-04        0.014
17           -2.3324250889E+00        2.519E-04        0.014
18           -2.3324250814E+00        2.953E-04        0.016
19           -2.3324250956E+00        4.206E-04        0.009
20           -2.3324250770E+00        2.697E-04        0.022
21           -2.3324250849E+00        6.930E-05        0.017
22           -2.3324250761E+00        1.309E-04        0.010
23           -2.3324250627E+00        4.646E-05        0.012
24           -2.3324250827E+00        3.570E-05        0.009
25           -2.3324250712E+00        1.633E-05        0.047
26           -2.3324250707E+00        1.411E-05        0.066
27           -2.3324250671E+00        1.015E-05        0.151
28           -2.3324250615E+00        6.670E-06        0.036
Total number of SCF: 28    
====================================================================
                    Energy and force calculation                    
====================================================================
Free energy per atom               : -2.3324250615E+00 (Ha/atom)
Total free energy                  : -9.3297002461E+00 (Ha)
Band structure energy              :  2.7735477633E-01 (Ha)
Exchange correlation energy        : -4.3431918999E+00 (Ha)
Self and correction energy         : -1.2497908030E+01 (Ha)
-Entropy*kb*T                      : -6.4573351628E-03 (Ha)
Fermi level                        :  2.5594873768E-02 (Ha)
RMS force                          :  2.0129119998E-06 (Ha/Bohr)
Maximum force                      :  2.0618345241E-06 (Ha/Bohr)
Time for force calculation         :  0.084 (sec)
Pressure                           : -9.8648706838E+00 (GPa)
Maximum stress                     :  9.8648748822E+00 (GPa)
Time for stress calculation        :  0.102 (sec)
***************************************************************************
                         Reinitialized parameters                          
***************************************************************************
CELL: 7.6533908081042 7.6533908081042 7.6533908081042 
CHEB_DEGREE: 14
***************************************************************************
                             Reinitialization                              
***************************************************************************
Mesh spacing                       :  0.695763 (Bohr)
===================================================================
                    Self Consistent Field (SCF#2)                     
===================================================================
Iteration     Free Energy (Ha/atom)   SCF Error        Timing (sec)
1            -2.3324251914E+00        1.128E-03        0.037
2            -2.3324253397E+00        3.391E-03        0.007
3            -2.3324251736E+00        8.453E-04        0.016
4            -2.3324251623E+00        1.194E-04        0.040
5            -2.3324251620E+00        1.116E-04        0.082
6            -2.3324251605E+00        1.363E-05        0.035
7            -2.3324251619E+00        9.525E-06        0.096
Total number of SCF: 7     
====================================================================
                    Energy and force calculation                    
====================================================================
Free energy per atom               : -2.3324251619E+00 (Ha/atom)
Total free energy                  : -9.3297006476E+00 (Ha)
Band structure energy              :  2.7735430970E-01 (Ha)
Exchange correlation energy        : -4.3431916440E+00 (Ha)
Self and correction energy         : -1.2497908037E+01 (Ha)
-Entropy*kb*T                      : -6.4573082932E-03 (Ha)
Fermi level                        :  2.5594866793E-02 (Ha)
RMS force                          :  3.2369611060E-05 (Ha/Bohr)
Maximum force                      :  6.4732661375E-05 (Ha/Bohr)
Time for force calculation         :  0.084 (sec)
Pressure                           : -9.8650496437E+00 (GPa)
Maximum stress                     :  9.8651167450E+00 (GPa)
Time for stress calculation        :  0.109 (sec)
***************************************************************************
                         Reinitialized parameters                          
***************************************************************************
CELL: 7.6533908081042 7.6533908081042 7.6533908081042 
CHEB_DEGREE: 14
***************************************************************************
                             Reinitialization                              
***************************************************************************
Mesh spacing                       :  0.695763 (Bohr)
===================================================================
                    Self Consistent Field (SCF#3)                     
===================================================================
Iteration     Free Energy (Ha/atom)   SCF Error        Timing (sec)
1            -2.3324252830E+00        2.245E-03        0.034
2            -2.3324258673E+00        6.751E-03        0.020
3            -2.3324252086E+00        1.680E-03        0.008
4            -2.3324251639E+00        2.377E-04        0.016
5            -2.3324251631E+00        2.786E-04        0.017
6            -2.3324251596E+00        2.707E-05        0.013
7            -2.3324251598E+00        1.636E-05        0.067
8            -2.3324251619E+00        2.363E-05        0.068
9            -2.3324251562E+00        1.375E-05        0.064
10           -2.3324251597E+00        2.557E-06        0.058
Total number of SCF: 10    
====================================================================
                    Energy and force calculation                    
====================================================================
Free energy per atom               : -2.3324251597E+00 (Ha/atom)
Total free energy                  : -9.3297006389E+00 (Ha)
Band structure energy              :  2.7735430112E-01 (Ha)
Exchange correlation energy        : -4.3431916269E+00 (Ha)
Self and correction energy         : -1.2497908037E+01 (Ha)
-Entropy*kb*T                      : -6.4573165219E-03 (Ha)
Fermi level                        :  2.5594865237E-02 (Ha)
RMS force                          :  3.2893455721E-05 (Ha/Bohr)
Maximum force                      :  6.5778660281E-05 (Ha/Bohr)
Time for force calculation         :  0.067 (sec)
Pressure                           : -9.8650289565E+00 (GPa)
Maximum stress                     :  9.8650601121E+00 (GPa)
Time for stress calculation        :  0.104 (sec)
***************************************************************************
                         Reinitialized parameters                          
***************************************************************************
CELL: 7.6533908081042 7.6533908081042 7.6533908081042 
CHEB_DEGREE: 14
***************************************************************************
                             Reinitialization                              
***************************************************************************
Mesh spacing                       :  0.695763 (Bohr)
===================================================================
                    Self Consistent Field (SCF#4)                     
===================================================================
Iteration     Free Energy (Ha/atom)   SCF Error        Timing (sec)
1            -2.3324251618E+00        7.407E-06        0.058
2            -2.3324251625E+00        1.641E-05        0.009
3            -2.3324251638E+00        1.604E-06        0.013
Total number of SCF: 3     
====================================================================
                    Energy and force calculation                    
====================================================================
Free energy per atom               : -2.3324251638E+00 (Ha/atom)
Total free energy                  : -9.3297006551E+00 (Ha)
Band structure energy              :  2.7735429413E-01 (Ha)
Exchange correlation energy        : -4.3431916233E+00 (Ha)
Self and correction energy         : -1.2497908037E+01 (Ha)
-Entropy*kb*T                      : -6.4573137981E-03 (Ha)
Fermi level                        :  2.5594865103E-02 (Ha)
RMS force                          :  3.3090525032E-05 (Ha/Bohr)
Maximum force                      :  6.6178642911E-05 (Ha/Bohr)
Time for force calculation         :  0.084 (sec)
Pressure                           : -9.8650348686E+00 (GPa)
Maximum stress                     :  9.8650724628E+00 (GPa)
Time for stress calculation        :  0.127 (sec)
***************************************************************************
                         Reinitialized parameters                          
***************************************************************************
CELL: 7.6533908081042 7.6533908081042 7.6533908081042 
CHEB_DEGREE: 14
***************************************************************************
                             Reinitialization                              
***************************************************************************
Mesh spacing                       :  0.695763 (Bohr)
===================================================================
                    Self Consistent Field (SCF#5)                     
===================================================================
Iteration     Free Energy (Ha/atom)   SCF Error        Timing (sec)
1            -2.3324252824E+00        2.240E-03        0.066
2            -2.3324258617E+00        6.725E-03        0.011
3            -2.3324252085E+00        1.681E-03        0.020
4            -2.3324251637E+00        2.387E-04        0.013
5            -2.3324251634E+00        3.267E-04        0.015
6            -2.3324251595E+00        2.707E-05        0.040
7            -2.3324251596E+00        1.719E-05        0.020
8            -2.3324251629E+00        2.494E-05        0.011
9            -2.3324251516E+00        1.202E-05        0.006
10           -2.3324251602E+00        4.630E-06        0.010
Total number of SCF: 10    
====================================================================
                    Energy and force calculation                    
====================================================================
Free energy per atom               : -2.3324251602E+00 (Ha/atom)
Total free energy                  : -9.3297006407E+00 (Ha)
Band structure energy              :  2.7735430954E-01 (Ha)
Exchange correlation energy        : -4.3431916273E+00 (Ha)
Self and correction energy         : -1.2497908037E+01 (Ha)
-Entropy*kb*T                      : -6.4573212416E-03 (Ha)
Fermi level                        :  2.5594865877E-02 (Ha)
RMS force                          :  3.3087066552E-05 (Ha/Bohr)
Maximum force                      :  6.6158342023E-05 (Ha/Bohr)
Time for force calculation         :  0.084 (sec)
Pressure                           : -9.8650194113E+00 (GPa)
Maximum stress                     :  9.8650521921E+00 (GPa)
Time for stress calculation        :  0.107 (sec)
***************************************************************************
                         Reinitialized parameters                          
***************************************************************************
CELL: 7.6533908081042 7.6533908081042 7.6533908081042 
CHEB_DEGREE: 14
***************************************************************************
                             Reinitialization                              
***************************************************************************
Mesh spacing                       :  0.695763 (Bohr)
===================================================================
                    Self Consistent Field (SCF#6)                     
===================================================================
Iteration     Free Energy (Ha/atom)   SCF Error        Timing (sec)
1            -2.3324251648E+00        3.436E-04        0.104
2            -2.3324251786E+00        1.038E-03        0.096
3            -2.3324251629E+00        2.551E-04        0.081
4            -2.3324251620E+00        3.712E-05        0.098
5            -2.3324251620E+00        2.545E-05        0.062
6            -2.3324251620E+00        4.910E-06        0.046
Total number of SCF: 6     
====================================================================
                    Energy and force calculation                    
====================================================================
Free energy per atom               : -2.3324251620E+00 (Ha/atom)
Total free energy                  : -9.3297006481E+00 (Ha)
Band structure energy              :  2.7735429412E-01 (Ha)
Exchange correlation energy        : -4.3431916234E+00 (Ha)
Self and correction energy         : -1.2497908037E+01 (Ha)
-Entropy*kb*T                      : -6.4573121397E-03 (Ha)
Fermi level                        :  2.5594864480E-02 (Ha)
RMS force                          :  3.3137001839E-05 (Ha/Bohr)
Maximum force                      :  6.6261254139E-05 (Ha/Bohr)
Time for force calculation         :  0.083 (sec)
Pressure                           : -9.8650414800E+00 (GPa)
Maximum stress                     :  9.8652438260E+00 (GPa)
Time for stress calculation        :  0.109 (sec)
***************************************************************************
                         Reinitialized parameters                          
***************************************************************************
CELL: 7.6533908081042 7.6533908081042 7.6533908081042 
CHEB_DEGREE: 14
***************************************************************************
                             Reinitialization                              
***************************************************************************
Mesh spacing                       :  0.695763 (Bohr)
===================================================================
                    Self Consistent Field (SCF#7)                     
===================================================================
Iteration     Free Energy (Ha/atom)   SCF Error        Timing (sec)
1            -2.3324252828E+00        2.243E-03        0.059
2            -2.3324258657E+00        6.743E-03        0.021
3            -2.3324252087E+00        1.680E-03        0.009
4            -2.3324251640E+00        2.388E-04        0.008
5            -2.3324251636E+00        3.285E-04        0.012
6            -2.3324251599E+00        2.646E-05        0.014
7            -2.3324251595E+00        1.772E-05        0.032
8            -2.3324251632E+00        2.343E-05        0.016
9            -2.3324251522E+00        1.073E-05        0.007
10           -2.3324251603E+00        5.390E-06        0.010
Total number of SCF: 10    
====================================================================
                    Energy and force calculation                    
====================================================================
Free energy per atom               : -2.3324251603E+00 (Ha/atom)
Total free energy                  : -9.3297006412E+00 (Ha)
Band structure energy              :  2.7735431275E-01 (Ha)
Exchange correlation energy        : -4.3431916279E+00 (Ha)
Self and correction energy         : -1.2497908037E+01 (Ha)
-Entropy*kb*T                      : -6.4573238232E-03 (Ha)
Fermi level                        :  2.5594865918E-02 (Ha)
RMS force                          :  3.3072642016E-05 (Ha/Bohr)
Maximum force                      :  6.6116278744E-05 (Ha/Bohr)
Time for force calculation         :  0.063 (sec)
Pressure                           : -9.8650151574E+00 (GPa)
Maximum stress                     :  9.8650434714E+00 (GPa)
Time for stress calculation        :  0.116 (sec)
***************************************************************************
                         Reinitialized parameters                          
***************************************************************************
CELL: 7.6533908081042 7.6533908081042 7.6533908081042 
CHEB_DEGREE: 14
***************************************************************************
                             Reinitialization                              
***************************************************************************
Mesh spacing                       :  0.695763 (Bohr)
===================================================================
                    Self Consistent Field (SCF#8)                     
===================================================================
Iteration     Free Energy (Ha/atom)   SCF Error        Timing (sec)
1            -2.3324251619E+00        5.176E-06        0.029
2            -2.3324251619E+00        1.578E-05        0.012
3            -2.3324251609E+00        4.524E-06        0.009
Total number of SCF: 3     
====================================================================
                    Energy and force calculation                    
====================================================================
Free energy per atom               : -2.3324251609E+00 (Ha/atom)
Total free energy                  : -9.3297006434E+00 (Ha)
Band structure energy              :  2.7735429139E-01 (Ha)
Exchange correlation energy        : -4.3431916252E+00 (Ha)
Self and correction energy         : -1.2497908037E+01 (Ha)
-Entropy*kb*T                      : -6.4573081400E-03 (Ha)
Fermi level                        :  2.5594863797E-02 (Ha)
RMS force                          :  3.3124743469E-05 (Ha/Bohr)
Maximum force                      :  6.6229755396E-05 (Ha/Bohr)
Time for force calculation         :  0.067 (sec)
Pressure                           : -9.8650510259E+00 (GPa)
Maximum stress                     :  9.8650812090E+00 (GPa)
Time for stress calculation        :  0.114 (sec)
***************************************************************************
                         Reinitialized parameters                          
***************************************************************************
CELL: 7.6533908081042 7.6533908081042 7.6533908081042 
CHEB_DEGREE: 14
***************************************************************************
                             Reinitialization                              
***************************************************************************
Mesh spacing                       :  0.695763 (Bohr)
===================================================================
                    Self Consistent Field (SCF#9)                     
===================================================================
Iteration     Free Energy (Ha/atom)   SCF Error        Timing (sec)
1            -2.3324252827E+00        2.239E-03        0.097
2            -2.3324258617E+00        6.723E-03        0.088
3            -2.3324252088E+00        1.681E-03        0.087
4            -2.3324251640E+00        2.390E-04        0.090
5            -2.3324251637E+00        3.394E-04        0.063
6            -2.3324251600E+00        2.653E-05        0.052
7            -2.3324251595E+00        1.827E-05        0.085
8            -2.3324251633E+00        2.212E-05        0.056
9            -2.3324251529E+00        1.005E-05        0.081
10           -2.3324251604E+00        5.739E-06        0.053
Total number of SCF: 10    
====================================================================
                    Energy and force calculation                    
====================================================================
Free energy per atom               : -2.3324251604E+00 (Ha/atom)
Total free energy                  : -9.3297006414E+00 (Ha)
Band structure energy              :  2.7735431583E-01 (Ha)
Exchange correlation energy        : -4.3431916282E+00 (Ha)
Self and correction energy         : -1.2497908037E+01 (Ha)
-Entropy*kb*T                      : -6.4573256349E-03 (Ha)
Fermi level                        :  2.5594866050E-02 (Ha)
RMS force                          :  3.3223414102E-05 (Ha/Bohr)
Maximum force                      :  6.6429625192E-05 (Ha/Bohr)
Time for force calculation         :  0.064 (sec)
Pressure                           : -9.8650122176E+00 (GPa)
Maximum stress                     :  9.8650443168E+00 (GPa)
Time for stress calculation        :  0.106 (sec)
***************************************************************************
                         Reinitialized parameters                          
***************************************************************************
CELL: 7.6533908081042 7.6533908081042 7.6533908081042 
CHEB_DEGREE: 14
***************************************************************************
                             Reinitialization                              
***************************************************************************
Mesh spacing                       :  0.695763 (Bohr)
===================================================================
                    Self Consistent Field (SCF#10)                     
===================================================================
Iteration     Free Energy (Ha/atom)   SCF Error        Timing (sec)
1            -2.3324251630E+00        2.264E-04        0.044
2            -2.3324251690E+00        6.824E-04        0.007
3            -2.3324251624E+00        1.682E-04        0.022
4            -2.3324251619E+00        2.486E-05        0.024
5            -2.3324251619E+00        3.739E-05        0.006
6            -2.3324251617E+00        3.731E-06        0.017
Total number of SCF: 6     
====================================================================
                    Energy and force calculation                    
====================================================================
Free energy per atom               : -2.3324251617E+00 (Ha/atom)
Total free energy                  : -9.3297006470E+00 (Ha)
Band structure energy              :  2.7735429537E-01 (Ha)
Exchange correlation energy        : -4.3431916209E+00 (Ha)
Self and correction energy         : -1.2497908037E+01 (Ha)
-Entropy*kb*T                      : -6.4573115371E-03 (Ha)
Fermi level                        :  2.5594864043E-02 (Ha)
RMS force                          :  3.3098924780E-05 (Ha/Bohr)
Maximum force                      :  6.6194034096E-05 (Ha/Bohr)
Time for force calculation         :  0.089 (sec)
Pressure                           : -9.8650440320E+00 (GPa)
Maximum stress                     :  9.8651047167E+00 (GPa)
Time for stress calculation        :  0.127 (sec)
***************************************************************************
                         Reinitialized parameters                          
***************************************************************************
CELL: 7.6533908081042 7.6533908081042 7.6533908081042 
CHEB_DEGREE: 14
***************************************************************************
                             Reinitialization                              
***************************************************************************
Mesh spacing                       :  0.695763 (Bohr)
===================================================================
                    Self Consistent Field (SCF#11)                     
===================================================================
Iteration     Free Energy (Ha/atom)   SCF Error        Timing (sec)
1            -2.3324252825E+00        2.242E-03        0.018
2            -2.3324258648E+00        6.739E-03        0.014
3            -2.3324252086E+00        1.678E-03        0.035
4            -2.3324251639E+00        2.394E-04        0.018
5            -2.3324251638E+00        3.549E-04        0.010
6            -2.3324251598E+00        2.702E-05        0.076
7            -2.3324251596E+00        1.777E-05        0.101
8            -2.3324251633E+00        2.321E-05        0.067
9            -2.3324251610E+00        1.395E-05        0.061
10           -2.3324251592E+00        4.088E-06        0.048
Total number of SCF: 10    
====================================================================
                    Energy and force calculation                    
====================================================================
Free energy per atom               : -2.3324251592E+00 (Ha/atom)
Total free energy                  : -9.3297006369E+00 (Ha)
Band structure energy              :  2.7735429564E-01 (Ha)
Exchange correlation energy        : -4.3431916277E+00 (Ha)
Self and correction energy         : -1.2497908037E+01 (Ha)
-Entropy*kb*T                      : -6.4573128101E-03 (Ha)
Fermi level                        :  2.5594864754E-02 (Ha)
RMS force                          :  3.2849984224E-05 (Ha/Bohr)
Maximum force                      :  6.5640426146E-05 (Ha/Bohr)
Time for force calculation         :  0.076 (sec)
Pressure                           : -9.8650368339E+00 (GPa)
Maximum stress                     :  9.8650662398E+00 (GPa)
Time for stress calculation        :  0.111 (sec)
***************************************************************************
                         Reinitialized parameters                          
***************************************************************************
CELL: 7.6533908081042 7.6533908081042 7.6533908081042 
CHEB_DEGREE: 14
***************************************************************************
                             Reinitialization                              
***************************************************************************
Mesh spacing                       :  0.695763 (Bohr)
===================================================================
                    Self Consistent Field (SCF#12)                     
===================================================================
Iteration     Free Energy (Ha/atom)   SCF Error        Timing (sec)
1            -2.3324251619E+00        7.006E-05        0.055
2            -2.3324251626E+00        2.115E-04        0.014
3            -2.3324251625E+00        4.989E-05        0.012
4            -2.3324251619E+00        1.108E-05        0.024
5            -2.3324251621E+00        1.273E-05        0.050
6            -2.3324251618E+00        1.027E-05        0.076
7            -2.3324251628E+00        2.258E-05        0.061
8            -2.3324251612E+00        1.852E-05        0.066
9            -2.3324251604E+00        1.207E-05        0.063
10           -2.3324251624E+00        5.862E-06        0.050
Total number of SCF: 10    
====================================================================
                    Energy and force calculation                    
====================================================================
Free energy per atom               : -2.3324251624E+00 (Ha/atom)
Total free energy                  : -9.3297006495E+00 (Ha)
Band structure energy              :  2.7735428445E-01 (Ha)
Exchange correlation energy        : -4.3431916129E+00 (Ha)
Self and correction energy         : -1.2497908037E+01 (Ha)
-Entropy*kb*T                      : -6.4573066009E-03 (Ha)
Fermi level                        :  2.5594863158E-02 (Ha)
RMS force                          :  3.3165842286E-05 (Ha/Bohr)
Maximum force                      :  6.6233553275E-05 (Ha/Bohr)
Time for force calculation         :  0.079 (sec)
Pressure                           : -9.8650527555E+00 (GPa)
Maximum stress                     :  9.8650748860E+00 (GPa)
Time for stress calculation        :  0.110 (sec)
***************************************************************************
                         Reinitialized parameters                          
***************************************************************************
CELL: 7.6533908081042 7.6533908081042 7.6533908081042 
CHEB_DEGREE: 14
***************************************************************************
                             Reinitialization                              
***************************************************************************
Mesh spacing                       :  0.695763 (Bohr)
===================================================================
                    Self Consistent Field (SCF#13)                     
===================================================================
Iteration     Free Energy (Ha/atom)   SCF Error        Timing (sec)
1            -2.3324252819E+00        2.233E-03        0.025
2            -2.3324258587E+00        6.709E-03        0.040
3            -2.3324252085E+00        1.674E-03        0.044
4            -2.3324251641E+00        2.384E-04        0.104
5            -2.3324251639E+00        3.492E-04        0.030
6            -2.3324251598E+00        2.553E-05        0.010
7            -2.3324251596E+00        1.742E-05        0.022
8            -2.3324251628E+00        2.404E-05        0.016
9            -2.3324251535E+00        1.063E-05        0.017
10           -2.3324251603E+00        4.249E-06        0.027
Total number of SCF: 10    
====================================================================
                    Energy and force calculation                    
====================================================================
Free energy per atom               : -2.3324251603E+00 (Ha/atom)
Total free energy                  : -9.3297006411E+00 (Ha)
Band structure energy              :  2.7735430704E-01 (Ha)
Exchange correlation energy        : -4.3431916293E+00 (Ha)
Self and correction energy         : -1.2497908037E+01 (Ha)
-Entropy*kb*T                      : -6.4573200802E-03 (Ha)
Fermi level                        :  2.5594865391E-02 (Ha)
RMS force                          :  3.3011654016E-05 (Ha/Bohr)
Maximum force                      :  6.6012354061E-05 (Ha/Bohr)
Time for force calculation         :  0.078 (sec)
Pressure                           : -9.8650243365E+00 (GPa)
Maximum stress                     :  9.8650595572E+00 (GPa)
Time for stress calculation        :  0.108 (sec)
***************************************************************************
                         Reinitialized parameters                          
***************************************************************************
CELL: 7.6533908081042 7.6533908081042 7.6533908081042 
CHEB_DEGREE: 14
***************************************************************************
                             Reinitialization                              
***************************************************************************
Mesh spacing                       :  0.695763 (Bohr)
===================================================================
                    Self Consistent Field (SCF#14)                     
===================================================================
Iteration     Free Energy (Ha/atom)   SCF Error        Timing (sec)
1            -2.3324251636E+00        2.780E-04        0.018
2            -2.3324251726E+00        8.370E-04        0.010
3            -2.3324251624E+00        2.077E-04        0.018
4            -2.3324251618E+00        3.076E-05        0.021
5            -2.3324251617E+00        3.451E-05        0.008
6            -2.3324251618E+00        4.821E-06        0.074
Total number of SCF: 6     
====================================================================
                    Energy and force calculation                    
====================================================================
Free energy per atom               : -2.3324251618E+00 (Ha/atom)
Total free energy                  : -9.3297006470E+00 (Ha)
Band structure energy              :  2.7735429519E-01 (Ha)
Exchange correlation energy        : -4.3431916213E+00 (Ha)
Self and correction energy         : -1.2497908037E+01 (Ha)
-Entropy*kb*T                      : -6.4573123706E-03 (Ha)
Fermi level                        :  2.5594864572E-02 (Ha)
RMS force                          :  3.3077371075E-05 (Ha/Bohr)
Maximum force                      :  6.6143464481E-05 (Ha/Bohr)
Time for force calculation         :  0.074 (sec)
Pressure                           : -9.8650399471E+00 (GPa)
Maximum stress                     :  9.8651206572E+00 (GPa)
Time for stress calculation        :  0.118 (sec)
***************************************************************************
                         Reinitialized parameters                          
***************************************************************************
CELL: 7.6533908081042 7.6533908081042 7.6533908081042 
CHEB_DEGREE: 14
***************************************************************************
                             Reinitialization                              
***************************************************************************
Mesh spacing                       :  0.695763 (Bohr)
===================================================================
                    Self Consistent Field (SCF#15)                     
===================================================================
Iteration     Free Energy (Ha/atom)   SCF Error        Timing (sec)
1            -2.3324252815E+00        2.230E-03        0.036
2            -2.3324258573E+00        6.702E-03        0.016
3            -2.3324252083E+00        1.670E-03        0.011
4            -2.3324251641E+00        2.376E-04        0.013
5            -2.3324251637E+00        3.289E-04        0.030
6            -2.3324251601E+00        2.681E-05        0.010
7            -2.3324251597E+00        1.806E-05        0.015
8            -2.3324251633E+00        2.321E-05        0.028
9            -2.3324251524E+00        1.074E-05        0.016
10           -2.3324251605E+00        5.761E-06        0.006
Total number of SCF: 10    
====================================================================
                    Energy and force calculation                    
====================================================================
Free energy per atom               : -2.3324251605E+00 (Ha/atom)
Total free energy                  : -9.3297006419E+00 (Ha)
Band structure energy              :  2.7735431382E-01 (Ha)
Exchange correlation energy        : -4.3431916287E+00 (Ha)
Self and correction energy         : -1.2497908037E+01 (Ha)
-Entropy*kb*T                      : -6.4573246866E-03 (Ha)
Fermi level                        :  2.5594865923E-02 (Ha)
RMS force                          :  3.3186624605E-05 (Ha/Bohr)
Maximum force                      :  6.6353450654E-05 (Ha/Bohr)
Time for force calculation         :  0.077 (sec)
Pressure                           : -9.8650142915E+00 (GPa)
Maximum stress                     :  9.8650489354E+00 (GPa)
Time for stress calculation        :  0.136 (sec)
***************************************************************************
                         Reinitialized parameters                          
***************************************************************************
CELL: 7.6533908081042 7.6533908081042 7.6533908081042 
CHEB_DEGREE: 14
***************************************************************************
                             Reinitialization                              
***************************************************************************
Mesh spacing                       :  0.695763 (Bohr)
===================================================================
                    Self Consistent Field (SCF#16)                     
===================================================================
Iteration     Free Energy (Ha/atom)   SCF Error        Timing (sec)
1            -2.3324251639E+00        3.052E-04        0.075
2            -2.3324251749E+00        9.240E-04        0.081
3            -2.3324251625E+00        2.232E-04        0.069
4            -2.3324251617E+00        3.368E-05        0.080
5            -2.3324251617E+00        4.551E-05        0.085
6            -2.3324251616E+00        5.506E-06        0.073
Total number of SCF: 6     
====================================================================
                    Energy and force calculation                    
====================================================================
Free energy per atom               : -2.3324251616E+00 (Ha/atom)
Total free energy                  : -9.3297006464E+00 (Ha)
Band structure energy              :  2.7735429631E-01 (Ha)
Exchange correlation energy        : -4.3431916220E+00 (Ha)
Self and correction energy         : -1.2497908037E+01 (Ha)
-Entropy*kb*T                      : -6.4573118724E-03 (Ha)
Fermi level                        :  2.5594864429E-02 (Ha)
RMS force                          :  3.3097130916E-05 (Ha/Bohr)
Maximum force                      :  6.6191543803E-05 (Ha/Bohr)
Time for force calculation         :  0.074 (sec)
Pressure                           : -9.8650421202E+00 (GPa)
Maximum stress                     :  9.8651434155E+00 (GPa)
Time for stress calculation        :  0.107 (sec)
***************************************************************************
                               Timing info                                 
***************************************************************************
Total walltime                     :  12.590 sec
___________________________________________________________________________

***************************************************************************
*             Material Physics & Mechanics Group, Georgia Tech            *
*                       PI: Phanish Suryanarayana                         *
*               List of contributors: See the documentation               *
*         Citation: See README.md or the documentation for details        *
*  Acknowledgements: U.S. DOE SC (DE-SC0019410), U.S. DOE NNSA (ASC)      *
*      {Preliminary developments: U.S. NSF (1333500,1663244,1553212)}     *
***************************************************************************
                                                                           
