***************************************************************************
*                           SPARC (Oct 16, 2019)                          *
*   Copyright (c) 2019 Material Physics & Mechanics Group, Georgia Tech   *
*           Distributed under GNU General Public License 3 (GPL)          *
*                 Start time: Wed Nov 13 16:18:41 2019                    *
***************************************************************************
                           Input parameters                                
***************************************************************************
CELL: 6.06602086393654 6.06602086393654 9.85121788303294 
LATVEC:
1 0 0 
-0.5 0.866025403784439 0 
0 0 1 
FD_GRID: 19 19 35
FD_ORDER: 12
BOUNDARY_CONDITION: 2
KPOINT_GRID: 2 2 2
KPOINT_SHIFT: 0 0 0
SPIN_TYP: 1
ELEC_TEMP_TYPE: Gaussian
SMEARING: 0.007349864496
CHEB_DEGREE: 25
NSTATES: 17
EXCHANGE_CORRELATION: LDA_PZ
CALC_STRESS: 0
CALC_PRES: 0
CHEFSI_BOUND_FLAG: 0
MAXIT_SCF: 100
MINIT_SCF: 3
MAXIT_POISSON: 3000
TOL_SCF: 1.00E-04
TOL_POISSON: 1.00E-04
TOL_LANCZOS: 5.00E-03
TOL_PSEUDOCHARGE: 1.00E-06
MIXING_VARIABLE: density
MIXING_PRECOND: none
MIXING_PARAMETER: 0.3
MIXING_HISTORY: 7
PULAY_FREQUENCY: 1
PULAY_RESTART: 0
REFERENCE_CUTOFF: 0.5
RHO_TRIGGER: 4
FIX_RAND: 0
VERBOSITY: 1
PRINT_FORCES: 1
PRINT_ATOMS: 1
PRINT_EIGEN: 0
PRINT_DENSITY: 0
OUTPUT_FILE: Mg
***************************************************************************
                           Parallelization                                 
***************************************************************************
NP_SPIN_PARAL: 1
NP_KPOINT_PARAL: 1
NP_BAND_PARAL: 1
NP_DOMAIN_PARAL: 1 1 1
NP_DOMAIN_PHI_PARAL: 1 1 1
***************************************************************************
                             Initialization                                
***************************************************************************
Number of processors               :  1
Mesh spacing in x-direction        :  0.319264 (Bohr)
Mesh spacing in y-direction        :  0.319264 (Bohr)
Mesh spacing in z direction        :  0.281463 (Bohr)
Number of symmetry adapted k-points:  4
Output printed to                  :  Mg.out
Total number of atom types         :  1
Total number of atoms              :  2
Total number of electrons          :  20
Atom type 1  (valence electrons)   :  Mg 10
Pseudopotential                    :  ./Mg.pot
Pseudocharge radii of atom type 1  :  7.66 7.66 7.32 (x, y, z dir)
Number of atoms of type 1          :  2
Fractional coordinates of atoms of type 1     :
      0.0000000000       0.0000000000       0.0000000000
      0.3333333333       0.6666666667       0.5000000000
========================================================================================
                    Self Consistent Field (SCF#1)                     
========================================================================================
Iteration     Free Energy (Ha/atom)   SCF Error        Timing (sec)
1            -5.4160417185E+01        1.785E-02        14.191
2            -5.4159374189E+01        9.945E-03        3.605
3            -5.4158489858E+01        2.656E-03        3.568
4            -5.4158607538E+01        1.441E-03        3.612
5            -5.4158735867E+01        1.161E-04        3.573
6            -5.4158398400E+01        6.050E-05        3.573
Total number of SCF: 6     
====================================================================
                    Energy and force calculation                    
====================================================================
Free energy per atom               : -5.4158293928E+01 (Ha/atom)
Total free energy                  : -1.0831658786E+02 (Ha)
Band structure energy              : -2.7278015127E+01 (Ha)
Exchange correlation energy        : -1.3482396717E+01 (Ha)
Self and correction energy         : -1.5723525873E+02 (Ha)
Entropy*kb*T                       : -3.9334688666E-10 (Ha)
Fermi level                        :  1.7547866795E-01 (Ha)
Atomic forces (Ha/Bohr):
 -7.4200194359E-04   4.3293466233E-04  -3.6030254009E-04
  7.4200194359E-04  -4.3293466233E-04   3.6030254009E-04
RMS force                          :  9.3156708107E-04 (Ha/Bohr)
Maximum force                      :  9.3156708107E-04 (Ha/Bohr)
Time for force calculation         :  0.151 (sec)
***************************************************************************
                               Timing info                                 
***************************************************************************
Total walltime                     :  32.428 sec
___________________________________________________________________________

***************************************************************************
*             Material Physics & Mechanics Group, Georgia Tech            *
*                       PI: Phanish Suryanarayana                         *
*                Main Developers: Qimen Xu, Abhiraj Sharma                *
*     Collaborators: John E. Pask (LLNL), Andrew J. Medford group (GT)    *
*  Acknowledgements: U.S. DOE (DE-SC0019410); U.S. NSF (1333500,1553212)  *
***************************************************************************
                                                                           
