***************************************************************************
*                           SPARC (Oct 16, 2019)                          *
*   Copyright (c) 2019 Material Physics & Mechanics Group, Georgia Tech   *
*           Distributed under GNU General Public License 3 (GPL)          *
*                 Start time: Wed Nov 13 15:52:56 2019                    *
***************************************************************************
                           Input parameters                                
***************************************************************************
CELL: 9.44863062918464 9.44863062918464 9.44863062918464 
LATVEC:
1 0 0 
0 1 0 
0 0 1 
FD_GRID: 50 50 50
FD_ORDER: 12
BOUNDARY_CONDITION: 1
SPIN_TYP: 1
ELEC_TEMP_TYPE: Gaussian
SMEARING: 0.007349864496
CHEB_DEGREE: 36
NSTATES: 6
EXCHANGE_CORRELATION: GGA_PBE
RELAX_FLAG: 1
RELAX_METHOD: LBFGS
RELAX_NITER: 300
L_HISTORY: 18
L_FINIT_STP: 0.004
L_MAXMOV: 0.21
L_AUTOSCALE: 1
L_LINEOPT: 1
L_ICURV: 1
CALC_STRESS: 0
CALC_PRES: 0
TWTIME: 1E+09
CHEFSI_BOUND_FLAG: 0
MAXIT_SCF: 100
MINIT_SCF: 3
MAXIT_POISSON: 3000
TOL_SCF: 1.00E-03
TOL_POISSON: 1.00E-05
TOL_LANCZOS: 1.00E-02
TOL_PSEUDOCHARGE: 1.00E-05
MIXING_VARIABLE: potential
MIXING_PRECOND: none
MIXING_PARAMETER: 0.3
MIXING_HISTORY: 7
PULAY_FREQUENCY: 1
PULAY_RESTART: 0
REFERENCE_CUTOFF: 0.5
RHO_TRIGGER: 4
FIX_RAND: 0
VERBOSITY: 1
PRINT_FORCES: 1
PRINT_ATOMS: 1
PRINT_EIGEN: 0
PRINT_DENSITY: 0
PRINT_VELS: 1
PRINT_RESTART: 1
PRINT_RESTART_FQ: 1
TOL_RELAX: 5.00E-04
PRINT_RELAXOUT: 0
OUTPUT_FILE: H2
***************************************************************************
                           Parallelization                                 
***************************************************************************
NP_SPIN_PARAL: 1
NP_KPOINT_PARAL: 1
NP_BAND_PARAL: 1
NP_DOMAIN_PARAL: 1 1 1
NP_DOMAIN_PHI_PARAL: 1 1 1
***************************************************************************
                             Initialization                                
***************************************************************************
Number of processors               :  1
Mesh spacing                       :  0.188973 (Bohr)
Output printed to                  :  H2.out
Total number of atom types         :  1
Total number of atoms              :  2
Total number of electrons          :  2
Atom type 1  (valence electrons)   :  H 1
Pseudopotential                    :  ./H.pot
Pseudocharge radii of atom type 1  :  1.89 1.89 1.89 (x, y, z dir)
Number of atoms of type 1          :  2
========================================================================================
                    Self Consistent Field (SCF#1)                     
========================================================================================
Iteration     Free Energy (Ha/atom)   SCF Error        Timing (sec)
1            -5.8052377613E-01        3.966E-01        2.546
2            -5.8144497341E-01        2.811E-01        0.947
3            -5.8216420331E-01        3.171E-02        0.951
4            -5.8220235203E-01        1.738E-02        0.798
5            -5.8223718509E-01        1.035E-03        0.848
6            -5.8224425458E-01        5.783E-04        0.588
Total number of SCF: 6     
====================================================================
                    Energy and force calculation                    
====================================================================
Free energy per atom               : -5.8224425458E-01 (Ha/atom)
Total free energy                  : -1.1644885092E+00 (Ha)
Band structure energy              : -7.5503547637E-01 (Ha)
Exchange correlation energy        : -6.9516169241E-01 (Ha)
Self and correction energy         : -3.3201380873E+00 (Ha)
Entropy*kb*T                       : -4.3608321350E-07 (Ha)
Fermi level                        :  6.0543872262E-02 (Ha)
RMS force                          :  5.7363002335E-03 (Ha/Bohr)
Maximum force                      :  5.7363002335E-03 (Ha/Bohr)
Time for force calculation         :  0.031 (sec)
========================================================================================
                    Self Consistent Field (SCF#2)                     
========================================================================================
Iteration     Free Energy (Ha/atom)   SCF Error        Timing (sec)
1            -5.8225546984E-01        1.383E-03        0.876
2            -5.8225122657E-01        8.679E-04        0.650
3            -5.8224957113E-01        8.473E-05        0.640
Total number of SCF: 3     
====================================================================
                    Energy and force calculation                    
====================================================================
Free energy per atom               : -5.8224957113E-01 (Ha/atom)
Total free energy                  : -1.1644991423E+00 (Ha)
Band structure energy              : -7.5376907634E-01 (Ha)
Exchange correlation energy        : -6.9421699256E-01 (Ha)
Self and correction energy         : -3.3201558123E+00 (Ha)
Entropy*kb*T                       : -4.3619002451E-07 (Ha)
Fermi level                        :  5.9812025342E-02 (Ha)
RMS force                          :  3.6436246272E-03 (Ha/Bohr)
Maximum force                      :  3.6436246272E-03 (Ha/Bohr)
Time for force calculation         :  0.031 (sec)
Relax step time                    :  2.514 (sec)
========================================================================================
                    Self Consistent Field (SCF#3)                     
========================================================================================
Iteration     Free Energy (Ha/atom)   SCF Error        Timing (sec)
1            -5.8226413907E-01        1.121E-03        0.856
2            -5.8225788842E-01        7.084E-04        0.651
3            -5.8225802780E-01        8.192E-05        0.641
Total number of SCF: 3     
====================================================================
                    Energy and force calculation                    
====================================================================
Free energy per atom               : -5.8225802780E-01 (Ha/atom)
Total free energy                  : -1.1645160556E+00 (Ha)
Band structure energy              : -7.5276986679E-01 (Ha)
Exchange correlation energy        : -6.9341147943E-01 (Ha)
Self and correction energy         : -3.3201717155E+00 (Ha)
Entropy*kb*T                       : -4.3629074840E-07 (Ha)
Fermi level                        :  5.9142469680E-02 (Ha)
RMS force                          :  1.8203263173E-03 (Ha/Bohr)
Maximum force                      :  1.8203263173E-03 (Ha/Bohr)
Time for force calculation         :  0.030 (sec)
Relax step time                    :  2.483 (sec)
========================================================================================
                    Self Consistent Field (SCF#4)                     
========================================================================================
Iteration     Free Energy (Ha/atom)   SCF Error        Timing (sec)
1            -5.8226831861E-01        1.777E-03        0.723
2            -5.8226548729E-01        1.239E-03        0.576
3            -5.8226420674E-01        2.129E-05        0.569
Total number of SCF: 3     
====================================================================
                    Energy and force calculation                    
====================================================================
Free energy per atom               : -5.8226420674E-01 (Ha/atom)
Total free energy                  : -1.1645284135E+00 (Ha)
Band structure energy              : -7.5168699391E-01 (Ha)
Exchange correlation energy        : -6.9259425960E-01 (Ha)
Self and correction energy         : -3.3201879504E+00 (Ha)
Entropy*kb*T                       : -4.3639864393E-07 (Ha)
Fermi level                        :  5.8496439629E-02 (Ha)
RMS force                          :  5.5964313433E-05 (Ha/Bohr)
Maximum force                      :  5.5964313433E-05 (Ha/Bohr)
Time for force calculation         :  0.031 (sec)
Relax step time                    :  2.178 (sec)
***************************************************************************
                               Timing info                                 
***************************************************************************
Total walltime                     :  14.564 sec
___________________________________________________________________________

***************************************************************************
*             Material Physics & Mechanics Group, Georgia Tech            *
*                       PI: Phanish Suryanarayana                         *
*                Main Developers: Qimen Xu, Abhiraj Sharma                *
*     Collaborators: John E. Pask (LLNL), Andrew J. Medford group (GT)    *
*  Acknowledgements: U.S. DOE (DE-SC0019410); U.S. NSF (1333500,1553212)  *
***************************************************************************
                                                                           
