***************************************************************************
*                       SPARC (version January 19, 2026)                 *
*   Copyright (c) 2020 Material Physics & Mechanics Group, Georgia Tech   *
*           Distributed under GNU General Public License 3 (GPL)          *
*                   Start time: Mon Sep 28 16:40:26 2026                  *
***************************************************************************
                           Input parameters                                
***************************************************************************
CELL: 7.653391 7.653391 7.653391 
LATVEC:
1.000000000000000 0.000000000000000 0.000000000000000 
0.000000000000000 1.000000000000000 0.000000000000000 
0.000000000000000 0.000000000000000 1.000000000000000 
FD_GRID: 11 11 11
FD_ORDER: 12
BC: P P P
KPOINT_GRID: 1 1 1
KPOINT_SHIFT: 0.5 0.5 0.5
SPIN_TYP: 0
ELEC_TEMP_TYPE: Fermi-Dirac
SMEARING: 0.001
EXCHANGE_CORRELATION: GGA_PBE
HUBBARD_FLAG: 0
NSTATES: 12
CHEB_DEGREE: 14
CHEFSI_BOUND_FLAG: 0
CALC_STRESS: 1
PLUMED_FLAG: 0
PLUMED_FILE: 
MAXIT_SCF: 100
MINIT_SCF: 2
MAXIT_POISSON: 3000
TOL_SCF: 1.00E-05
POISSON_SOLVER: AAR
TOL_POISSON: 1.00E-07
TOL_LANCZOS: 1.00E-02
TOL_PSEUDOCHARGE: 1.00E-08
MIXING_VARIABLE: density
MIXING_PRECOND: kerker
TOL_PRECOND: 4.84E-04
PRECOND_KERKER_KTF: 1
PRECOND_KERKER_THRESH: 0.1
MIXING_PARAMETER: 0.3
MIXING_HISTORY: 7
PULAY_FREQUENCY: 1
PULAY_RESTART: 0
REFERENCE_CUTOFF: 0.5
RHO_TRIGGER: 4
NUM_CHEFSI: 1
FIX_RAND: 1
VERBOSITY: 1
PRINT_FORCES: 1
PRINT_ATOMS: 1
PRINT_EIGEN: 0
PRINT_DENSITY: 0
PRINT_ENERGY_DENSITY: 0
OUTPUT_FILE: Al
***************************************************************************
                              Socket Mode                                  
***************************************************************************
SOCKET_HOST: localhost
SOCKET_PORT: 32410
SOCKET_INET: 1
SOCKET_MAX_NITER: 10000
***************************************************************************
                                Cell                                       
***************************************************************************
Lattice vectors (Bohr):
7.653391000000000 0.000000000000000 0.000000000000000 
0.000000000000000 7.653391000000000 0.000000000000000 
0.000000000000000 0.000000000000000 7.653391000000000 
Volume: 4.4829273833E+02 (Bohr^3)
Density: 2.4074928004E-01 (amu/Bohr^3), 2.6978058721E+00 (g/cc)
***************************************************************************
                           Parallelization                                 
***************************************************************************
NP_SPIN_PARAL: 1
NP_KPOINT_PARAL: 1
NP_BAND_PARAL: 4
NP_DOMAIN_PARAL: 1 1 1
NP_DOMAIN_PHI_PARAL: 1 1 1
EIG_SERIAL_MAXNS: 1500
***************************************************************************
                             Initialization                                
***************************************************************************
Number of processors               :  4
Mesh spacing                       :  0.695763 (Bohr)
Number of symmetry adapted k-points:  1
Output printed to                  :  Al.out
Total number of atom types         :  1
Total number of atoms              :  4
Total number of electrons          :  12
Atom type 1  (valence electrons)   :  Al 3
Pseudopotential                    :  13_Al_3_1.9_1.9_pbe_n_v1.0.psp8
Atomic mass                        :  26.9815385
Pseudocharge radii of atom type 1  :  9.04 9.04 9.04 (x, y, z dir)
Number of atoms of type 1          :  4
Estimated total memory usage       :  2.20 MB
Estimated memory per processor     :  564.19 kB
***************************************************************************
                         Reinitialized parameters                          
***************************************************************************
CELL: 7.6533908081042 7.6533908081042 7.6533908081042 
CHEB_DEGREE: 14
***************************************************************************
                             Reinitialization                              
***************************************************************************
Mesh spacing                       :  0.695763 (Bohr)
===================================================================
                    Self Consistent Field (SCF#1)                     
===================================================================
Iteration     Free Energy (Ha/atom)   SCF Error        Timing (sec)
1            -2.3351882817E+00        2.256E-01        0.256
2            -2.3348734397E+00        2.098E-01        0.043
3            -2.3333502155E+00        1.358E-01        0.028
4            -2.3335878030E+00        1.829E-01        0.072
5            -2.3325730738E+00        9.700E-02        0.107
6            -2.3324948247E+00        6.012E-02        0.067
7            -2.3326534868E+00        1.071E-01        0.121
8            -2.3324336439E+00        1.433E-02        0.094
9            -2.3324304356E+00        1.502E-02        0.101
10           -2.3324265518E+00        8.102E-03        0.025
11           -2.3324269119E+00        1.057E-02        0.017
12           -2.3324258891E+00        6.397E-03        0.026
13           -2.3324251341E+00        2.076E-03        0.027
14           -2.3324250651E+00        6.816E-04        0.074
15           -2.3324250869E+00        1.135E-03        0.083
16           -2.3324250551E+00        3.645E-04        0.035
17           -2.3324250889E+00        2.519E-04        0.017
18           -2.3324250814E+00        2.953E-04        0.029
19           -2.3324250956E+00        4.206E-04        0.026
20           -2.3324250770E+00        2.697E-04        0.012
21           -2.3324250849E+00        6.930E-05        0.014
22           -2.3324250761E+00        1.309E-04        0.025
23           -2.3324250627E+00        4.646E-05        0.013
24           -2.3324250827E+00        3.570E-05        0.008
25           -2.3324250712E+00        1.633E-05        0.026
26           -2.3324250707E+00        1.411E-05        0.014
27           -2.3324250671E+00        1.015E-05        0.011
28           -2.3324250615E+00        6.670E-06        0.013
Total number of SCF: 28    
====================================================================
                    Energy and force calculation                    
====================================================================
Free energy per atom               : -2.3324250615E+00 (Ha/atom)
Total free energy                  : -9.3297002461E+00 (Ha)
Band structure energy              :  2.7735477633E-01 (Ha)
Exchange correlation energy        : -4.3431918999E+00 (Ha)
Self and correction energy         : -1.2497908030E+01 (Ha)
-Entropy*kb*T                      : -6.4573351628E-03 (Ha)
Fermi level                        :  2.5594873768E-02 (Ha)
RMS force                          :  2.0129119998E-06 (Ha/Bohr)
Maximum force                      :  2.0618345241E-06 (Ha/Bohr)
Time for force calculation         :  0.070 (sec)
Pressure                           : -9.8648706838E+00 (GPa)
Maximum stress                     :  9.8648748822E+00 (GPa)
Time for stress calculation        :  0.115 (sec)
***************************************************************************
                               Timing info                                 
***************************************************************************
Total walltime                     :  2.014 sec
___________________________________________________________________________

***************************************************************************
*             Material Physics & Mechanics Group, Georgia Tech            *
*                       PI: Phanish Suryanarayana                         *
*               List of contributors: See the documentation               *
*         Citation: See README.md or the documentation for details        *
*  Acknowledgements: U.S. DOE SC (DE-SC0019410), U.S. DOE NNSA (ASC)      *
*      {Preliminary developments: U.S. NSF (1333500,1663244,1553212)}     *
***************************************************************************
                                                                           
