***************************************************************************
*                       SPARC (version January 19, 2026)                 *
*   Copyright (c) 2020 Material Physics & Mechanics Group, Georgia Tech   *
*           Distributed under GNU General Public License 3 (GPL)          *
*                   Start time: Mon Sep 28 16:41:06 2026                  *
***************************************************************************
                           Input parameters                                
***************************************************************************
CELL: 7.653391 7.653391 7.653391 
LATVEC:
1.000000000000000 0.000000000000000 0.000000000000000 
0.000000000000000 1.000000000000000 0.000000000000000 
0.000000000000000 0.000000000000000 1.000000000000000 
FD_GRID: 11 11 11
FD_ORDER: 12
BC: P P P
KPOINT_GRID: 1 1 1
KPOINT_SHIFT: 0.5 0.5 0.5
SPIN_TYP: 0
ELEC_TEMP_TYPE: Fermi-Dirac
SMEARING: 0.001
EXCHANGE_CORRELATION: GGA_PBE
HUBBARD_FLAG: 0
NSTATES: 12
CHEB_DEGREE: 14
CHEFSI_BOUND_FLAG: 0
CALC_STRESS: 1
PLUMED_FLAG: 0
PLUMED_FILE: 
MAXIT_SCF: 100
MINIT_SCF: 2
MAXIT_POISSON: 3000
TOL_SCF: 1.00E-05
POISSON_SOLVER: AAR
TOL_POISSON: 1.00E-07
TOL_LANCZOS: 1.00E-02
TOL_PSEUDOCHARGE: 1.00E-08
MIXING_VARIABLE: density
MIXING_PRECOND: kerker
TOL_PRECOND: 4.84E-04
PRECOND_KERKER_KTF: 1
PRECOND_KERKER_THRESH: 0.1
MIXING_PARAMETER: 0.3
MIXING_HISTORY: 7
PULAY_FREQUENCY: 1
PULAY_RESTART: 0
REFERENCE_CUTOFF: 0.5
RHO_TRIGGER: 4
NUM_CHEFSI: 1
FIX_RAND: 1
VERBOSITY: 1
PRINT_FORCES: 1
PRINT_ATOMS: 1
PRINT_EIGEN: 0
PRINT_DENSITY: 0
PRINT_ENERGY_DENSITY: 0
OUTPUT_FILE: Al
***************************************************************************
                              Socket Mode                                  
***************************************************************************
SOCKET_HOST: localhost
SOCKET_PORT: 32432
SOCKET_INET: 1
SOCKET_MAX_NITER: 10000
***************************************************************************
                                Cell                                       
***************************************************************************
Lattice vectors (Bohr):
7.653391000000000 0.000000000000000 0.000000000000000 
0.000000000000000 7.653391000000000 0.000000000000000 
0.000000000000000 0.000000000000000 7.653391000000000 
Volume: 4.4829273833E+02 (Bohr^3)
Density: 2.4074928004E-01 (amu/Bohr^3), 2.6978058721E+00 (g/cc)
***************************************************************************
                           Parallelization                                 
***************************************************************************
NP_SPIN_PARAL: 1
NP_KPOINT_PARAL: 1
NP_BAND_PARAL: 4
NP_DOMAIN_PARAL: 1 1 1
NP_DOMAIN_PHI_PARAL: 1 1 1
EIG_SERIAL_MAXNS: 1500
***************************************************************************
                             Initialization                                
***************************************************************************
Number of processors               :  4
Mesh spacing                       :  0.695763 (Bohr)
Number of symmetry adapted k-points:  1
Output printed to                  :  Al.out
Total number of atom types         :  1
Total number of atoms              :  4
Total number of electrons          :  12
Atom type 1  (valence electrons)   :  Al 3
Pseudopotential                    :  13_Al_3_1.9_1.9_pbe_n_v1.0.psp8
Atomic mass                        :  26.9815385
Pseudocharge radii of atom type 1  :  9.04 9.04 9.04 (x, y, z dir)
Number of atoms of type 1          :  4
Estimated total memory usage       :  2.20 MB
Estimated memory per processor     :  564.19 kB
***************************************************************************
                         Reinitialized parameters                          
***************************************************************************
CELL: 7.6533908081042 7.6533908081042 7.6533908081042 
CHEB_DEGREE: 14
***************************************************************************
                             Reinitialization                              
***************************************************************************
Mesh spacing                       :  0.695763 (Bohr)
===================================================================
                    Self Consistent Field (SCF#1)                     
===================================================================
Iteration     Free Energy (Ha/atom)   SCF Error        Timing (sec)
1            -2.3351882817E+00        2.256E-01        0.092
2            -2.3348734397E+00        2.098E-01        0.088
3            -2.3333502155E+00        1.358E-01        0.027
4            -2.3335878030E+00        1.829E-01        0.029
5            -2.3325730738E+00        9.700E-02        0.037
6            -2.3324948247E+00        6.012E-02        0.024
7            -2.3326534868E+00        1.071E-01        0.008
8            -2.3324336439E+00        1.433E-02        0.181
9            -2.3324304356E+00        1.502E-02        0.213
10           -2.3324265518E+00        8.102E-03        0.165
11           -2.3324269119E+00        1.057E-02        0.011
12           -2.3324258891E+00        6.397E-03        0.022
13           -2.3324251341E+00        2.076E-03        0.017
14           -2.3324250651E+00        6.816E-04        0.085
15           -2.3324250869E+00        1.135E-03        0.023
16           -2.3324250551E+00        3.645E-04        0.010
17           -2.3324250889E+00        2.519E-04        0.012
18           -2.3324250814E+00        2.953E-04        0.019
19           -2.3324250956E+00        4.206E-04        0.009
20           -2.3324250770E+00        2.697E-04        0.011
21           -2.3324250849E+00        6.930E-05        0.008
22           -2.3324250761E+00        1.309E-04        0.017
23           -2.3324250627E+00        4.646E-05        0.062
24           -2.3324250827E+00        3.570E-05        0.058
25           -2.3324250712E+00        1.633E-05        0.071
26           -2.3324250707E+00        1.411E-05        0.061
27           -2.3324250671E+00        1.015E-05        0.043
28           -2.3324250615E+00        6.670E-06        0.037
Total number of SCF: 28    
====================================================================
                    Energy and force calculation                    
====================================================================
Free energy per atom               : -2.3324250615E+00 (Ha/atom)
Total free energy                  : -9.3297002461E+00 (Ha)
Band structure energy              :  2.7735477633E-01 (Ha)
Exchange correlation energy        : -4.3431918999E+00 (Ha)
Self and correction energy         : -1.2497908030E+01 (Ha)
-Entropy*kb*T                      : -6.4573351628E-03 (Ha)
Fermi level                        :  2.5594873768E-02 (Ha)
RMS force                          :  2.0129119998E-06 (Ha/Bohr)
Maximum force                      :  2.0618345241E-06 (Ha/Bohr)
Time for force calculation         :  0.099 (sec)
Pressure                           : -9.8648706838E+00 (GPa)
Maximum stress                     :  9.8648748822E+00 (GPa)
Time for stress calculation        :  0.107 (sec)
***************************************************************************
                         Reinitialized parameters                          
***************************************************************************
CELL: 7.6533908081042 7.6533908081042 7.6533908081042 
CHEB_DEGREE: 14
***************************************************************************
                             Reinitialization                              
***************************************************************************
Mesh spacing                       :  0.695763 (Bohr)
===================================================================
                    Self Consistent Field (SCF#2)                     
===================================================================
Iteration     Free Energy (Ha/atom)   SCF Error        Timing (sec)
1            -2.3324483036E+00        3.682E-02        0.015
2            -2.3328190950E+00        1.501E-01        0.011
3            -2.3324325276E+00        1.604E-02        0.059
4            -2.3324277526E+00        5.270E-03        0.095
5            -2.3324276104E+00        4.823E-03        0.089
6            -2.3324272473E+00        1.128E-03        0.029
7            -2.3324272236E+00        5.364E-04        0.017
8            -2.3324272351E+00        8.275E-04        0.012
9            -2.3324272242E+00        2.299E-04        0.050
10           -2.3324272374E+00        2.293E-04        0.011
11           -2.3324272261E+00        5.753E-05        0.023
12           -2.3324272255E+00        4.536E-05        0.022
13           -2.3324272201E+00        2.922E-05        0.013
14           -2.3324272234E+00        6.784E-06        0.006
Total number of SCF: 14    
====================================================================
                    Energy and force calculation                    
====================================================================
Free energy per atom               : -2.3324272234E+00 (Ha/atom)
Total free energy                  : -9.3297088938E+00 (Ha)
Band structure energy              :  2.7734713326E-01 (Ha)
Exchange correlation energy        : -4.3431945913E+00 (Ha)
Self and correction energy         : -1.2497908034E+01 (Ha)
-Entropy*kb*T                      : -6.4567288495E-03 (Ha)
Fermi level                        :  2.5594957996E-02 (Ha)
RMS force                          :  2.4180942229E-04 (Ha/Bohr)
Maximum force                      :  3.1089835514E-04 (Ha/Bohr)
Time for force calculation         :  0.084 (sec)
Pressure                           : -9.8690255446E+00 (GPa)
Maximum stress                     :  9.8696019075E+00 (GPa)
Time for stress calculation        :  0.106 (sec)
***************************************************************************
                         Reinitialized parameters                          
***************************************************************************
CELL: 7.6533908081042 7.6533908081042 7.6533908081042 
CHEB_DEGREE: 14
***************************************************************************
                             Reinitialization                              
***************************************************************************
Mesh spacing                       :  0.695763 (Bohr)
===================================================================
                    Self Consistent Field (SCF#3)                     
===================================================================
Iteration     Free Energy (Ha/atom)   SCF Error        Timing (sec)
1            -2.3326475686E+00        1.073E-01        0.025
2            -2.3349288317E+00        3.052E-01        0.017
3            -2.3326710862E+00        9.036E-02        0.015
4            -2.3324875883E+00        3.833E-02        0.022
5            -2.3324726417E+00        2.877E-02        0.019
6            -2.3324581744E+00        6.834E-03        0.035
7            -2.3324579183E+00        6.001E-03        0.028
8            -2.3324575995E+00        4.776E-03        0.014
9            -2.3324571751E+00        1.878E-03        0.087
10           -2.3324571517E+00        2.028E-03        0.101
11           -2.3324570754E+00        3.678E-04        0.077
12           -2.3324571094E+00        1.597E-04        0.025
13           -2.3324570687E+00        8.375E-05        0.029
14           -2.3324570756E+00        1.755E-04        0.035
15           -2.3324570649E+00        8.596E-05        0.046
16           -2.3324570940E+00        3.147E-05        0.058
17           -2.3324571009E+00        6.766E-05        0.076
18           -2.3324570791E+00        1.151E-05        0.019
19           -2.3324570711E+00        1.448E-05        0.010
20           -2.3324570558E+00        6.922E-06        0.008
Total number of SCF: 20    
====================================================================
                    Energy and force calculation                    
====================================================================
Free energy per atom               : -2.3324570558E+00 (Ha/atom)
Total free energy                  : -9.3298282231E+00 (Ha)
Band structure energy              :  2.7724148439E-01 (Ha)
Exchange correlation energy        : -4.3432243506E+00 (Ha)
Self and correction energy         : -1.2497907926E+01 (Ha)
-Entropy*kb*T                      : -6.4484641128E-03 (Ha)
Fermi level                        :  2.5596124009E-02 (Ha)
RMS force                          :  1.0203855666E-03 (Ha/Bohr)
Maximum force                      :  1.3968870174E-03 (Ha/Bohr)
Time for force calculation         :  0.083 (sec)
Pressure                           : -9.9277194886E+00 (GPa)
Maximum stress                     :  9.9379956729E+00 (GPa)
Time for stress calculation        :  0.113 (sec)
***************************************************************************
                         Reinitialized parameters                          
***************************************************************************
CELL: 7.6533908081042 7.6533908081042 7.6533908081042 
CHEB_DEGREE: 14
***************************************************************************
                             Reinitialization                              
***************************************************************************
Mesh spacing                       :  0.695763 (Bohr)
===================================================================
                    Self Consistent Field (SCF#4)                     
===================================================================
Iteration     Free Energy (Ha/atom)   SCF Error        Timing (sec)
1            -2.3330710632E+00        1.638E-01        0.019
2            -2.3370320672E+00        3.519E-01        0.063
3            -2.3332045121E+00        1.368E-01        0.030
4            -2.3327299964E+00        7.841E-02        0.077
5            -2.3326577342E+00        6.069E-02        0.108
6            -2.3325859256E+00        1.203E-02        0.095
7            -2.3325860944E+00        1.280E-02        0.089
8            -2.3325854045E+00        1.149E-02        0.101
9            -2.3325834585E+00        6.304E-03        0.126
10           -2.3325838686E+00        9.097E-03        0.099
11           -2.3325827227E+00        3.972E-03        0.108
12           -2.3325824711E+00        5.462E-04        0.091
13           -2.3325824602E+00        4.889E-04        0.094
14           -2.3325824671E+00        6.351E-04        0.086
15           -2.3325824717E+00        3.083E-04        0.070
16           -2.3325824550E+00        1.308E-04        0.073
17           -2.3325824744E+00        1.714E-04        0.105
18           -2.3325824585E+00        5.392E-05        0.101
19           -2.3325824846E+00        5.497E-05        0.108
20           -2.3325824671E+00        3.667E-05        0.087
21           -2.3325824673E+00        2.545E-05        0.205
22           -2.3325824419E+00        2.395E-05        0.108
23           -2.3325824569E+00        9.406E-06        0.079
Total number of SCF: 23    
====================================================================
                    Energy and force calculation                    
====================================================================
Free energy per atom               : -2.3325824569E+00 (Ha/atom)
Total free energy                  : -9.3303298274E+00 (Ha)
Band structure energy              :  2.7679702588E-01 (Ha)
Exchange correlation energy        : -4.3433410859E+00 (Ha)
Self and correction energy         : -1.2497907571E+01 (Ha)
-Entropy*kb*T                      : -6.4156532588E-03 (Ha)
Fermi level                        :  2.5600265586E-02 (Ha)
RMS force                          :  2.2700045615E-03 (Ha/Bohr)
Maximum force                      :  3.1052580637E-03 (Ha/Bohr)
Time for force calculation         :  0.074 (sec)
Pressure                           : -1.0145968891E+01 (GPa)
Maximum stress                     :  1.0188141947E+01 (GPa)
Time for stress calculation        :  0.126 (sec)
***************************************************************************
                         Reinitialized parameters                          
***************************************************************************
CELL: 7.6533908081042 7.6533908081042 7.6533908081042 
CHEB_DEGREE: 14
***************************************************************************
                             Reinitialization                              
***************************************************************************
Mesh spacing                       :  0.695763 (Bohr)
===================================================================
                    Self Consistent Field (SCF#5)                     
===================================================================
Iteration     Free Energy (Ha/atom)   SCF Error        Timing (sec)
1            -2.3337487291E+00        2.055E-01        0.024
2            -2.3385855748E+00        3.640E-01        0.089
3            -2.3339034145E+00        1.664E-01        0.095
4            -2.3331854790E+00        1.041E-01        0.019
5            -2.3330339088E+00        8.215E-02        0.015
6            -2.3328965846E+00        2.188E-02        0.007
7            -2.3328941272E+00        1.825E-02        0.013
8            -2.3329075234E+00        3.278E-02        0.103
9            -2.3329048441E+00        3.069E-02        0.055
10           -2.3328887248E+00        1.027E-02        0.036
11           -2.3328871180E+00        3.550E-03        0.024
12           -2.3328868794E+00        3.260E-04        0.024
13           -2.3328868675E+00        5.982E-04        0.014
14           -2.3328869027E+00        3.228E-04        0.018
15           -2.3328868834E+00        2.699E-04        0.024
16           -2.3328868843E+00        1.085E-04        0.013
17           -2.3328868861E+00        1.358E-04        0.047
18           -2.3328869170E+00        4.628E-05        0.010
19           -2.3328868955E+00        3.462E-05        0.018
20           -2.3328868780E+00        3.620E-05        0.010
21           -2.3328868867E+00        2.807E-05        0.011
22           -2.3328868839E+00        1.726E-05        0.017
23           -2.3328869013E+00        1.109E-05        0.019
24           -2.3328868955E+00        1.497E-05        0.011
25           -2.3328868676E+00        3.642E-06        0.013
Total number of SCF: 25    
====================================================================
                    Energy and force calculation                    
====================================================================
Free energy per atom               : -2.3328868676E+00 (Ha/atom)
Total free energy                  : -9.3315474702E+00 (Ha)
Band structure energy              :  2.7572191438E-01 (Ha)
Exchange correlation energy        : -4.3435852919E+00 (Ha)
Self and correction energy         : -1.2497906872E+01 (Ha)
-Entropy*kb*T                      : -6.3472957827E-03 (Ha)
Fermi level                        :  2.5606966873E-02 (Ha)
RMS force                          :  3.9344820321E-03 (Ha/Bohr)
Maximum force                      :  5.3443294500E-03 (Ha/Bohr)
Time for force calculation         :  0.082 (sec)
Pressure                           : -1.0531661621E+01 (GPa)
Maximum stress                     :  1.0610747693E+01 (GPa)
Time for stress calculation        :  0.102 (sec)
***************************************************************************
                         Reinitialized parameters                          
***************************************************************************
CELL: 7.6533908081042 7.6533908081042 7.6533908081042 
CHEB_DEGREE: 14
***************************************************************************
                             Reinitialization                              
***************************************************************************
Mesh spacing                       :  0.695763 (Bohr)
===================================================================
                    Self Consistent Field (SCF#6)                     
===================================================================
Iteration     Free Energy (Ha/atom)   SCF Error        Timing (sec)
1            -2.3346777204E+00        2.332E-01        0.056
2            -2.3396625587E+00        3.605E-01        0.017
3            -2.3347034150E+00        1.839E-01        0.023
4            -2.3338429712E+00        1.195E-01        0.054
5            -2.3336237519E+00        9.088E-02        0.040
6            -2.3334510474E+00        2.916E-02        0.051
7            -2.3334379796E+00        1.788E-02        0.010
8            -2.3334632126E+00        4.066E-02        0.021
9            -2.3334558587E+00        3.576E-02        0.024
10           -2.3334345221E+00        1.294E-02        0.015
11           -2.3334317441E+00        3.695E-03        0.016
12           -2.3334314390E+00        1.658E-03        0.014
13           -2.3334314102E+00        9.578E-04        0.010
14           -2.3334314024E+00        1.231E-03        0.018
15           -2.3334314255E+00        8.750E-04        0.010
16           -2.3334314163E+00        1.770E-04        0.023
17           -2.3334313868E+00        1.450E-04        0.183
18           -2.3334313914E+00        6.222E-05        0.101
19           -2.3334314004E+00        4.161E-05        0.037
20           -2.3334314022E+00        4.388E-05        0.029
21           -2.3334313835E+00        2.767E-05        0.043
22           -2.3334314054E+00        1.019E-05        0.093
23           -2.3334314051E+00        3.669E-06        0.034
Total number of SCF: 23    
====================================================================
                    Energy and force calculation                    
====================================================================
Free energy per atom               : -2.3334314051E+00 (Ha/atom)
Total free energy                  : -9.3337256204E+00 (Ha)
Band structure energy              :  2.7382251140E-01 (Ha)
Exchange correlation energy        : -4.3439570570E+00 (Ha)
Self and correction energy         : -1.2497905796E+01 (Ha)
-Entropy*kb*T                      : -6.2568337499E-03 (Ha)
Fermi level                        :  2.5609481735E-02 (Ha)
RMS force                          :  5.9060667185E-03 (Ha/Bohr)
Maximum force                      :  7.9166119858E-03 (Ha/Bohr)
Time for force calculation         :  0.083 (sec)
Pressure                           : -1.0885021231E+01 (GPa)
Maximum stress                     :  1.0955010848E+01 (GPa)
Time for stress calculation        :  0.097 (sec)
***************************************************************************
                         Reinitialized parameters                          
***************************************************************************
CELL: 7.6533908081042 7.6533908081042 7.6533908081042 
CHEB_DEGREE: 14
***************************************************************************
                             Reinitialization                              
***************************************************************************
Mesh spacing                       :  0.695763 (Bohr)
===================================================================
                    Self Consistent Field (SCF#7)                     
===================================================================
Iteration     Free Energy (Ha/atom)   SCF Error        Timing (sec)
1            -2.3358412749E+00        2.506E-01        0.052
2            -2.3405187903E+00        3.458E-01        0.033
3            -2.3356168353E+00        1.908E-01        0.020
4            -2.3347200140E+00        1.272E-01        0.058
5            -2.3345139315E+00        1.025E-01        0.026
6            -2.3342973516E+00        4.881E-02        0.042
7            -2.3342539320E+00        2.073E-02        0.087
8            -2.3342996360E+00        5.366E-02        0.085
9            -2.3342765836E+00        4.096E-02        0.079
10           -2.3342490921E+00        1.684E-02        0.092
11           -2.3342449448E+00        8.097E-03        0.088
12           -2.3342444915E+00        7.111E-03        0.083
13           -2.3342436953E+00        2.455E-03        0.080
14           -2.3342436243E+00        2.192E-03        0.100
15           -2.3342436362E+00        2.294E-03        0.095
16           -2.3342435608E+00        6.796E-04        0.101
17           -2.3342435534E+00        4.640E-04        0.105
18           -2.3342435468E+00        2.274E-04        0.079
19           -2.3342435380E+00        1.141E-04        0.026
20           -2.3342435408E+00        7.451E-05        0.045
21           -2.3342435319E+00        8.270E-05        0.031
22           -2.3342435327E+00        4.014E-05        0.009
23           -2.3342435462E+00        2.190E-05        0.019
24           -2.3342435313E+00        2.189E-05        0.007
25           -2.3342435104E+00        2.026E-05        0.013
26           -2.3342435624E+00        9.028E-06        0.016
Total number of SCF: 26    
====================================================================
                    Energy and force calculation                    
====================================================================
Free energy per atom               : -2.3342435624E+00 (Ha/atom)
Total free energy                  : -9.3369742495E+00 (Ha)
Band structure energy              :  2.7105055901E-01 (Ha)
Exchange correlation energy        : -4.3445123716E+00 (Ha)
Self and correction energy         : -1.2497903277E+01 (Ha)
-Entropy*kb*T                      : -6.1713508815E-03 (Ha)
Fermi level                        :  2.5600189076E-02 (Ha)
RMS force                          :  8.0892601079E-03 (Ha/Bohr)
Maximum force                      :  1.0614968529E-02 (Ha/Bohr)
Time for force calculation         :  0.079 (sec)
Pressure                           : -1.1032140768E+01 (GPa)
Maximum stress                     :  1.1040804307E+01 (GPa)
Time for stress calculation        :  0.103 (sec)
***************************************************************************
                         Reinitialized parameters                          
***************************************************************************
CELL: 7.6533908081042 7.6533908081042 7.6533908081042 
CHEB_DEGREE: 14
***************************************************************************
                             Reinitialization                              
***************************************************************************
Mesh spacing                       :  0.695763 (Bohr)
===================================================================
                    Self Consistent Field (SCF#8)                     
===================================================================
Iteration     Free Energy (Ha/atom)   SCF Error        Timing (sec)
1            -2.3372078873E+00        2.615E-01        0.021
2            -2.3414040078E+00        3.272E-01        0.025
3            -2.3367076395E+00        1.857E-01        0.056
4            -2.3358169837E+00        1.298E-01        0.043
5            -2.3356350181E+00        1.085E-01        0.028
6            -2.3353859843E+00        5.848E-02        0.038
7            -2.3354036910E+00        6.556E-02        0.024
8            -2.3353352544E+00        3.636E-02        0.018
9            -2.3353217387E+00        2.536E-02        0.017
10           -2.3353136224E+00        1.792E-02        0.026
11           -2.3353204676E+00        2.712E-02        0.033
12           -2.3353093027E+00        8.696E-03        0.021
13           -2.3353080532E+00        4.352E-03        0.014
14           -2.3353077569E+00        1.851E-03        0.007
15           -2.3353077564E+00        1.557E-03        0.023
16           -2.3353077370E+00        1.546E-03        0.015
17           -2.3353076888E+00        8.526E-04        0.015
18           -2.3353076810E+00        7.678E-04        0.021
19           -2.3353076874E+00        4.436E-04        0.017
20           -2.3353076693E+00        1.868E-04        0.012
21           -2.3353076669E+00        1.161E-04        0.013
22           -2.3353076844E+00        1.961E-04        0.013
23           -2.3353076808E+00        9.699E-05        0.014
24           -2.3353076722E+00        4.984E-05        0.015
25           -2.3353076625E+00        3.866E-05        0.041
26           -2.3353076705E+00        5.185E-05        0.016
27           -2.3353076621E+00        2.138E-05        0.019
28           -2.3353076817E+00        1.292E-05        0.008
29           -2.3353076632E+00        1.365E-05        0.009
30           -2.3353076546E+00        6.397E-06        0.064
Total number of SCF: 30    
====================================================================
                    Energy and force calculation                    
====================================================================
Free energy per atom               : -2.3353076546E+00 (Ha/atom)
Total free energy                  : -9.3412306183E+00 (Ha)
Band structure energy              :  2.6751396848E-01 (Ha)
Exchange correlation energy        : -4.3453894989E+00 (Ha)
Self and correction energy         : -1.2497898925E+01 (Ha)
-Entropy*kb*T                      : -6.1065070854E-03 (Ha)
Fermi level                        :  2.5581280818E-02 (Ha)
RMS force                          :  1.0397720369E-02 (Ha/Bohr)
Maximum force                      :  1.3253746719E-02 (Ha/Bohr)
Time for force calculation         :  0.077 (sec)
Pressure                           : -1.0980327494E+01 (GPa)
Maximum stress                     :  1.1116844954E+01 (GPa)
Time for stress calculation        :  0.103 (sec)
***************************************************************************
                         Reinitialized parameters                          
***************************************************************************
CELL: 7.6533908081042 7.6533908081042 7.6533908081042 
CHEB_DEGREE: 14
***************************************************************************
                             Reinitialization                              
***************************************************************************
Mesh spacing                       :  0.695763 (Bohr)
===================================================================
                    Self Consistent Field (SCF#9)                     
===================================================================
Iteration     Free Energy (Ha/atom)   SCF Error        Timing (sec)
1            -2.3386853310E+00        2.679E-01        0.019
2            -2.3424011542E+00        3.178E-01        0.017
3            -2.3379686148E+00        1.787E-01        0.014
4            -2.3370582432E+00        1.323E-01        0.014
5            -2.3369233183E+00        1.158E-01        0.097
6            -2.3365916054E+00        5.312E-02        0.019
7            -2.3366130066E+00        6.278E-02        0.022
8            -2.3366973057E+00        8.447E-02        0.019
9            -2.3365414477E+00        2.513E-02        0.014
10           -2.3365484166E+00        3.525E-02        0.014
11           -2.3365494489E+00        3.653E-02        0.019
12           -2.3365321699E+00        1.546E-02        0.019
13           -2.3365299844E+00        1.275E-02        0.014
14           -2.3365271193E+00        2.378E-03        0.018
15           -2.3365271601E+00        3.736E-03        0.011
16           -2.3365271157E+00        2.920E-03        0.012
17           -2.3365269257E+00        3.862E-04        0.017
18           -2.3365269666E+00        8.385E-04        0.020
19           -2.3365269490E+00        1.781E-04        0.036
20           -2.3365269432E+00        2.234E-04        0.014
21           -2.3365269330E+00        7.880E-05        0.008
22           -2.3365269619E+00        3.492E-05        0.012
23           -2.3365269626E+00        2.199E-05        0.021
24           -2.3365269422E+00        1.692E-05        0.012
25           -2.3365269297E+00        1.533E-05        0.010
26           -2.3365269494E+00        8.690E-06        0.012
Total number of SCF: 26    
====================================================================
                    Energy and force calculation                    
====================================================================
Free energy per atom               : -2.3365269494E+00 (Ha/atom)
Total free energy                  : -9.3461077974E+00 (Ha)
Band structure energy              :  2.6360574300E-01 (Ha)
Exchange correlation energy        : -4.3467323109E+00 (Ha)
Self and correction energy         : -1.2497892426E+01 (Ha)
-Entropy*kb*T                      : -6.0627295615E-03 (Ha)
Fermi level                        :  2.5572535121E-02 (Ha)
RMS force                          :  1.2754236472E-02 (Ha/Bohr)
Maximum force                      :  1.5678206434E-02 (Ha/Bohr)
Time for force calculation         :  0.075 (sec)
Pressure                           : -1.0787950736E+01 (GPa)
Maximum stress                     :  1.1077159050E+01 (GPa)
Time for stress calculation        :  0.126 (sec)
***************************************************************************
                         Reinitialized parameters                          
***************************************************************************
CELL: 7.6533908081042 7.6533908081042 7.6533908081042 
CHEB_DEGREE: 14
***************************************************************************
                             Reinitialization                              
***************************************************************************
Mesh spacing                       :  0.695763 (Bohr)
===================================================================
                    Self Consistent Field (SCF#10)                     
===================================================================
Iteration     Free Energy (Ha/atom)   SCF Error        Timing (sec)
1            -2.3401098977E+00        2.711E-01        0.050
2            -2.3433500053E+00        3.175E-01        0.018
3            -2.3391945387E+00        1.747E-01        0.027
4            -2.3382743792E+00        1.346E-01        0.024
5            -2.3381051611E+00        1.123E-01        0.009
6            -2.3377961411E+00        5.324E-02        0.025
7            -2.3377860111E+00        5.078E-02        0.019
8            -2.3379574889E+00        9.726E-02        0.017
9            -2.3377619065E+00        4.692E-02        0.018
10           -2.3377801585E+00        5.791E-02        0.024
11           -2.3377990571E+00        6.724E-02        0.021
12           -2.3377281069E+00        1.202E-02        0.013
13           -2.3377306438E+00        1.588E-02        0.017
14           -2.3377255992E+00        3.446E-03        0.018
15           -2.3377255670E+00        3.451E-03        0.009
16           -2.3377255086E+00        3.058E-03        0.021
17           -2.3377254010E+00        2.205E-03        0.039
18           -2.3377253505E+00        1.718E-03        0.035
19           -2.3377253111E+00        4.442E-04        0.048
20           -2.3377252948E+00        1.246E-04        0.014
21           -2.3377253102E+00        7.019E-05        0.014
22           -2.3377253162E+00        4.135E-05        0.015
23           -2.3377252959E+00        4.270E-05        0.012
24           -2.3377253107E+00        1.898E-05        0.012
25           -2.3377252942E+00        2.939E-05        0.015
26           -2.3377253115E+00        1.576E-05        0.007
27           -2.3377253050E+00        1.501E-05        0.014
28           -2.3377252910E+00        6.029E-06        0.021
Total number of SCF: 28    
====================================================================
                    Energy and force calculation                    
====================================================================
Free energy per atom               : -2.3377252910E+00 (Ha/atom)
Total free energy                  : -9.3509011639E+00 (Ha)
Band structure energy              :  2.6004424263E-01 (Ha)
Exchange correlation energy        : -4.3486775580E+00 (Ha)
Self and correction energy         : -1.2497884586E+01 (Ha)
-Entropy*kb*T                      : -6.0386452482E-03 (Ha)
Fermi level                        :  2.5593552209E-02 (Ha)
RMS force                          :  1.5116830478E-02 (Ha/Bohr)
Maximum force                      :  1.7829559807E-02 (Ha/Bohr)
Time for force calculation         :  0.080 (sec)
Pressure                           : -1.0448893804E+01 (GPa)
Maximum stress                     :  1.0904690530E+01 (GPa)
Time for stress calculation        :  0.096 (sec)
***************************************************************************
                         Reinitialized parameters                          
***************************************************************************
CELL: 7.6533908081042 7.6533908081042 7.6533908081042 
CHEB_DEGREE: 14
***************************************************************************
                             Reinitialization                              
***************************************************************************
Mesh spacing                       :  0.695763 (Bohr)
===================================================================
                    Self Consistent Field (SCF#11)                     
===================================================================
Iteration     Free Energy (Ha/atom)   SCF Error        Timing (sec)
1            -2.3412863908E+00        2.717E-01        0.128
2            -2.3440038400E+00        3.194E-01        0.101
3            -2.3402127620E+00        1.744E-01        0.119
4            -2.3392830729E+00        1.367E-01        0.108
5            -2.3390917711E+00        1.115E-01        0.121
6            -2.3388433474E+00        7.041E-02        0.080
7            -2.3388042080E+00        6.207E-02        0.108
8            -2.3388572879E+00        8.176E-02        0.101
9            -2.3387869718E+00        7.167E-02        0.104
10           -2.3387597983E+00        5.815E-02        0.119
11           -2.3387519685E+00        5.148E-02        0.097
12           -2.3387231224E+00        3.180E-02        0.042
13           -2.3387180681E+00        2.474E-02        0.036
14           -2.3387051273E+00        2.126E-03        0.104
15           -2.3387051502E+00        2.740E-03        0.092
16           -2.3387050927E+00        1.815E-03        0.116
17           -2.3387050226E+00        6.525E-04        0.129
18           -2.3387050084E+00        2.242E-04        0.090
19           -2.3387049944E+00        4.254E-04        0.085
20           -2.3387050181E+00        2.434E-04        0.077
21           -2.3387050321E+00        1.876E-04        0.091
22           -2.3387050052E+00        4.637E-05        0.051
23           -2.3387050077E+00        4.679E-05        0.055
24           -2.3387050085E+00        2.563E-05        0.115
25           -2.3387050165E+00        4.652E-05        0.096
26           -2.3387050143E+00        1.366E-05        0.065
27           -2.3387049848E+00        8.978E-06        0.057
Total number of SCF: 27    
====================================================================
                    Energy and force calculation                    
====================================================================
Free energy per atom               : -2.3387049848E+00 (Ha/atom)
Total free energy                  : -9.3548199391E+00 (Ha)
Band structure energy              :  2.5770587959E-01 (Ha)
Exchange correlation energy        : -4.3513952120E+00 (Ha)
Self and correction energy         : -1.2497876171E+01 (Ha)
-Entropy*kb*T                      : -6.0346167661E-03 (Ha)
Fermi level                        :  2.5665625502E-02 (Ha)
RMS force                          :  1.7488064162E-02 (Ha/Bohr)
Maximum force                      :  1.9771252737E-02 (Ha/Bohr)
Time for force calculation         :  0.075 (sec)
Pressure                           : -9.8946134105E+00 (GPa)
Maximum stress                     :  1.0550604106E+01 (GPa)
Time for stress calculation        :  0.109 (sec)
***************************************************************************
                         Reinitialized parameters                          
***************************************************************************
CELL: 7.6533908081042 7.6533908081042 7.6533908081042 
CHEB_DEGREE: 14
***************************************************************************
                             Reinitialization                              
***************************************************************************
Mesh spacing                       :  0.695763 (Bohr)
===================================================================
                    Self Consistent Field (SCF#12)                     
===================================================================
Iteration     Free Energy (Ha/atom)   SCF Error        Timing (sec)
1            -2.3420182874E+00        2.695E-01        0.022
2            -2.3441443446E+00        3.203E-01        0.017
3            -2.3408574470E+00        1.840E-01        0.019
4            -2.3398933364E+00        1.327E-01        0.025
5            -2.3396811315E+00        1.100E-01        0.022
6            -2.3395352608E+00        9.151E-02        0.014
7            -2.3394238431E+00        7.767E-02        0.020
8            -2.3392995202E+00        2.986E-02        0.012
9            -2.3392849833E+00        1.764E-02        0.015
10           -2.3392904138E+00        2.609E-02        0.013
11           -2.3392811932E+00        8.113E-03        0.009
12           -2.3392973493E+00        2.929E-02        0.022
13           -2.3392799111E+00        3.415E-03        0.016
14           -2.3392797932E+00        2.422E-03        0.016
15           -2.3392796964E+00        1.521E-03        0.012
16           -2.3392796779E+00        1.049E-03        0.009
17           -2.3392796641E+00        9.827E-04        0.014
18           -2.3392796584E+00        6.822E-04        0.010
19           -2.3392796503E+00        3.624E-04        0.071
20           -2.3392796439E+00        2.922E-04        0.015
21           -2.3392796484E+00        7.245E-05        0.011
22           -2.3392796385E+00        3.484E-05        0.008
23           -2.3392796600E+00        1.625E-05        0.016
24           -2.3392796380E+00        9.563E-06        0.015
Total number of SCF: 24    
====================================================================
                    Energy and force calculation                    
====================================================================
Free energy per atom               : -2.3392796380E+00 (Ha/atom)
Total free energy                  : -9.3571185519E+00 (Ha)
Band structure energy              :  2.5751183004E-01 (Ha)
Exchange correlation energy        : -4.3551196484E+00 (Ha)
Self and correction energy         : -1.2497868250E+01 (Ha)
-Entropy*kb*T                      : -6.0496560657E-03 (Ha)
Fermi level                        :  2.5843705131E-02 (Ha)
RMS force                          :  1.9886119707E-02 (Ha/Bohr)
Maximum force                      :  2.1627330053E-02 (Ha/Bohr)
Time for force calculation         :  0.082 (sec)
Pressure                           : -9.0354939300E+00 (GPa)
Maximum stress                     :  9.9223704680E+00 (GPa)
Time for stress calculation        :  0.115 (sec)
***************************************************************************
                         Reinitialized parameters                          
***************************************************************************
CELL: 7.6533908081042 7.6533908081042 7.6533908081042 
CHEB_DEGREE: 14
***************************************************************************
                             Reinitialization                              
***************************************************************************
Mesh spacing                       :  0.695763 (Bohr)
===================================================================
                    Self Consistent Field (SCF#13)                     
===================================================================
Iteration     Free Energy (Ha/atom)   SCF Error        Timing (sec)
1            -2.3421160344E+00        2.646E-01        0.032
2            -2.3435685616E+00        3.166E-01        0.017
3            -2.3409456504E+00        1.984E-01        0.011
4            -2.3399213722E+00        1.202E-01        0.014
5            -2.3397162245E+00        1.097E-01        0.013
6            -2.3396549326E+00        1.038E-01        0.015
7            -2.3395059274E+00        8.637E-02        0.013
8            -2.3393442586E+00        5.098E-02        0.026
9            -2.3393133868E+00        3.398E-02        0.011
10           -2.3393364686E+00        4.870E-02        0.018
11           -2.3392938501E+00        1.453E-02        0.038
12           -2.3392893416E+00        8.508E-03        0.074
13           -2.3393040233E+00        2.844E-02        0.121
14           -2.3392979389E+00        2.227E-02        0.092
15           -2.3392886980E+00        5.405E-03        0.078
16           -2.3392880104E+00        1.404E-03        0.082
17           -2.3392880242E+00        2.050E-03        0.100
18           -2.3392879706E+00        1.190E-03        0.083
19           -2.3392879555E+00        7.733E-04        0.069
20           -2.3392879358E+00        5.035E-04        0.080
21           -2.3392879563E+00        2.137E-04        0.074
22           -2.3392879726E+00        4.543E-04        0.078
23           -2.3392879460E+00        1.361E-04        0.072
24           -2.3392879626E+00        4.697E-05        0.068
25           -2.3392879535E+00        5.887E-05        0.090
26           -2.3392879571E+00        5.640E-05        0.064
27           -2.3392879456E+00        2.138E-05        0.067
28           -2.3392879355E+00        8.090E-06        0.060
Total number of SCF: 28    
====================================================================
                    Energy and force calculation                    
====================================================================
Free energy per atom               : -2.3392879355E+00 (Ha/atom)
Total free energy                  : -9.3571517422E+00 (Ha)
Band structure energy              :  2.6033662991E-01 (Ha)
Exchange correlation energy        : -4.3601082099E+00 (Ha)
Self and correction energy         : -1.2497863951E+01 (Ha)
-Entropy*kb*T                      : -6.0616128974E-03 (Ha)
Fermi level                        :  2.6218474682E-02 (Ha)
RMS force                          :  2.2284498089E-02 (Ha/Bohr)
Maximum force                      :  2.3403688523E-02 (Ha/Bohr)
Time for force calculation         :  0.077 (sec)
Pressure                           : -7.7999627240E+00 (GPa)
Maximum stress                     :  8.9414099551E+00 (GPa)
Time for stress calculation        :  0.101 (sec)
***************************************************************************
                         Reinitialized parameters                          
***************************************************************************
CELL: 7.6533908081042 7.6533908081042 7.6533908081042 
CHEB_DEGREE: 14
***************************************************************************
                             Reinitialization                              
***************************************************************************
Mesh spacing                       :  0.695763 (Bohr)
===================================================================
                    Self Consistent Field (SCF#14)                     
===================================================================
Iteration     Free Energy (Ha/atom)   SCF Error        Timing (sec)
1            -2.3416646571E+00        2.581E-01        0.019
2            -2.3424047857E+00        3.053E-01        0.024
3            -2.3405143484E+00        2.028E-01        0.030
4            -2.3394943911E+00        1.192E-01        0.019
5            -2.3393110135E+00        1.114E-01        0.018
6            -2.3392060217E+00        1.034E-01        0.020
7            -2.3391041657E+00        1.166E-01        0.047
8            -2.3389437944E+00        7.600E-02        0.017
9            -2.3388526678E+00        3.665E-02        0.021
10           -2.3388537133E+00        3.587E-02        0.014
11           -2.3388328699E+00        1.449E-02        0.015
12           -2.3388294863E+00        9.437E-03        0.016
13           -2.3388279972E+00        3.193E-03        0.058
14           -2.3388278702E+00        2.207E-03        0.017
15           -2.3388278830E+00        2.585E-03        0.018
16           -2.3388277627E+00        5.518E-04        0.019
17           -2.3388277727E+00        4.239E-04        0.062
18           -2.3388277728E+00        3.166E-04        0.074
19           -2.3388277883E+00        1.050E-04        0.085
20           -2.3388277538E+00        5.114E-05        0.091
21           -2.3388277622E+00        6.631E-05        0.040
22           -2.3388277662E+00        5.254E-05        0.018
23           -2.3388277606E+00        3.008E-05        0.035
24           -2.3388277528E+00        2.340E-05        0.027
25           -2.3388277425E+00        1.093E-05        0.030
26           -2.3388277593E+00        1.703E-05        0.057
27           -2.3388277451E+00        6.126E-06        0.012
Total number of SCF: 27    
====================================================================
                    Energy and force calculation                    
====================================================================
Free energy per atom               : -2.3388277451E+00 (Ha/atom)
Total free energy                  : -9.3553109805E+00 (Ha)
Band structure energy              :  2.6626593829E-01 (Ha)
Exchange correlation energy        : -4.3667508349E+00 (Ha)
Self and correction energy         : -1.2497859795E+01 (Ha)
-Entropy*kb*T                      : -6.0331042896E-03 (Ha)
Fermi level                        :  2.6791707145E-02 (Ha)
RMS force                          :  2.4811906052E-02 (Ha/Bohr)
Maximum force                      :  2.5667852182E-02 (Ha/Bohr)
Time for force calculation         :  0.084 (sec)
Pressure                           : -6.1140687783E+00 (GPa)
Maximum stress                     :  9.7956059012E+00 (GPa)
Time for stress calculation        :  0.105 (sec)
***************************************************************************
                         Reinitialized parameters                          
***************************************************************************
CELL: 7.6533908081042 7.6533908081042 7.6533908081042 
CHEB_DEGREE: 14
***************************************************************************
                             Reinitialization                              
***************************************************************************
Mesh spacing                       :  0.695763 (Bohr)
===================================================================
                    Self Consistent Field (SCF#15)                     
===================================================================
Iteration     Free Energy (Ha/atom)   SCF Error        Timing (sec)
1            -2.3408514186E+00        2.498E-01        0.032
2            -2.3408539950E+00        2.826E-01        0.023
3            -2.3396663089E+00        1.917E-01        0.015
4            -2.3387980611E+00        1.192E-01        0.023
5            -2.3386512959E+00        1.127E-01        0.023
6            -2.3384268139E+00        9.435E-02        0.037
7            -2.3383423000E+00        1.065E-01        0.091
8            -2.3382708593E+00        8.805E-02        0.123
9            -2.3381294604E+00        2.624E-02        0.020
10           -2.3381185583E+00        9.731E-03        0.016
11           -2.3381175513E+00        8.908E-03        0.028
12           -2.3381167933E+00        4.679E-03        0.034
13           -2.3381162597E+00        2.019E-03        0.030
14           -2.3381164198E+00        3.048E-03        0.027
15           -2.3381162558E+00        1.400E-03        0.017
16           -2.3381161935E+00        7.975E-04        0.010
17           -2.3381162280E+00        1.065E-03        0.008
18           -2.3381161778E+00        5.310E-04        0.014
19           -2.3381162275E+00        3.204E-04        0.011
20           -2.3381162179E+00        2.356E-04        0.015
21           -2.3381161978E+00        1.341E-04        0.022
22           -2.3381162127E+00        6.005E-05        0.006
23           -2.3381162090E+00        1.188E-04        0.019
24           -2.3381162117E+00        2.998E-05        0.008
25           -2.3381162074E+00        2.710E-05        0.018
26           -2.3381162079E+00        1.225E-05        0.013
27           -2.3381162089E+00        1.859E-05        0.014
28           -2.3381162121E+00        1.581E-05        0.013
29           -2.3381162153E+00        1.020E-05        0.029
30           -2.3381162153E+00        3.255E-06        0.018
Total number of SCF: 30    
====================================================================
                    Energy and force calculation                    
====================================================================
Free energy per atom               : -2.3381162153E+00 (Ha/atom)
Total free energy                  : -9.3524648610E+00 (Ha)
Band structure energy              :  2.7539318927E-01 (Ha)
Exchange correlation energy        : -4.3757357737E+00 (Ha)
Self and correction energy         : -1.2497855831E+01 (Ha)
-Entropy*kb*T                      : -5.8776471989E-03 (Ha)
Fermi level                        :  2.7646414262E-02 (Ha)
RMS force                          :  2.7741258173E-02 (Ha/Bohr)
Maximum force                      :  2.9180128422E-02 (Ha/Bohr)
Time for force calculation         :  0.078 (sec)
Pressure                           : -3.9335794212E+00 (GPa)
Maximum stress                     :  1.4238410801E+01 (GPa)
Time for stress calculation        :  0.107 (sec)
***************************************************************************
                         Reinitialized parameters                          
***************************************************************************
CELL: 7.6533908081042 7.6533908081042 7.6533908081042 
CHEB_DEGREE: 14
***************************************************************************
                             Reinitialization                              
***************************************************************************
Mesh spacing                       :  0.695763 (Bohr)
===================================================================
                    Self Consistent Field (SCF#16)                     
===================================================================
Iteration     Free Energy (Ha/atom)   SCF Error        Timing (sec)
1            -2.3399728691E+00        2.404E-01        0.027
2            -2.3394003622E+00        2.193E-01        0.018
3            -2.3385158967E+00        1.501E-01        0.018
4            -2.3380514851E+00        9.952E-02        0.019
5            -2.3379752004E+00        9.847E-02        0.021
6            -2.3375442295E+00        3.158E-02        0.019
7            -2.3375412758E+00        2.947E-02        0.020
8            -2.3376221012E+00        5.619E-02        0.034
9            -2.3375335391E+00        2.008E-02        0.051
10           -2.3375378330E+00        2.256E-02        0.022
11           -2.3375484591E+00        3.060E-02        0.033
12           -2.3375291013E+00        3.136E-03        0.026
13           -2.3375367468E+00        1.641E-02        0.075
14           -2.3375317434E+00        7.187E-03        0.023
15           -2.3375318231E+00        4.181E-03        0.009
16           -2.3375328126E+00        4.357E-03        0.014
17           -2.3375311739E+00        4.393E-03        0.017
18           -2.3375311289E+00        3.839E-03        0.018
19           -2.3375313783E+00        3.726E-03        0.009
20           -2.3375312797E+00        2.370E-03        0.011
21           -2.3375326269E+00        2.503E-03        0.019
22           -2.3375350286E+00        2.725E-03        0.016
23           -2.3375355971E+00        2.077E-03        0.015
24           -2.3375354287E+00        9.125E-04        0.023
25           -2.3375354879E+00        5.714E-04        0.049
26           -2.3375354371E+00        7.027E-04        0.024
27           -2.3375354651E+00        3.096E-04        0.012
28           -2.3375354836E+00        1.543E-04        0.015
29           -2.3375354841E+00        1.412E-04        0.011
30           -2.3375354928E+00        1.589E-04        0.015
31           -2.3375354895E+00        6.237E-05        0.017
32           -2.3375354923E+00        3.212E-05        0.023
33           -2.3375354898E+00        3.203E-05        0.013
34           -2.3375354866E+00        1.820E-05        0.015
35           -2.3375354896E+00        1.057E-05        0.023
36           -2.3375354890E+00        7.445E-06        0.018
Total number of SCF: 36    
====================================================================
                    Energy and force calculation                    
====================================================================
Free energy per atom               : -2.3375354890E+00 (Ha/atom)
Total free energy                  : -9.3501419558E+00 (Ha)
Band structure energy              :  2.9528402876E-01 (Ha)
Exchange correlation energy        : -4.3938829318E+00 (Ha)
Self and correction energy         : -1.2497851122E+01 (Ha)
-Entropy*kb*T                      : -4.8157315230E-03 (Ha)
Fermi level                        :  2.9630957005E-02 (Ha)
RMS force                          :  3.4469197107E-02 (Ha/Bohr)
Maximum force                      :  3.6849216174E-02 (Ha/Bohr)
Time for force calculation         :  0.088 (sec)
Pressure                           : -7.0136522267E-01 (GPa)
Maximum stress                     :  2.3334292069E+01 (GPa)
Time for stress calculation        :  0.108 (sec)
***************************************************************************
                               Timing info                                 
***************************************************************************
Total walltime                     :  24.838 sec
___________________________________________________________________________

***************************************************************************
*             Material Physics & Mechanics Group, Georgia Tech            *
*                       PI: Phanish Suryanarayana                         *
*               List of contributors: See the documentation               *
*         Citation: See README.md or the documentation for details        *
*  Acknowledgements: U.S. DOE SC (DE-SC0019410), U.S. DOE NNSA (ASC)      *
*      {Preliminary developments: U.S. NSF (1333500,1663244,1553212)}     *
***************************************************************************
                                                                           
