
fchrg = 5.00000000 > 0.0 (icmod != 0)
This pseudopotential contains non-linear core correction. 

fchrg = 5.000000, READING MODEL CORE CHARGE!

Waiting to read.......
After reading, there are n 12
Waiting to read.......
After reading, there are n 12
Waiting to read.......
After reading, there are n 72
Waiting to read.......
After reading, there are n 72
Waiting to read.......
After reading, there are n 4
Waiting to read.......
After reading, there are n 96

WARNING: REFERENCE_CUFOFF (0.500000 Bohr) < MESH_SPACING (dx 0.695763 Bohr, dy 0.695763 Bohr, dz 0.695763 Bohr) in SCF#1
Waiting to read.......
After reading, there are n 12
Waiting to read.......
After reading, there are n 12
Waiting to read.......
After reading, there are n 12
Waiting to read.......
After reading, there are n 12
Waiting to read.......
After reading, there are n 72
Waiting to read.......
After reading, there are n 72
Waiting to read.......
After reading, there are n 4
Waiting to read.......
After reading, there are n 96

WARNING: REFERENCE_CUFOFF (0.500000 Bohr) < MESH_SPACING (dx 0.695763 Bohr, dy 0.695763 Bohr, dz 0.695763 Bohr) in SCF#2
Waiting to read.......
After reading, there are n 12
Waiting to read.......
After reading, there are n 12
Waiting to read.......
After reading, there are n 12
Waiting to read.......
After reading, there are n 12
Waiting to read.......
After reading, there are n 72
Waiting to read.......
After reading, there are n 72
Waiting to read.......
After reading, there are n 4
Waiting to read.......
After reading, there are n 96

WARNING: REFERENCE_CUFOFF (0.500000 Bohr) < MESH_SPACING (dx 0.695763 Bohr, dy 0.695763 Bohr, dz 0.695763 Bohr) in SCF#3
Waiting to read.......
After reading, there are n 12
Waiting to read.......
After reading, there are n 12
Waiting to read.......
After reading, there are n 12
Waiting to read.......
After reading, there are n 12
Waiting to read.......
After reading, there are n 72
Waiting to read.......
After reading, there are n 72
Waiting to read.......
After reading, there are n 4
Waiting to read.......
After reading, there are n 96

WARNING: REFERENCE_CUFOFF (0.500000 Bohr) < MESH_SPACING (dx 0.695763 Bohr, dy 0.695763 Bohr, dz 0.695763 Bohr) in SCF#4
Waiting to read.......
After reading, there are n 12
Waiting to read.......
After reading, there are n 12
Waiting to read.......
After reading, there are n 12
Waiting to read.......
After reading, there are n 12
Waiting to read.......
After reading, there are n 72
Waiting to read.......
After reading, there are n 72
Waiting to read.......
After reading, there are n 4
Waiting to read.......
After reading, there are n 96

WARNING: REFERENCE_CUFOFF (0.500000 Bohr) < MESH_SPACING (dx 0.695763 Bohr, dy 0.695763 Bohr, dz 0.695763 Bohr) in SCF#5
Waiting to read.......
After reading, there are n 12
Waiting to read.......
After reading, there are n 12
Waiting to read.......
After reading, there are n 12
Waiting to read.......
After reading, there are n 12
Waiting to read.......
After reading, there are n 72
Waiting to read.......
After reading, there are n 72
Waiting to read.......
After reading, there are n 4
Waiting to read.......
After reading, there are n 96

WARNING: REFERENCE_CUFOFF (0.500000 Bohr) < MESH_SPACING (dx 0.695763 Bohr, dy 0.695763 Bohr, dz 0.695763 Bohr) in SCF#6
Waiting to read.......
After reading, there are n 12
Waiting to read.......
After reading, there are n 12
Waiting to read.......
After reading, there are n 12
Waiting to read.......
After reading, there are n 12
Waiting to read.......
After reading, there are n 72
Waiting to read.......
After reading, there are n 72
Waiting to read.......
After reading, there are n 4
Waiting to read.......
After reading, there are n 96

WARNING: REFERENCE_CUFOFF (0.500000 Bohr) < MESH_SPACING (dx 0.695763 Bohr, dy 0.695763 Bohr, dz 0.695763 Bohr) in SCF#7
Waiting to read.......
After reading, there are n 12
Waiting to read.......
After reading, there are n 12
Waiting to read.......
After reading, there are n 12
Waiting to read.......
After reading, there are n 12
Waiting to read.......
After reading, there are n 72
Waiting to read.......
After reading, there are n 72
Waiting to read.......
After reading, there are n 4
Waiting to read.......
After reading, there are n 96

WARNING: REFERENCE_CUFOFF (0.500000 Bohr) < MESH_SPACING (dx 0.695763 Bohr, dy 0.695763 Bohr, dz 0.695763 Bohr) in SCF#8
Waiting to read.......
After reading, there are n 12
Waiting to read.......
After reading, there are n 12
Waiting to read.......
After reading, there are n 12
Waiting to read.......
After reading, there are n 12
Waiting to read.......
After reading, there are n 72
Waiting to read.......
After reading, there are n 72
Waiting to read.......
After reading, there are n 4
Waiting to read.......
After reading, there are n 96

WARNING: REFERENCE_CUFOFF (0.500000 Bohr) < MESH_SPACING (dx 0.695763 Bohr, dy 0.695763 Bohr, dz 0.695763 Bohr) in SCF#9
Waiting to read.......
After reading, there are n 12
Waiting to read.......
After reading, there are n 12
Waiting to read.......
After reading, there are n 12
Waiting to read.......
After reading, there are n 12
Waiting to read.......
After reading, there are n 72
Waiting to read.......
After reading, there are n 72
Waiting to read.......
After reading, there are n 4
Waiting to read.......
After reading, there are n 96

WARNING: REFERENCE_CUFOFF (0.500000 Bohr) < MESH_SPACING (dx 0.695763 Bohr, dy 0.695763 Bohr, dz 0.695763 Bohr) in SCF#10
Waiting to read.......
After reading, there are n 12
Waiting to read.......
After reading, there are n 12
Waiting to read.......
After reading, there are n 12
Waiting to read.......
After reading, there are n 12
Waiting to read.......
After reading, there are n 72
Waiting to read.......
After reading, there are n 72
Waiting to read.......
After reading, there are n 4
Waiting to read.......
After reading, there are n 96

WARNING: REFERENCE_CUFOFF (0.500000 Bohr) < MESH_SPACING (dx 0.695763 Bohr, dy 0.695763 Bohr, dz 0.695763 Bohr) in SCF#11
Waiting to read.......
After reading, there are n 12
Waiting to read.......
After reading, there are n 12
Waiting to read.......
After reading, there are n 12
Waiting to read.......
After reading, there are n 12
Waiting to read.......
After reading, there are n 72
Waiting to read.......
After reading, there are n 72
Waiting to read.......
After reading, there are n 4
Waiting to read.......
After reading, there are n 96

WARNING: REFERENCE_CUFOFF (0.500000 Bohr) < MESH_SPACING (dx 0.695763 Bohr, dy 0.695763 Bohr, dz 0.695763 Bohr) in SCF#12
Waiting to read.......
After reading, there are n 12
Waiting to read.......
After reading, there are n 12
Waiting to read.......
After reading, there are n 12
Waiting to read.......
After reading, there are n 12
Waiting to read.......
After reading, there are n 72
Waiting to read.......
After reading, there are n 72
Waiting to read.......
After reading, there are n 4
Waiting to read.......
After reading, there are n 96

WARNING: REFERENCE_CUFOFF (0.500000 Bohr) < MESH_SPACING (dx 0.695763 Bohr, dy 0.695763 Bohr, dz 0.695763 Bohr) in SCF#13
Waiting to read.......
After reading, there are n 12
Waiting to read.......
After reading, there are n 12
Waiting to read.......
After reading, there are n 12
Waiting to read.......
After reading, there are n 12
Waiting to read.......
After reading, there are n 72
Waiting to read.......
After reading, there are n 72
Waiting to read.......
After reading, there are n 4
Waiting to read.......
After reading, there are n 96

WARNING: REFERENCE_CUFOFF (0.500000 Bohr) < MESH_SPACING (dx 0.695763 Bohr, dy 0.695763 Bohr, dz 0.695763 Bohr) in SCF#14
Waiting to read.......
After reading, there are n 12
Waiting to read.......
After reading, there are n 12
Waiting to read.......
After reading, there are n 12
Waiting to read.......
After reading, there are n 12
Waiting to read.......
After reading, there are n 72
Waiting to read.......
After reading, there are n 72
Waiting to read.......
After reading, there are n 4
Waiting to read.......
After reading, there are n 96

WARNING: REFERENCE_CUFOFF (0.500000 Bohr) < MESH_SPACING (dx 0.695763 Bohr, dy 0.695763 Bohr, dz 0.695763 Bohr) in SCF#15
Waiting to read.......
After reading, there are n 12
Waiting to read.......
After reading, there are n 12
Waiting to read.......
After reading, there are n 12
Waiting to read.......
After reading, there are n 12
Waiting to read.......
After reading, there are n 72
Waiting to read.......
After reading, there are n 72
Waiting to read.......
After reading, there are n 4
Waiting to read.......
After reading, there are n 96

WARNING: REFERENCE_CUFOFF (0.500000 Bohr) < MESH_SPACING (dx 0.695763 Bohr, dy 0.695763 Bohr, dz 0.695763 Bohr) in SCF#16
Waiting to read.......
After reading, there are n 12
Waiting to read.......
After reading, there are n 12
Waiting to read.......
After reading, there are n 12
Socket server requested EXIT; closing SPARC client.
The program took 24.839 s.
