***************************************************************************
*                       SPARC (version January 19, 2026)                 *
*   Copyright (c) 2020 Material Physics & Mechanics Group, Georgia Tech   *
*           Distributed under GNU General Public License 3 (GPL)          *
*                   Start time: Mon Sep 28 16:40:29 2026                  *
***************************************************************************
                           Input parameters                                
***************************************************************************
CELL: 7.653391 7.653391 7.653391 
LATVEC:
1.000000000000000 0.000000000000000 0.000000000000000 
0.000000000000000 1.000000000000000 0.000000000000000 
0.000000000000000 0.000000000000000 1.000000000000000 
FD_GRID: 11 11 11
FD_ORDER: 12
BC: P P P
KPOINT_GRID: 1 1 1
KPOINT_SHIFT: 0.5 0.5 0.5
SPIN_TYP: 0
ELEC_TEMP_TYPE: Fermi-Dirac
SMEARING: 0.001
EXCHANGE_CORRELATION: GGA_PBE
HUBBARD_FLAG: 0
NSTATES: 12
CHEB_DEGREE: 14
CHEFSI_BOUND_FLAG: 0
CALC_STRESS: 1
PLUMED_FLAG: 0
PLUMED_FILE: 
MAXIT_SCF: 100
MINIT_SCF: 2
MAXIT_POISSON: 3000
TOL_SCF: 1.00E-05
POISSON_SOLVER: AAR
TOL_POISSON: 1.00E-07
TOL_LANCZOS: 1.00E-02
TOL_PSEUDOCHARGE: 1.00E-08
MIXING_VARIABLE: density
MIXING_PRECOND: kerker
TOL_PRECOND: 4.84E-04
PRECOND_KERKER_KTF: 1
PRECOND_KERKER_THRESH: 0.1
MIXING_PARAMETER: 0.3
MIXING_HISTORY: 7
PULAY_FREQUENCY: 1
PULAY_RESTART: 0
REFERENCE_CUTOFF: 0.5
RHO_TRIGGER: 4
NUM_CHEFSI: 1
FIX_RAND: 1
VERBOSITY: 1
PRINT_FORCES: 1
PRINT_ATOMS: 1
PRINT_EIGEN: 0
PRINT_DENSITY: 0
PRINT_ENERGY_DENSITY: 0
OUTPUT_FILE: Al
***************************************************************************
                              Socket Mode                                  
***************************************************************************
SOCKET_HOST: localhost
SOCKET_PORT: 32411
SOCKET_INET: 1
SOCKET_MAX_NITER: 10000
***************************************************************************
                                Cell                                       
***************************************************************************
Lattice vectors (Bohr):
7.653391000000000 0.000000000000000 0.000000000000000 
0.000000000000000 7.653391000000000 0.000000000000000 
0.000000000000000 0.000000000000000 7.653391000000000 
Volume: 4.4829273833E+02 (Bohr^3)
Density: 2.4074928004E-01 (amu/Bohr^3), 2.6978058721E+00 (g/cc)
***************************************************************************
                           Parallelization                                 
***************************************************************************
NP_SPIN_PARAL: 1
NP_KPOINT_PARAL: 1
NP_BAND_PARAL: 4
NP_DOMAIN_PARAL: 1 1 1
NP_DOMAIN_PHI_PARAL: 1 1 1
EIG_SERIAL_MAXNS: 1500
***************************************************************************
                             Initialization                                
***************************************************************************
Number of processors               :  4
Mesh spacing                       :  0.695763 (Bohr)
Number of symmetry adapted k-points:  1
Output printed to                  :  Al.out
Total number of atom types         :  1
Total number of atoms              :  4
Total number of electrons          :  12
Atom type 1  (valence electrons)   :  Al 3
Pseudopotential                    :  13_Al_3_1.9_1.9_pbe_n_v1.0.psp8
Atomic mass                        :  26.9815385
Pseudocharge radii of atom type 1  :  9.04 9.04 9.04 (x, y, z dir)
Number of atoms of type 1          :  4
Estimated total memory usage       :  2.20 MB
Estimated memory per processor     :  564.19 kB
***************************************************************************
                         Reinitialized parameters                          
***************************************************************************
CELL: 7.6533908081042 7.6533908081042 7.6533908081042 
CHEB_DEGREE: 14
***************************************************************************
                             Reinitialization                              
***************************************************************************
Mesh spacing                       :  0.695763 (Bohr)
===================================================================
                    Self Consistent Field (SCF#1)                     
===================================================================
Iteration     Free Energy (Ha/atom)   SCF Error        Timing (sec)
1            -2.3351882817E+00        2.256E-01        0.050
2            -2.3348734397E+00        2.098E-01        0.013
3            -2.3333502155E+00        1.358E-01        0.020
4            -2.3335878030E+00        1.829E-01        0.043
5            -2.3325730738E+00        9.700E-02        0.013
6            -2.3324948247E+00        6.012E-02        0.015
7            -2.3326534868E+00        1.071E-01        0.042
8            -2.3324336439E+00        1.433E-02        0.173
9            -2.3324304356E+00        1.502E-02        0.067
10           -2.3324265518E+00        8.102E-03        0.030
11           -2.3324269119E+00        1.057E-02        0.016
12           -2.3324258891E+00        6.397E-03        0.025
13           -2.3324251341E+00        2.076E-03        0.013
14           -2.3324250651E+00        6.816E-04        0.014
15           -2.3324250869E+00        1.135E-03        0.020
16           -2.3324250551E+00        3.645E-04        0.022
17           -2.3324250889E+00        2.519E-04        0.031
18           -2.3324250814E+00        2.953E-04        0.015
19           -2.3324250956E+00        4.206E-04        0.032
20           -2.3324250770E+00        2.697E-04        0.024
21           -2.3324250849E+00        6.930E-05        0.014
22           -2.3324250761E+00        1.309E-04        0.010
23           -2.3324250627E+00        4.646E-05        0.020
24           -2.3324250827E+00        3.570E-05        0.024
25           -2.3324250712E+00        1.633E-05        0.015
26           -2.3324250707E+00        1.411E-05        0.026
27           -2.3324250671E+00        1.015E-05        0.067
28           -2.3324250615E+00        6.670E-06        0.066
Total number of SCF: 28    
====================================================================
                    Energy and force calculation                    
====================================================================
Free energy per atom               : -2.3324250615E+00 (Ha/atom)
Total free energy                  : -9.3297002461E+00 (Ha)
Band structure energy              :  2.7735477633E-01 (Ha)
Exchange correlation energy        : -4.3431918999E+00 (Ha)
Self and correction energy         : -1.2497908030E+01 (Ha)
-Entropy*kb*T                      : -6.4573351628E-03 (Ha)
Fermi level                        :  2.5594873768E-02 (Ha)
RMS force                          :  2.0129119998E-06 (Ha/Bohr)
Maximum force                      :  2.0618345241E-06 (Ha/Bohr)
Time for force calculation         :  0.071 (sec)
Pressure                           : -9.8648706838E+00 (GPa)
Maximum stress                     :  9.8648748822E+00 (GPa)
Time for stress calculation        :  0.117 (sec)
***************************************************************************
                         Reinitialized parameters                          
***************************************************************************
CELL: 7.6533908081042 7.6533908081042 7.6533908081042 
CHEB_DEGREE: 14
***************************************************************************
                             Reinitialization                              
***************************************************************************
Mesh spacing                       :  0.695763 (Bohr)
===================================================================
                    Self Consistent Field (SCF#2)                     
===================================================================
Iteration     Free Energy (Ha/atom)   SCF Error        Timing (sec)
1            -2.3445328507E+00        3.406E-01        0.027
2            -2.3393606131E+00        3.370E-01        0.017
3            -2.3356811854E+00        2.793E-01        0.019
4            -2.3348269007E+00        2.288E-01        0.048
5            -2.3340671190E+00        1.189E-01        0.063
6            -2.3339066238E+00        9.912E-02        0.050
7            -2.3337463408E+00        3.606E-02        0.129
8            -2.3337422917E+00        3.460E-02        0.105
9            -2.3337407067E+00        3.385E-02        0.159
10           -2.3337289186E+00        2.460E-02        0.077
11           -2.3337224972E+00        1.805E-02        0.016
12           -2.3337192432E+00        1.235E-02        0.022
13           -2.3337181814E+00        9.203E-03        0.031
14           -2.3337169895E+00        5.548E-03        0.211
15           -2.3337165689E+00        1.909E-03        0.214
16           -2.3337165489E+00        1.815E-03        0.037
17           -2.3337166306E+00        3.058E-03        0.061
18           -2.3337164969E+00        1.052E-03        0.030
19           -2.3337164749E+00        4.911E-04        0.110
20           -2.3337164564E+00        2.469E-04        0.117
21           -2.3337164711E+00        2.768E-04        0.053
22           -2.3337164626E+00        1.512E-04        0.061
23           -2.3337164601E+00        1.875E-04        0.041
24           -2.3337164535E+00        1.103E-04        0.036
25           -2.3337164638E+00        5.641E-05        0.023
26           -2.3337164566E+00        3.529E-05        0.040
27           -2.3337164798E+00        7.829E-05        0.113
28           -2.3337164658E+00        1.340E-05        0.060
29           -2.3337164787E+00        7.098E-06        0.055
Total number of SCF: 29    
====================================================================
                    Energy and force calculation                    
====================================================================
Free energy per atom               : -2.3337164787E+00 (Ha/atom)
Total free energy                  : -9.3348659148E+00 (Ha)
Band structure energy              :  2.7329738258E-01 (Ha)
Exchange correlation energy        : -4.3446000177E+00 (Ha)
Self and correction energy         : -1.2497923106E+01 (Ha)
-Entropy*kb*T                      : -6.0927298421E-03 (Ha)
Fermi level                        :  2.5858529510E-02 (Ha)
RMS force                          :  9.0796231260E-03 (Ha/Bohr)
Maximum force                      :  9.8869773738E-03 (Ha/Bohr)
Time for force calculation         :  0.082 (sec)
Pressure                           : -1.0889975513E+01 (GPa)
Maximum stress                     :  1.1123879164E+01 (GPa)
Time for stress calculation        :  0.108 (sec)
***************************************************************************
                         Reinitialized parameters                          
***************************************************************************
CELL: 7.6533908081042 7.6533908081042 7.6533908081042 
CHEB_DEGREE: 14
***************************************************************************
                             Reinitialization                              
***************************************************************************
Mesh spacing                       :  0.695763 (Bohr)
===================================================================
                    Self Consistent Field (SCF#3)                     
===================================================================
Iteration     Free Energy (Ha/atom)   SCF Error        Timing (sec)
1            -2.3480402153E+00        3.839E-01        0.015
2            -2.3398551662E+00        3.756E-01        0.018
3            -2.3345769907E+00        2.650E-01        0.024
4            -2.3334893145E+00        2.159E-01        0.016
5            -2.3324872226E+00        1.028E-01        0.021
6            -2.3325868960E+00        1.309E-01        0.015
7            -2.3322746642E+00        3.799E-02        0.018
8            -2.3322789322E+00        4.351E-02        0.019
9            -2.3322522038E+00        2.545E-02        0.028
10           -2.3322457443E+00        1.888E-02        0.024
11           -2.3322423983E+00        1.450E-02        0.019
12           -2.3322392741E+00        6.387E-03        0.015
13           -2.3322391064E+00        6.844E-03        0.014
14           -2.3322387223E+00        4.781E-03        0.019
15           -2.3322385777E+00        4.134E-03        0.066
16           -2.3322385247E+00        4.035E-03        0.055
17           -2.3322382799E+00        1.140E-03        0.084
18           -2.3322382780E+00        1.047E-03        0.045
19           -2.3322382480E+00        2.811E-04        0.014
20           -2.3322382427E+00        2.541E-04        0.008
21           -2.3322382432E+00        2.267E-04        0.011
22           -2.3322382451E+00        2.217E-04        0.015
23           -2.3322382458E+00        1.185E-04        0.012
24           -2.3322382283E+00        1.724E-04        0.016
25           -2.3322382587E+00        8.428E-05        0.027
26           -2.3322382641E+00        5.166E-05        0.022
27           -2.3322382447E+00        4.768E-05        0.026
28           -2.3322382396E+00        2.371E-05        0.018
29           -2.3322382399E+00        2.758E-05        0.032
30           -2.3322382415E+00        1.570E-05        0.020
31           -2.3322382563E+00        9.331E-06        0.010
Total number of SCF: 31    
====================================================================
                    Energy and force calculation                    
====================================================================
Free energy per atom               : -2.3322382563E+00 (Ha/atom)
Total free energy                  : -9.3289530251E+00 (Ha)
Band structure energy              :  2.8181651859E-01 (Ha)
Exchange correlation energy        : -4.3485301569E+00 (Ha)
Self and correction energy         : -1.2497949096E+01 (Ha)
-Entropy*kb*T                      : -6.0657213792E-03 (Ha)
Fermi level                        :  2.6653002739E-02 (Ha)
RMS force                          :  1.2543301480E-02 (Ha/Bohr)
Maximum force                      :  1.4967527150E-02 (Ha/Bohr)
Time for force calculation         :  0.084 (sec)
Pressure                           : -9.5007045885E+00 (GPa)
Maximum stress                     :  9.6716520500E+00 (GPa)
Time for stress calculation        :  0.109 (sec)
***************************************************************************
                               Timing info                                 
***************************************************************************
Total walltime                     :  5.650 sec
___________________________________________________________________________

***************************************************************************
*             Material Physics & Mechanics Group, Georgia Tech            *
*                       PI: Phanish Suryanarayana                         *
*               List of contributors: See the documentation               *
*         Citation: See README.md or the documentation for details        *
*  Acknowledgements: U.S. DOE SC (DE-SC0019410), U.S. DOE NNSA (ASC)      *
*      {Preliminary developments: U.S. NSF (1333500,1663244,1553212)}     *
***************************************************************************
                                                                           
